EAL argv: monitoring_app -a 00:00.0 -l 1-2 
  inbound SAs per port: 8 (consecutive SPIs)
monitoring_app configuration:
  monitor_devices : 03:00.0,dv_flow_en=2, 03:00.1,dv_flow_en=2
  host_reps       : pf0hpf,dv_flow_en=2, pf1hpf,dv_flow_en=2
[17:43:13:680580][3634316640][DOCA][INF][doca_log.cpp:628] DOCA version 3.1.0105
EAL: Detected CPU lcores: 16
EAL: Detected NUMA nodes: 1
EAL: Detected shared linkage of DPDK
EAL: Multi-process socket /var/run/dpdk/rte/mp_socket
EAL: Selected IOVA mode 'VA'
TELEMETRY: No legacy callbacks, legacy socket not created
  tunnel_udp_port : 4789
  enable_host     : yes
  monitor_dest    : none
  enable_counters : yes
  enable_ipsec_encap : no
  ipsec_decap entries: 2
    [0] spi=0x00002001 salt=0x22334455 iv=0x1234567890abcdef
          src_mac=58:a2:e1:53:19:e6 dst_mac=58:a2:e1:53:19:d6
    [1] spi=0x00002002 salt=0x66778899 iv=0xfedcba0987654321
          src_mac=58:a2:e1:53:19:e7 dst_mac=58:a2:e1:53:19:d7
[17:43:13:720989][3634316640][DOCA][INF][device_manager.cpp:100][add_device] Probing monitor DOCA device with PCI address: 03:00.0
[17:43:13:841285][3634316640][DOCA][INF][device_manager.cpp:100][add_device] Probing monitor DOCA device with PCI address: 03:00.1
[17:43:14:003571][3634316640][DOCA][INF][monitoring_dpdk.cpp:38][monitoring_dpdk_log_devices] DPDK detected 2 available Ethernet ports
[17:43:14:003604][3634316640][DOCA][INF][monitoring_dpdk.cpp:52][monitoring_dpdk_log_devices]   port 0 (0000:03:00.0): driver=mlx5_pci mac=58:A2:E1:53:19:E6
[17:43:14:003609][3634316640][DOCA][INF][monitoring_dpdk.cpp:52][monitoring_dpdk_log_devices]   port 1 (0000:03:00.1): driver=mlx5_pci mac=58:A2:E1:53:19:E7
[17:43:14:003620][3634316640][DOCA][INF][monitoring_dpdk.cpp:251][MonitoringDpdk] DPDK initialized (ports=2, queues=1)
[17:43:14:003647][3634316640][DOCA][INF][monitoring_doca.cpp:191][MonitoringDoca] DOCA init: monitor_port=0,1 host_port=2,3

EAL: Probe PCI driver: mlx5_pci (15b3:a2dc) device: 0000:03:00.0 (socket -1)
EAL: Probe PCI driver: mlx5_pci (15b3:a2dc) device: 0000:03:00.1 (socket -1)
[17:43:14:003678][3634316640][DOCA][WRN][engine_model.c:88] adapting queue depth to 128.
[17:43:14:005468][3634316640][DOCA][INF][monitoring_doca.cpp:494][initialize_flow] DOCA flow initialized (queues=1)
[17:43:14:421652][3634316640][DOCA][INF][monitoring_doca.cpp:520][start_port] DOCA port started (port=0)
[17:43:14:840000][3634316640][DOCA][INF][monitoring_doca.cpp:520][start_port] DOCA port started (port=1)
[17:43:14:840714][3634316640][DOCA][INF][monitoring_doca.cpp:544][start_port_rep] DOCA port started (port=2)
[17:43:14:841313][3634316640][DOCA][INF][monitoring_doca.cpp:544][start_port_rep] DOCA port started (port=3)
[17:43:14:843308][3634316640][DOCA][INF][monitoring_doca.cpp:834][setup_ipsec_sa_decap] IPsec decap SA configured (id=5, port_pair=0)
[17:43:14:843440][3634316640][DOCA][INF][monitoring_doca.cpp:834][setup_ipsec_sa_decap] IPsec decap SA configured (id=6, port_pair=0)
[17:43:14:843582][3634316640][DOCA][INF][monitoring_doca.cpp:834][setup_ipsec_sa_decap] IPsec decap SA configured (id=7, port_pair=0)
[17:43:14:843698][3634316640][DOCA][INF][monitoring_doca.cpp:834][setup_ipsec_sa_decap] IPsec decap SA configured (id=8, port_pair=0)
[17:43:14:843808][3634316640][DOCA][INF][monitoring_doca.cpp:834][setup_ipsec_sa_decap] IPsec decap SA configured (id=9, port_pair=0)
[17:43:14:843917][3634316640][DOCA][INF][monitoring_doca.cpp:834][setup_ipsec_sa_decap] IPsec decap SA configured (id=10, port_pair=0)
[17:43:14:844024][3634316640][DOCA][INF][monitoring_doca.cpp:834][setup_ipsec_sa_decap] IPsec decap SA configured (id=11, port_pair=0)
[17:43:14:844133][3634316640][DOCA][INF][monitoring_doca.cpp:834][setup_ipsec_sa_decap] IPsec decap SA configured (id=12, port_pair=0)
[17:43:14:851624][3634316640][DOCA][INF][monitoring_doca.cpp:887][create_drop_pipe] pipeline drop pipe created
[17:43:14:858764][3634316640][DOCA][INF][monitoring_doca.cpp:944][create_to_host_pipe] pipeline to_host pipe created
[17:43:14:868652][3634316640][DOCA][INF][monitoring_doca.cpp:1135][create_host_decap_pipe] authenticated ESP to DPDK: port=1 worker pipes=1
[17:43:14:872259][3634316640][DOCA][INF][monitoring_doca.cpp:1043][create_host_decrypt_pipe] decrypt SPI base=0x00002001 flows=8 RSS queues=1
[17:43:14:894989][3634316640][DOCA][INF][monitoring_doca.cpp:570][create_control_pipe] pipeline control pipe created
[17:43:14:896653][3634316640][DOCA][INF][monitoring_doca.cpp:1202][install_default_drop] pipeline default drop entry installed
[17:43:14:899796][3634316640][DOCA][INF][monitoring_doca.cpp:1240][add_arp_rules] ARP passthrough uplink=0 host=2
[17:43:14:901395][3634316640][DOCA][INF][monitoring_doca.cpp:1286][add_monitor_rule] pipeline monitor rule installed (ESP protocol)
[17:43:14:903436][3634316640][DOCA][INF][monitoring_doca.cpp:834][setup_ipsec_sa_decap] IPsec decap SA configured (id=13, port_pair=1)
[17:43:14:903555][3634316640][DOCA][INF][monitoring_doca.cpp:834][setup_ipsec_sa_decap] IPsec decap SA configured (id=14, port_pair=1)
[17:43:14:903662][3634316640][DOCA][INF][monitoring_doca.cpp:834][setup_ipsec_sa_decap] IPsec decap SA configured (id=15, port_pair=1)
[17:43:14:903770][3634316640][DOCA][INF][monitoring_doca.cpp:834][setup_ipsec_sa_decap] IPsec decap SA configured (id=16, port_pair=1)
[17:43:14:903878][3634316640][DOCA][INF][monitoring_doca.cpp:834][setup_ipsec_sa_decap] IPsec decap SA configured (id=17, port_pair=1)
[17:43:14:903986][3634316640][DOCA][INF][monitoring_doca.cpp:834][setup_ipsec_sa_decap] IPsec decap SA configured (id=18, port_pair=1)
[17:43:14:904094][3634316640][DOCA][INF][monitoring_doca.cpp:834][setup_ipsec_sa_decap] IPsec decap SA configured (id=19, port_pair=1)
[17:43:14:904200][3634316640][DOCA][INF][monitoring_doca.cpp:834][setup_ipsec_sa_decap] IPsec decap SA configured (id=20, port_pair=1)
[17:43:14:911699][3634316640][DOCA][INF][monitoring_doca.cpp:887][create_drop_pipe] pipeline drop pipe created
[17:43:14:918773][3634316640][DOCA][INF][monitoring_doca.cpp:944][create_to_host_pipe] pipeline to_host pipe created
[17:43:14:928744][3634316640][DOCA][INF][monitoring_doca.cpp:1135][create_host_decap_pipe] authenticated ESP to DPDK: port=2 worker pipes=1
[17:43:14:932335][3634316640][DOCA][INF][monitoring_doca.cpp:1043][create_host_decrypt_pipe] decrypt SPI base=0x00002002 flows=8 RSS queues=1
[17:43:14:955840][3634316640][DOCA][INF][monitoring_doca.cpp:570][create_control_pipe] pipeline control pipe created
[17:43:14:957518][3634316640][DOCA][INF][monitoring_doca.cpp:1202][install_default_drop] pipeline default drop entry installed
[17:43:14:960638][3634316640][DOCA][INF][monitoring_doca.cpp:1240][add_arp_rules] ARP passthrough uplink=1 host=3
[17:43:14:962226][3634316640][DOCA][INF][monitoring_doca.cpp:1286][add_monitor_rule] pipeline monitor rule installed (ESP protocol)
[17:43:14:971447][3634316640][DOCA][INF][monitoring_doca.cpp:1175][create_software_egress_pipe] software egress root monitor=0 host=2 switch=0xb6e02ac4ae60
[17:43:14:980782][3634316640][DOCA][INF][monitoring_doca.cpp:1175][create_software_egress_pipe] software egress root monitor=1 host=3 switch=0xb6e02b673cd0
[17:43:14:980813][3634316640][DOCA][INF][monitoring_doca.cpp:1494][build_pipeline] pipeline build complete (ports=2, queues=1, host_branch=on, monitor_dest_type=1)
[17:43:14:980874][3634316640][DOCA][INF][monitoring_dpdk.cpp:321][start_workers] launched 1 DPDK workers
[17:43:14:980884][3634316640][DOCA][INF][monitoring_main.cpp:156][main] monitoring_app initialized

=== monitoring snapshot ===
Worker statistics:
  lcore=2 queue=0 rate=0.00 pkt/s 0.00 MB/s

Port 0 statistics:
  RX rate: 0.00 pkt/s 0.00 MB/s (missed=0 errors=0 no_mbuf=0)
  RX queue  0: rate=0.00 pkt/s 0.00 MB/s (errors=0)

Port 1 statistics:
  RX rate: 0.00 pkt/s 0.00 MB/s (missed=0 errors=0 no_mbuf=0)
  RX queue  0: rate=0.00 pkt/s 0.00 MB/s (errors=0)
DOCA software EGRESS host=2 packets=0 bytes=0
DOCA software EGRESS host=3 packets=0 bytes=0
DOCA ARP port=0 to_host=0 to_uplink=0
DOCA ARP port=1 to_host=0 to_uplink=0
DOCA To-Host pipe: 0.00 pkt/s 0.00 MB/s
DOCA To-Host pipe: 0.00 pkt/s 0.00 MB/s
DOCA Host decrypt pipe: 0.00 pkt/s 0.00 MB/s
DOCA Host decrypt pipe: 0.00 pkt/s 0.00 MB/s
DOCA Host decrypt pipe: 0.00 pkt/s 0.00 MB/s
DOCA Host decrypt pipe: 0.00 pkt/s 0.00 MB/s
DOCA Host decrypt pipe: 0.00 pkt/s 0.00 MB/s
DOCA Host decrypt pipe: 0.00 pkt/s 0.00 MB/s
DOCA Host decrypt pipe: 0.00 pkt/s 0.00 MB/s
DOCA Host decrypt pipe: 0.00 pkt/s 0.00 MB/s
DOCA Host decrypt pipe: 0.00 pkt/s 0.00 MB/s
DOCA Host decrypt pipe: 0.00 pkt/s 0.00 MB/s
DOCA Host decrypt pipe: 0.00 pkt/s 0.00 MB/s
DOCA Host decrypt pipe: 0.00 pkt/s 0.00 MB/s
DOCA Host decrypt pipe: 0.00 pkt/s 0.00 MB/s
DOCA Host decrypt pipe: 0.00 pkt/s 0.00 MB/s
DOCA Host decrypt pipe: 0.00 pkt/s 0.00 MB/s
DOCA Host decrypt pipe: 0.00 pkt/s 0.00 MB/s
DOCA Authenticated ESP RSS pipe: 0.00 pkt/s 0.00 MB/s
DOCA Authenticated ESP RSS pipe: 0.00 pkt/s 0.00 MB/s
DOCA Drop pipe: 0.00 pkt/s 0.00 MB/s
DOCA Drop pipe: 0.00 pkt/s 0.00 MB/s

=== monitoring snapshot ===
Worker statistics:
  lcore=2 queue=0 rate=0.00 pkt/s 0.00 MB/s

Port 0 statistics:
  RX rate: 0.00 pkt/s 0.00 MB/s (missed=0 errors=0 no_mbuf=0)
  RX queue  0: rate=0.00 pkt/s 0.00 MB/s (errors=0)

Port 1 statistics:
  RX rate: 0.00 pkt/s 0.00 MB/s (missed=0 errors=0 no_mbuf=0)
  RX queue  0: rate=0.00 pkt/s 0.00 MB/s (errors=0)
DOCA software EGRESS host=2 packets=0 bytes=0
DOCA software EGRESS host=3 packets=0 bytes=0
DOCA ARP port=0 to_host=0 to_uplink=0
DOCA ARP port=1 to_host=0 to_uplink=0
DOCA To-Host pipe: 0.00 pkt/s 0.00 MB/s
DOCA To-Host pipe: 0.00 pkt/s 0.00 MB/s
DOCA Host decrypt pipe: 0.00 pkt/s 0.00 MB/s
DOCA Host decrypt pipe: 0.00 pkt/s 0.00 MB/s
DOCA Host decrypt pipe: 0.00 pkt/s 0.00 MB/s
DOCA Host decrypt pipe: 0.00 pkt/s 0.00 MB/s
DOCA Host decrypt pipe: 0.00 pkt/s 0.00 MB/s
DOCA Host decrypt pipe: 0.00 pkt/s 0.00 MB/s
DOCA Host decrypt pipe: 0.00 pkt/s 0.00 MB/s
DOCA Host decrypt pipe: 0.00 pkt/s 0.00 MB/s
DOCA Host decrypt pipe: 0.00 pkt/s 0.00 MB/s
DOCA Host decrypt pipe: 0.00 pkt/s 0.00 MB/s
DOCA Host decrypt pipe: 0.00 pkt/s 0.00 MB/s
DOCA Host decrypt pipe: 0.00 pkt/s 0.00 MB/s
DOCA Host decrypt pipe: 0.00 pkt/s 0.00 MB/s
DOCA Host decrypt pipe: 0.00 pkt/s 0.00 MB/s
DOCA Host decrypt pipe: 0.00 pkt/s 0.00 MB/s
DOCA Host decrypt pipe: 0.00 pkt/s 0.00 MB/s
DOCA Authenticated ESP RSS pipe: 0.00 pkt/s 0.00 MB/s
DOCA Authenticated ESP RSS pipe: 0.00 pkt/s 0.00 MB/s
DOCA Drop pipe: 0.00 pkt/s 0.00 MB/s
DOCA Drop pipe: 0.00 pkt/s 0.00 MB/s

=== monitoring snapshot ===
Worker statistics:
  lcore=2 queue=0 rate=0.00 pkt/s 0.00 MB/s

Port 0 statistics:
  RX rate: 0.00 pkt/s 0.00 MB/s (missed=0 errors=0 no_mbuf=0)
  RX queue  0: rate=0.00 pkt/s 0.00 MB/s (errors=0)

Port 1 statistics:
  RX rate: 0.00 pkt/s 0.00 MB/s (missed=0 errors=0 no_mbuf=0)
  RX queue  0: rate=0.00 pkt/s 0.00 MB/s (errors=0)
DOCA software EGRESS host=2 packets=0 bytes=0
DOCA software EGRESS host=3 packets=0 bytes=0
DOCA ARP port=0 to_host=0 to_uplink=0
DOCA ARP port=1 to_host=0 to_uplink=0
DOCA To-Host pipe: 0.00 pkt/s 0.00 MB/s
DOCA To-Host pipe: 0.00 pkt/s 0.00 MB/s
DOCA Host decrypt pipe: 0.00 pkt/s 0.00 MB/s
DOCA Host decrypt pipe: 0.00 pkt/s 0.00 MB/s
DOCA Host decrypt pipe: 0.00 pkt/s 0.00 MB/s
DOCA Host decrypt pipe: 0.00 pkt/s 0.00 MB/s
DOCA Host decrypt pipe: 0.00 pkt/s 0.00 MB/s
DOCA Host decrypt pipe: 0.00 pkt/s 0.00 MB/s
DOCA Host decrypt pipe: 0.00 pkt/s 0.00 MB/s
DOCA Host decrypt pipe: 0.00 pkt/s 0.00 MB/s
DOCA Host decrypt pipe: 0.00 pkt/s 0.00 MB/s
DOCA Host decrypt pipe: 0.00 pkt/s 0.00 MB/s
DOCA Host decrypt pipe: 0.00 pkt/s 0.00 MB/s
DOCA Host decrypt pipe: 0.00 pkt/s 0.00 MB/s
DOCA Host decrypt pipe: 0.00 pkt/s 0.00 MB/s
DOCA Host decrypt pipe: 0.00 pkt/s 0.00 MB/s
DOCA Host decrypt pipe: 0.00 pkt/s 0.00 MB/s
DOCA Host decrypt pipe: 0.00 pkt/s 0.00 MB/s
DOCA Authenticated ESP RSS pipe: 0.00 pkt/s 0.00 MB/s
DOCA Authenticated ESP RSS pipe: 0.00 pkt/s 0.00 MB/s
DOCA Drop pipe: 0.00 pkt/s 0.00 MB/s
DOCA Drop pipe: 0.00 pkt/s 0.00 MB/s

=== monitoring snapshot ===
Worker statistics:
  lcore=2 queue=0 rate=0.00 pkt/s 0.00 MB/s

Port 0 statistics:
  RX rate: 0.00 pkt/s 0.00 MB/s (missed=0 errors=0 no_mbuf=0)
  RX queue  0: rate=0.00 pkt/s 0.00 MB/s (errors=0)

Port 1 statistics:
  RX rate: 0.00 pkt/s 0.00 MB/s (missed=0 errors=0 no_mbuf=0)
  RX queue  0: rate=0.00 pkt/s 0.00 MB/s (errors=0)
DOCA software EGRESS host=2 packets=0 bytes=0
DOCA software EGRESS host=3 packets=0 bytes=0
DOCA ARP port=0 to_host=0 to_uplink=0
DOCA ARP port=1 to_host=0 to_uplink=0
DOCA To-Host pipe: 0.00 pkt/s 0.00 MB/s
DOCA To-Host pipe: 0.00 pkt/s 0.00 MB/s
DOCA Host decrypt pipe: 0.00 pkt/s 0.00 MB/s
DOCA Host decrypt pipe: 0.00 pkt/s 0.00 MB/s
DOCA Host decrypt pipe: 0.00 pkt/s 0.00 MB/s
DOCA Host decrypt pipe: 0.00 pkt/s 0.00 MB/s
DOCA Host decrypt pipe: 0.00 pkt/s 0.00 MB/s
DOCA Host decrypt pipe: 0.00 pkt/s 0.00 MB/s
DOCA Host decrypt pipe: 0.00 pkt/s 0.00 MB/s
DOCA Host decrypt pipe: 0.00 pkt/s 0.00 MB/s
DOCA Host decrypt pipe: 0.00 pkt/s 0.00 MB/s
DOCA Host decrypt pipe: 0.00 pkt/s 0.00 MB/s
DOCA Host decrypt pipe: 0.00 pkt/s 0.00 MB/s
DOCA Host decrypt pipe: 0.00 pkt/s 0.00 MB/s
DOCA Host decrypt pipe: 0.00 pkt/s 0.00 MB/s
DOCA Host decrypt pipe: 0.00 pkt/s 0.00 MB/s
DOCA Host decrypt pipe: 0.00 pkt/s 0.00 MB/s
DOCA Host decrypt pipe: 0.00 pkt/s 0.00 MB/s
DOCA Authenticated ESP RSS pipe: 0.00 pkt/s 0.00 MB/s
DOCA Authenticated ESP RSS pipe: 0.00 pkt/s 0.00 MB/s
DOCA Drop pipe: 0.00 pkt/s 0.00 MB/s
DOCA Drop pipe: 0.00 pkt/s 0.00 MB/s

=== monitoring snapshot ===
Worker statistics:
  lcore=2 queue=0 rate=1488513.02 pkt/s 2143.53 MB/s

Port 0 statistics:
  RX rate: 752768.54 pkt/s 1075.75 MB/s (missed=33188 errors=0 no_mbuf=0)
  RX queue  0: rate=752768.54 pkt/s 1075.75 MB/s (errors=0)

Port 1 statistics:
  RX rate: 736552.91 pkt/s 1053.00 MB/s (missed=33265 errors=0 no_mbuf=0)
  RX queue  0: rate=736552.91 pkt/s 1053.00 MB/s (errors=0)
DOCA software EGRESS host=2 packets=0 bytes=0
DOCA software EGRESS host=3 packets=0 bytes=0
DOCA ARP port=0 to_host=0 to_uplink=0
DOCA ARP port=1 to_host=0 to_uplink=0
DOCA To-Host pipe: 0.00 pkt/s 0.00 MB/s
DOCA To-Host pipe: 0.00 pkt/s 0.00 MB/s
DOCA Host decrypt pipe: 0.00 pkt/s 0.00 MB/s
DOCA Host decrypt pipe: 0.00 pkt/s 0.00 MB/s
DOCA Host decrypt pipe: 0.00 pkt/s 0.00 MB/s
DOCA Host decrypt pipe: 0.00 pkt/s 0.00 MB/s
DOCA Host decrypt pipe: 0.00 pkt/s 0.00 MB/s
DOCA Host decrypt pipe: 0.00 pkt/s 0.00 MB/s
DOCA Host decrypt pipe: 0.00 pkt/s 0.00 MB/s
DOCA Host decrypt pipe: 0.00 pkt/s 0.00 MB/s
DOCA Host decrypt pipe: 0.00 pkt/s 0.00 MB/s
DOCA Host decrypt pipe: 0.00 pkt/s 0.00 MB/s
DOCA Host decrypt pipe: 0.00 pkt/s 0.00 MB/s
DOCA Host decrypt pipe: 0.00 pkt/s 0.00 MB/s
DOCA Host decrypt pipe: 0.00 pkt/s 0.00 MB/s
DOCA Host decrypt pipe: 0.00 pkt/s 0.00 MB/s
DOCA Host decrypt pipe: 0.00 pkt/s 0.00 MB/s
DOCA Host decrypt pipe: 0.00 pkt/s 0.00 MB/s
DOCA Authenticated ESP RSS pipe: 0.00 pkt/s 0.00 MB/s
DOCA Authenticated ESP RSS pipe: 0.00 pkt/s 0.00 MB/s
DOCA Drop pipe: 0.00 pkt/s 0.00 MB/s
DOCA Drop pipe: 0.00 pkt/s 0.00 MB/s

=== monitoring snapshot ===
Worker statistics:
  lcore=2 queue=0 rate=6679872.01 pkt/s 9619.34 MB/s

Port 0 statistics:
  RX rate: 3339831.61 pkt/s 4804.76 MB/s (missed=47671 errors=0 no_mbuf=0)
  RX queue  0: rate=3339831.61 pkt/s 4804.76 MB/s (errors=0)

Port 1 statistics:
  RX rate: 3340054.99 pkt/s 4804.11 MB/s (missed=48052 errors=0 no_mbuf=0)
  RX queue  0: rate=3340054.99 pkt/s 4804.11 MB/s (errors=0)
DOCA software EGRESS host=2 packets=1218748 bytes=1774497088
DOCA software EGRESS host=3 packets=2588727 bytes=3769186512
DOCA ARP port=0 to_host=0 to_uplink=0
DOCA ARP port=1 to_host=0 to_uplink=0
DOCA To-Host pipe: 0.00 pkt/s 0.00 MB/s
DOCA To-Host pipe: 0.00 pkt/s 0.00 MB/s
DOCA Host decrypt pipe: 153204.85 pkt/s 220.62 MB/s
DOCA Host decrypt pipe: 153204.85 pkt/s 220.62 MB/s
DOCA Host decrypt pipe: 163311.89 pkt/s 235.18 MB/s
DOCA Host decrypt pipe: 163695.70 pkt/s 235.73 MB/s
DOCA Host decrypt pipe: 164207.45 pkt/s 236.47 MB/s
DOCA Host decrypt pipe: 163247.92 pkt/s 235.08 MB/s
DOCA Host decrypt pipe: 149622.61 pkt/s 215.46 MB/s
DOCA Host decrypt pipe: 149686.58 pkt/s 215.56 MB/s
DOCA Host decrypt pipe: 327391.41 pkt/s 471.46 MB/s
DOCA Host decrypt pipe: 337562.42 pkt/s 486.11 MB/s
DOCA Host decrypt pipe: 337562.42 pkt/s 486.11 MB/s
DOCA Host decrypt pipe: 338138.14 pkt/s 486.94 MB/s
DOCA Host decrypt pipe: 325088.54 pkt/s 468.14 MB/s
DOCA Host decrypt pipe: 324320.92 pkt/s 467.04 MB/s
DOCA Host decrypt pipe: 322657.73 pkt/s 464.64 MB/s
DOCA Host decrypt pipe: 323041.54 pkt/s 465.20 MB/s
DOCA Authenticated ESP RSS pipe: 1260181.86 pkt/s 1814.72 MB/s
DOCA Authenticated ESP RSS pipe: 2635763.12 pkt/s 3795.63 MB/s
DOCA Drop pipe: 0.00 pkt/s 0.00 MB/s
DOCA Drop pipe: 0.00 pkt/s 0.00 MB/s

=== monitoring snapshot ===
Worker statistics:
  lcore=2 queue=0 rate=6700909.61 pkt/s 9649.63 MB/s

Port 0 statistics:
  RX rate: 3350029.18 pkt/s 4824.20 MB/s (missed=47671 errors=0 no_mbuf=0)
  RX queue  0: rate=3350029.18 pkt/s 4824.20 MB/s (errors=0)

Port 1 statistics:
  RX rate: 3350920.98 pkt/s 4825.43 MB/s (missed=48052 errors=0 no_mbuf=0)
  RX queue  0: rate=3350920.98 pkt/s 4825.43 MB/s (errors=0)
DOCA software EGRESS host=2 packets=4563187 bytes=6644000272
DOCA software EGRESS host=3 packets=5939760 bytes=8648290560
DOCA ARP port=0 to_host=0 to_uplink=0
DOCA ARP port=1 to_host=0 to_uplink=0
DOCA To-Host pipe: 0.00 pkt/s 0.00 MB/s
DOCA To-Host pipe: 0.00 pkt/s 0.00 MB/s
DOCA Host decrypt pipe: 418545.87 pkt/s 602.73 MB/s
DOCA Host decrypt pipe: 418865.71 pkt/s 603.19 MB/s
DOCA Host decrypt pipe: 418417.93 pkt/s 602.54 MB/s
DOCA Host decrypt pipe: 418929.68 pkt/s 603.28 MB/s
DOCA Host decrypt pipe: 419057.61 pkt/s 603.46 MB/s
DOCA Host decrypt pipe: 417650.31 pkt/s 601.44 MB/s
DOCA Host decrypt pipe: 418609.83 pkt/s 602.82 MB/s
DOCA Host decrypt pipe: 418609.83 pkt/s 602.82 MB/s
DOCA Host decrypt pipe: 419057.61 pkt/s 603.46 MB/s
DOCA Host decrypt pipe: 418929.68 pkt/s 603.28 MB/s
DOCA Host decrypt pipe: 418545.87 pkt/s 602.73 MB/s
DOCA Host decrypt pipe: 418865.71 pkt/s 603.19 MB/s
DOCA Host decrypt pipe: 418737.77 pkt/s 603.00 MB/s
DOCA Host decrypt pipe: 418737.77 pkt/s 603.00 MB/s
DOCA Host decrypt pipe: 417586.34 pkt/s 601.34 MB/s
DOCA Host decrypt pipe: 418992.65 pkt/s 603.37 MB/s
DOCA Authenticated ESP RSS pipe: 3348686.77 pkt/s 4822.27 MB/s
DOCA Authenticated ESP RSS pipe: 3349453.39 pkt/s 4823.37 MB/s
DOCA Drop pipe: 0.00 pkt/s 0.00 MB/s
DOCA Drop pipe: 0.00 pkt/s 0.00 MB/s

=== monitoring snapshot ===
Worker statistics:
  lcore=2 queue=0 rate=6700615.19 pkt/s 9649.21 MB/s

Port 0 statistics:
  RX rate: 3349914.45 pkt/s 4824.03 MB/s (missed=47671 errors=0 no_mbuf=0)
  RX queue  0: rate=3349914.45 pkt/s 4824.03 MB/s (errors=0)

Port 1 statistics:
  RX rate: 3350553.51 pkt/s 4824.92 MB/s (missed=48052 errors=0 no_mbuf=0)
  RX queue  0: rate=3350553.51 pkt/s 4824.92 MB/s (errors=0)
DOCA software EGRESS host=2 packets=7913461 bytes=11521999216
DOCA software EGRESS host=3 packets=9291084 bytes=13527818304
DOCA ARP port=0 to_host=0 to_uplink=0
DOCA ARP port=1 to_host=0 to_uplink=0
DOCA To-Host pipe: 0.00 pkt/s 0.00 MB/s
DOCA To-Host pipe: 0.00 pkt/s 0.00 MB/s
DOCA Host decrypt pipe: 418599.58 pkt/s 602.80 MB/s
DOCA Host decrypt pipe: 418919.41 pkt/s 603.26 MB/s
DOCA Host decrypt pipe: 418471.65 pkt/s 602.62 MB/s
DOCA Host decrypt pipe: 418983.38 pkt/s 603.36 MB/s
DOCA Host decrypt pipe: 418919.41 pkt/s 603.26 MB/s
DOCA Host decrypt pipe: 417640.08 pkt/s 601.42 MB/s
DOCA Host decrypt pipe: 418535.61 pkt/s 602.71 MB/s
DOCA Host decrypt pipe: 418535.61 pkt/s 602.71 MB/s
DOCA Host decrypt pipe: 419047.35 pkt/s 603.45 MB/s
DOCA Host decrypt pipe: 418945.40 pkt/s 603.30 MB/s
DOCA Host decrypt pipe: 418599.58 pkt/s 602.80 MB/s
DOCA Host decrypt pipe: 418855.45 pkt/s 603.17 MB/s
DOCA Host decrypt pipe: 418791.48 pkt/s 603.08 MB/s
DOCA Host decrypt pipe: 418727.51 pkt/s 602.99 MB/s
DOCA Host decrypt pipe: 417576.11 pkt/s 601.33 MB/s
DOCA Host decrypt pipe: 418920.41 pkt/s 603.27 MB/s
DOCA Authenticated ESP RSS pipe: 3348604.74 pkt/s 4822.15 MB/s
DOCA Authenticated ESP RSS pipe: 3349461.30 pkt/s 4823.39 MB/s
DOCA Drop pipe: 0.00 pkt/s 0.00 MB/s
DOCA Drop pipe: 0.00 pkt/s 0.00 MB/s

=== monitoring snapshot ===
Worker statistics:
  lcore=2 queue=0 rate=6695679.04 pkt/s 9642.10 MB/s

Port 0 statistics:
  RX rate: 3347706.32 pkt/s 4820.74 MB/s (missed=48495 errors=0 no_mbuf=0)
  RX queue  0: rate=3347706.32 pkt/s 4820.74 MB/s (errors=0)

Port 1 statistics:
  RX rate: 3348075.02 pkt/s 4821.33 MB/s (missed=48896 errors=0 no_mbuf=0)
  RX queue  0: rate=3348075.02 pkt/s 4821.33 MB/s (errors=0)
DOCA software EGRESS host=2 packets=11264097 bytes=16400525232
DOCA software EGRESS host=3 packets=12640923 bytes=18405183888
DOCA ARP port=0 to_host=0 to_uplink=0
DOCA ARP port=1 to_host=0 to_uplink=0
DOCA To-Host pipe: 0.00 pkt/s 0.00 MB/s
DOCA To-Host pipe: 0.00 pkt/s 0.00 MB/s
DOCA Host decrypt pipe: 418556.37 pkt/s 602.74 MB/s
DOCA Host decrypt pipe: 418876.17 pkt/s 603.20 MB/s
DOCA Host decrypt pipe: 418492.41 pkt/s 602.65 MB/s
DOCA Host decrypt pipe: 418876.17 pkt/s 603.20 MB/s
DOCA Host decrypt pipe: 418876.17 pkt/s 603.20 MB/s
DOCA Host decrypt pipe: 417660.93 pkt/s 601.45 MB/s
DOCA Host decrypt pipe: 418556.37 pkt/s 602.74 MB/s
DOCA Host decrypt pipe: 418492.41 pkt/s 602.65 MB/s
DOCA Host decrypt pipe: 419068.05 pkt/s 603.48 MB/s
DOCA Host decrypt pipe: 418914.15 pkt/s 603.26 MB/s
DOCA Host decrypt pipe: 418236.57 pkt/s 602.28 MB/s
DOCA Host decrypt pipe: 418812.21 pkt/s 603.11 MB/s
DOCA Host decrypt pipe: 418684.29 pkt/s 602.93 MB/s
DOCA Host decrypt pipe: 418684.29 pkt/s 602.93 MB/s
DOCA Host decrypt pipe: 417533.01 pkt/s 601.27 MB/s
DOCA Host decrypt pipe: 418876.17 pkt/s 603.20 MB/s
DOCA Authenticated ESP RSS pipe: 3348387.01 pkt/s 4821.84 MB/s
DOCA Authenticated ESP RSS pipe: 3348810.75 pkt/s 4822.45 MB/s
DOCA Drop pipe: 0.00 pkt/s 0.00 MB/s
DOCA Drop pipe: 0.00 pkt/s 0.00 MB/s

=== monitoring snapshot ===
Worker statistics:
  lcore=2 queue=0 rate=6698613.32 pkt/s 9646.33 MB/s

Port 0 statistics:
  RX rate: 3349004.28 pkt/s 4822.20 MB/s (missed=49706 errors=0 no_mbuf=0)
  RX queue  0: rate=3349004.28 pkt/s 4822.20 MB/s (errors=0)

Port 1 statistics:
  RX rate: 3349487.29 pkt/s 4823.02 MB/s (missed=50053 errors=0 no_mbuf=0)
  RX queue  0: rate=3349487.29 pkt/s 4823.02 MB/s (errors=0)
DOCA software EGRESS host=2 packets=14611723 bytes=21274668688
DOCA software EGRESS host=3 packets=15989161 bytes=23280218416
DOCA ARP port=0 to_host=0 to_uplink=0
DOCA ARP port=1 to_host=0 to_uplink=0
DOCA To-Host pipe: 0.00 pkt/s 0.00 MB/s
DOCA To-Host pipe: 0.00 pkt/s 0.00 MB/s
DOCA Host decrypt pipe: 418271.77 pkt/s 602.33 MB/s
DOCA Host decrypt pipe: 418655.56 pkt/s 602.88 MB/s
DOCA Host decrypt pipe: 418015.91 pkt/s 601.96 MB/s
DOCA Host decrypt pipe: 418783.50 pkt/s 603.07 MB/s
DOCA Host decrypt pipe: 418783.50 pkt/s 603.07 MB/s
DOCA Host decrypt pipe: 417504.18 pkt/s 601.23 MB/s
DOCA Host decrypt pipe: 418399.70 pkt/s 602.52 MB/s
DOCA Host decrypt pipe: 418399.70 pkt/s 602.52 MB/s
DOCA Host decrypt pipe: 418655.56 pkt/s 602.88 MB/s
DOCA Host decrypt pipe: 418719.53 pkt/s 602.98 MB/s
DOCA Host decrypt pipe: 418399.70 pkt/s 602.52 MB/s
DOCA Host decrypt pipe: 418655.56 pkt/s 602.88 MB/s
DOCA Host decrypt pipe: 418527.63 pkt/s 602.70 MB/s
DOCA Host decrypt pipe: 418527.63 pkt/s 602.70 MB/s
DOCA Host decrypt pipe: 417376.25 pkt/s 601.04 MB/s
DOCA Host decrypt pipe: 418719.53 pkt/s 602.98 MB/s
DOCA Authenticated ESP RSS pipe: 3346813.81 pkt/s 4819.57 MB/s
DOCA Authenticated ESP RSS pipe: 3347565.41 pkt/s 4820.66 MB/s
DOCA Drop pipe: 0.00 pkt/s 0.00 MB/s
DOCA Drop pipe: 0.00 pkt/s 0.00 MB/s

=== monitoring snapshot ===
Worker statistics:
  lcore=2 queue=0 rate=6695687.47 pkt/s 9642.11 MB/s

Port 0 statistics:
  RX rate: 3346852.31 pkt/s 4819.44 MB/s (missed=50225 errors=0 no_mbuf=0)
  RX queue  0: rate=3346852.31 pkt/s 4819.44 MB/s (errors=0)

Port 1 statistics:
  RX rate: 3349006.64 pkt/s 4822.24 MB/s (missed=51136 errors=0 no_mbuf=0)
  RX queue  0: rate=3349006.64 pkt/s 4822.24 MB/s (errors=0)
DOCA software EGRESS host=2 packets=17961007 bytes=26151226192
DOCA software EGRESS host=3 packets=19339572 bytes=28158416832
DOCA ARP port=0 to_host=0 to_uplink=0
DOCA ARP port=1 to_host=0 to_uplink=0
DOCA To-Host pipe: 0.00 pkt/s 0.00 MB/s
DOCA To-Host pipe: 0.00 pkt/s 0.00 MB/s
DOCA Host decrypt pipe: 418525.43 pkt/s 602.70 MB/s
DOCA Host decrypt pipe: 418845.26 pkt/s 603.16 MB/s
DOCA Host decrypt pipe: 418525.43 pkt/s 602.70 MB/s
DOCA Host decrypt pipe: 418973.19 pkt/s 603.34 MB/s
DOCA Host decrypt pipe: 419037.15 pkt/s 603.43 MB/s
DOCA Host decrypt pipe: 417693.88 pkt/s 601.50 MB/s
DOCA Host decrypt pipe: 418589.39 pkt/s 602.79 MB/s
DOCA Host decrypt pipe: 418525.43 pkt/s 602.70 MB/s
DOCA Host decrypt pipe: 419101.12 pkt/s 603.53 MB/s
DOCA Host decrypt pipe: 418845.26 pkt/s 603.16 MB/s
DOCA Host decrypt pipe: 418525.43 pkt/s 602.70 MB/s
DOCA Host decrypt pipe: 418845.26 pkt/s 603.16 MB/s
DOCA Host decrypt pipe: 418397.50 pkt/s 602.51 MB/s
DOCA Host decrypt pipe: 418717.33 pkt/s 602.97 MB/s
DOCA Host decrypt pipe: 417565.95 pkt/s 601.32 MB/s
DOCA Host decrypt pipe: 418909.22 pkt/s 603.25 MB/s
DOCA Authenticated ESP RSS pipe: 3348715.16 pkt/s 4822.31 MB/s
DOCA Authenticated ESP RSS pipe: 3348923.04 pkt/s 4822.61 MB/s
DOCA Drop pipe: 0.00 pkt/s 0.00 MB/s
DOCA Drop pipe: 0.00 pkt/s 0.00 MB/s

=== monitoring snapshot ===
Worker statistics:
  lcore=2 queue=0 rate=6700329.96 pkt/s 9648.80 MB/s

Port 0 statistics:
  RX rate: 3349813.02 pkt/s 4823.85 MB/s (missed=50225 errors=0 no_mbuf=0)
  RX queue  0: rate=3349813.02 pkt/s 4823.85 MB/s (errors=0)

Port 1 statistics:
  RX rate: 3350504.80 pkt/s 4824.51 MB/s (missed=51832 errors=0 no_mbuf=0)
  RX queue  0: rate=3350504.80 pkt/s 4824.51 MB/s (errors=0)
DOCA software EGRESS host=2 packets=21307852 bytes=31024232512
DOCA software EGRESS host=3 packets=22689519 bytes=33035939664
DOCA ARP port=0 to_host=0 to_uplink=0
DOCA ARP port=1 to_host=0 to_uplink=0
DOCA To-Host pipe: 0.00 pkt/s 0.00 MB/s
DOCA To-Host pipe: 0.00 pkt/s 0.00 MB/s
DOCA Host decrypt pipe: 418417.17 pkt/s 602.54 MB/s
DOCA Host decrypt pipe: 416114.66 pkt/s 599.23 MB/s
DOCA Host decrypt pipe: 418481.13 pkt/s 602.63 MB/s
DOCA Host decrypt pipe: 418864.88 pkt/s 603.19 MB/s
DOCA Host decrypt pipe: 418992.80 pkt/s 603.37 MB/s
DOCA Host decrypt pipe: 417521.75 pkt/s 601.25 MB/s
DOCA Host decrypt pipe: 418417.17 pkt/s 602.54 MB/s
DOCA Host decrypt pipe: 418417.17 pkt/s 602.54 MB/s
DOCA Host decrypt pipe: 419120.71 pkt/s 603.55 MB/s
DOCA Host decrypt pipe: 418864.88 pkt/s 603.19 MB/s
DOCA Host decrypt pipe: 418609.04 pkt/s 602.82 MB/s
DOCA Host decrypt pipe: 418864.88 pkt/s 603.19 MB/s
DOCA Host decrypt pipe: 418673.00 pkt/s 602.91 MB/s
DOCA Host decrypt pipe: 418673.00 pkt/s 602.91 MB/s
DOCA Host decrypt pipe: 417585.71 pkt/s 601.34 MB/s
DOCA Host decrypt pipe: 418922.84 pkt/s 603.27 MB/s
DOCA Authenticated ESP RSS pipe: 3345226.72 pkt/s 4817.29 MB/s
DOCA Authenticated ESP RSS pipe: 3349312.07 pkt/s 4823.17 MB/s
DOCA Drop pipe: 0.00 pkt/s 0.00 MB/s
DOCA Drop pipe: 0.00 pkt/s 0.00 MB/s

=== monitoring snapshot ===
Worker statistics:
  lcore=2 queue=0 rate=6678134.92 pkt/s 9616.84 MB/s

Port 0 statistics:
  RX rate: 3338763.43 pkt/s 4805.27 MB/s (missed=61750 errors=0 no_mbuf=0)
  RX queue  0: rate=3338763.43 pkt/s 4805.27 MB/s (errors=0)

Port 1 statistics:
  RX rate: 3339375.87 pkt/s 4805.98 MB/s (missed=63306 errors=0 no_mbuf=0)
  RX queue  0: rate=3339375.87 pkt/s 4805.98 MB/s (errors=0)
DOCA software EGRESS host=2 packets=24658517 bytes=35902800752
DOCA software EGRESS host=3 packets=26029255 bytes=37898595280
DOCA ARP port=0 to_host=0 to_uplink=0
DOCA ARP port=1 to_host=0 to_uplink=0
DOCA To-Host pipe: 0.00 pkt/s 0.00 MB/s
DOCA To-Host pipe: 0.00 pkt/s 0.00 MB/s
DOCA Host decrypt pipe: 418655.50 pkt/s 602.88 MB/s
DOCA Host decrypt pipe: 418847.40 pkt/s 603.16 MB/s
DOCA Host decrypt pipe: 418399.64 pkt/s 602.52 MB/s
DOCA Host decrypt pipe: 418911.36 pkt/s 603.25 MB/s
DOCA Host decrypt pipe: 418975.33 pkt/s 603.34 MB/s
DOCA Host decrypt pipe: 417696.01 pkt/s 601.50 MB/s
DOCA Host decrypt pipe: 418527.57 pkt/s 602.70 MB/s
DOCA Host decrypt pipe: 418591.53 pkt/s 602.79 MB/s
DOCA Host decrypt pipe: 419103.26 pkt/s 603.53 MB/s
DOCA Host decrypt pipe: 418885.37 pkt/s 603.22 MB/s
DOCA Host decrypt pipe: 418591.53 pkt/s 602.79 MB/s
DOCA Host decrypt pipe: 418847.40 pkt/s 603.16 MB/s
DOCA Host decrypt pipe: 418719.46 pkt/s 602.98 MB/s
DOCA Host decrypt pipe: 418719.46 pkt/s 602.98 MB/s
DOCA Host decrypt pipe: 417504.12 pkt/s 601.23 MB/s
DOCA Host decrypt pipe: 418853.39 pkt/s 603.17 MB/s
DOCA Authenticated ESP RSS pipe: 3348604.33 pkt/s 4822.15 MB/s
DOCA Authenticated ESP RSS pipe: 3349224.00 pkt/s 4823.04 MB/s
DOCA Drop pipe: 0.00 pkt/s 0.00 MB/s
DOCA Drop pipe: 0.00 pkt/s 0.00 MB/s

=== monitoring snapshot ===
Worker statistics:
  lcore=2 queue=0 rate=6701345.86 pkt/s 9650.26 MB/s

Port 0 statistics:
  RX rate: 3350333.51 pkt/s 4824.61 MB/s (missed=61750 errors=0 no_mbuf=0)
  RX queue  0: rate=3350333.51 pkt/s 4824.61 MB/s (errors=0)

Port 1 statistics:
  RX rate: 3351013.22 pkt/s 4825.59 MB/s (missed=63306 errors=0 no_mbuf=0)
  RX queue  0: rate=3351013.22 pkt/s 4825.59 MB/s (errors=0)
DOCA software EGRESS host=2 packets=27997278 bytes=40764036768
DOCA software EGRESS host=3 packets=29380400 bytes=42777862400
DOCA ARP port=0 to_host=0 to_uplink=0
DOCA ARP port=1 to_host=0 to_uplink=0
DOCA To-Host pipe: 0.00 pkt/s 0.00 MB/s
DOCA To-Host pipe: 0.00 pkt/s 0.00 MB/s
DOCA Host decrypt pipe: 418676.82 pkt/s 602.91 MB/s
DOCA Host decrypt pipe: 418868.73 pkt/s 603.19 MB/s
DOCA Host decrypt pipe: 418548.88 pkt/s 602.73 MB/s
DOCA Host decrypt pipe: 418996.67 pkt/s 603.38 MB/s
DOCA Host decrypt pipe: 419060.64 pkt/s 603.47 MB/s
DOCA Host decrypt pipe: 417653.32 pkt/s 601.44 MB/s
DOCA Host decrypt pipe: 418484.92 pkt/s 602.64 MB/s
DOCA Host decrypt pipe: 418612.85 pkt/s 602.82 MB/s
DOCA Host decrypt pipe: 419060.64 pkt/s 603.47 MB/s
DOCA Host decrypt pipe: 418958.69 pkt/s 603.32 MB/s
DOCA Host decrypt pipe: 418740.79 pkt/s 603.01 MB/s
DOCA Host decrypt pipe: 418868.73 pkt/s 603.19 MB/s
DOCA Host decrypt pipe: 418740.79 pkt/s 603.01 MB/s
DOCA Host decrypt pipe: 418742.79 pkt/s 603.01 MB/s
DOCA Host decrypt pipe: 417589.35 pkt/s 601.35 MB/s
DOCA Host decrypt pipe: 418932.70 pkt/s 603.28 MB/s
DOCA Authenticated ESP RSS pipe: 3348902.83 pkt/s 4822.58 MB/s
DOCA Authenticated ESP RSS pipe: 3349634.48 pkt/s 4823.64 MB/s
DOCA Drop pipe: 0.00 pkt/s 0.00 MB/s
DOCA Drop pipe: 0.00 pkt/s 0.00 MB/s

=== monitoring snapshot ===
Worker statistics:
  lcore=2 queue=0 rate=6701244.10 pkt/s 9650.11 MB/s

Port 0 statistics:
  RX rate: 3350240.21 pkt/s 4824.49 MB/s (missed=61750 errors=0 no_mbuf=0)
  RX queue  0: rate=3350240.21 pkt/s 4824.49 MB/s (errors=0)

Port 1 statistics:
  RX rate: 3350904.61 pkt/s 4825.41 MB/s (missed=63306 errors=0 no_mbuf=0)
  RX queue  0: rate=3350904.61 pkt/s 4825.41 MB/s (errors=0)
DOCA software EGRESS host=2 packets=31348164 bytes=45642926784
DOCA software EGRESS host=3 packets=32731770 bytes=47657457120
DOCA ARP port=0 to_host=0 to_uplink=0
DOCA ARP port=1 to_host=0 to_uplink=0
DOCA To-Host pipe: 0.00 pkt/s 0.00 MB/s
DOCA To-Host pipe: 0.00 pkt/s 0.00 MB/s
DOCA Host decrypt pipe: 418674.75 pkt/s 602.91 MB/s
DOCA Host decrypt pipe: 418866.66 pkt/s 603.19 MB/s
DOCA Host decrypt pipe: 418546.82 pkt/s 602.73 MB/s
DOCA Host decrypt pipe: 418930.63 pkt/s 603.28 MB/s
DOCA Host decrypt pipe: 419058.57 pkt/s 603.46 MB/s
DOCA Host decrypt pipe: 417715.22 pkt/s 601.53 MB/s
DOCA Host decrypt pipe: 418482.85 pkt/s 602.64 MB/s
DOCA Host decrypt pipe: 418674.75 pkt/s 602.91 MB/s
DOCA Host decrypt pipe: 419122.53 pkt/s 603.56 MB/s
DOCA Host decrypt pipe: 418930.63 pkt/s 603.28 MB/s
DOCA Host decrypt pipe: 418738.72 pkt/s 603.00 MB/s
DOCA Host decrypt pipe: 418866.66 pkt/s 603.19 MB/s
DOCA Host decrypt pipe: 418738.72 pkt/s 603.00 MB/s
DOCA Host decrypt pipe: 418800.69 pkt/s 603.09 MB/s
DOCA Host decrypt pipe: 417587.29 pkt/s 601.35 MB/s
DOCA Host decrypt pipe: 418866.66 pkt/s 603.19 MB/s
DOCA Authenticated ESP RSS pipe: 3348950.25 pkt/s 4822.65 MB/s
DOCA Authenticated ESP RSS pipe: 3349653.91 pkt/s 4823.66 MB/s
DOCA Drop pipe: 0.00 pkt/s 0.00 MB/s
DOCA Drop pipe: 0.00 pkt/s 0.00 MB/s

=== monitoring snapshot ===
Worker statistics:
  lcore=2 queue=0 rate=6701406.78 pkt/s 9650.35 MB/s

Port 0 statistics:
  RX rate: 3350308.24 pkt/s 4824.56 MB/s (missed=61750 errors=0 no_mbuf=0)
  RX queue  0: rate=3350308.24 pkt/s 4824.56 MB/s (errors=0)

Port 1 statistics:
  RX rate: 3351212.01 pkt/s 4825.85 MB/s (missed=63306 errors=0 no_mbuf=0)
  RX queue  0: rate=3351212.01 pkt/s 4825.85 MB/s (errors=0)
DOCA software EGRESS host=2 packets=34698570 bytes=50521117920
DOCA software EGRESS host=3 packets=36083296 bytes=52537278976
DOCA ARP port=0 to_host=0 to_uplink=0
DOCA ARP port=1 to_host=0 to_uplink=0
DOCA To-Host pipe: 0.00 pkt/s 0.00 MB/s
DOCA To-Host pipe: 0.00 pkt/s 0.00 MB/s
DOCA Host decrypt pipe: 418679.79 pkt/s 602.92 MB/s
DOCA Host decrypt pipe: 418871.70 pkt/s 603.20 MB/s
DOCA Host decrypt pipe: 418615.82 pkt/s 602.83 MB/s
DOCA Host decrypt pipe: 418999.64 pkt/s 603.38 MB/s
DOCA Host decrypt pipe: 419063.61 pkt/s 603.47 MB/s
DOCA Host decrypt pipe: 417656.28 pkt/s 601.45 MB/s
DOCA Host decrypt pipe: 418487.88 pkt/s 602.64 MB/s
DOCA Host decrypt pipe: 418615.82 pkt/s 602.83 MB/s
DOCA Host decrypt pipe: 419191.55 pkt/s 603.66 MB/s
DOCA Host decrypt pipe: 418935.67 pkt/s 603.29 MB/s
DOCA Host decrypt pipe: 418743.76 pkt/s 603.01 MB/s
DOCA Host decrypt pipe: 418935.67 pkt/s 603.29 MB/s
DOCA Host decrypt pipe: 418807.73 pkt/s 603.10 MB/s
DOCA Host decrypt pipe: 418807.73 pkt/s 603.10 MB/s
DOCA Host decrypt pipe: 417592.31 pkt/s 601.35 MB/s
DOCA Host decrypt pipe: 418935.67 pkt/s 603.29 MB/s
DOCA Authenticated ESP RSS pipe: 3348990.54 pkt/s 4822.71 MB/s
DOCA Authenticated ESP RSS pipe: 3349950.08 pkt/s 4824.09 MB/s
DOCA Drop pipe: 0.00 pkt/s 0.00 MB/s
DOCA Drop pipe: 0.00 pkt/s 0.00 MB/s

=== monitoring snapshot ===
Worker statistics:
  lcore=2 queue=0 rate=6701696.91 pkt/s 9650.77 MB/s

Port 0 statistics:
  RX rate: 3350550.49 pkt/s 4824.92 MB/s (missed=61750 errors=0 no_mbuf=0)
  RX queue  0: rate=3350550.49 pkt/s 4824.92 MB/s (errors=0)

Port 1 statistics:
  RX rate: 3351091.23 pkt/s 4825.72 MB/s (missed=63306 errors=0 no_mbuf=0)
  RX queue  0: rate=3351091.23 pkt/s 4825.72 MB/s (errors=0)
DOCA software EGRESS host=2 packets=38049352 bytes=55399856512
DOCA software EGRESS host=3 packets=39435248 bytes=57417721088
DOCA ARP port=0 to_host=0 to_uplink=0
DOCA ARP port=1 to_host=0 to_uplink=0
DOCA To-Host pipe: 0.00 pkt/s 0.00 MB/s
DOCA To-Host pipe: 0.00 pkt/s 0.00 MB/s
DOCA Host decrypt pipe: 418722.09 pkt/s 602.98 MB/s
DOCA Host decrypt pipe: 418913.99 pkt/s 603.26 MB/s
DOCA Host decrypt pipe: 418530.19 pkt/s 602.70 MB/s
DOCA Host decrypt pipe: 418913.99 pkt/s 603.26 MB/s
DOCA Host decrypt pipe: 419041.92 pkt/s 603.44 MB/s
DOCA Host decrypt pipe: 417698.64 pkt/s 601.51 MB/s
DOCA Host decrypt pipe: 418530.19 pkt/s 602.70 MB/s
DOCA Host decrypt pipe: 418658.13 pkt/s 602.89 MB/s
DOCA Host decrypt pipe: 419169.86 pkt/s 603.62 MB/s
DOCA Host decrypt pipe: 419041.92 pkt/s 603.44 MB/s
DOCA Host decrypt pipe: 418786.06 pkt/s 603.07 MB/s
DOCA Host decrypt pipe: 418913.99 pkt/s 603.26 MB/s
DOCA Host decrypt pipe: 418786.06 pkt/s 603.07 MB/s
DOCA Host decrypt pipe: 418850.03 pkt/s 603.16 MB/s
DOCA Host decrypt pipe: 417634.67 pkt/s 601.41 MB/s
DOCA Host decrypt pipe: 418977.96 pkt/s 603.35 MB/s
DOCA Authenticated ESP RSS pipe: 3349009.15 pkt/s 4822.73 MB/s
DOCA Authenticated ESP RSS pipe: 3350160.54 pkt/s 4824.39 MB/s
DOCA Drop pipe: 0.00 pkt/s 0.00 MB/s
DOCA Drop pipe: 0.00 pkt/s 0.00 MB/s

=== monitoring snapshot ===
Worker statistics:
  lcore=2 queue=0 rate=6690928.28 pkt/s 9635.26 MB/s

Port 0 statistics:
  RX rate: 3344117.41 pkt/s 4811.62 MB/s (missed=65347 errors=0 no_mbuf=0)
  RX queue  0: rate=3344117.41 pkt/s 4811.62 MB/s (errors=0)

Port 1 statistics:
  RX rate: 3346814.50 pkt/s 4818.26 MB/s (missed=67264 errors=0 no_mbuf=0)
  RX queue  0: rate=3346814.50 pkt/s 4818.26 MB/s (errors=0)
DOCA software EGRESS host=2 packets=41399702 bytes=60277966112
DOCA software EGRESS host=3 packets=42782504 bytes=62291325824
DOCA ARP port=0 to_host=0 to_uplink=0
DOCA ARP port=1 to_host=0 to_uplink=0
DOCA To-Host pipe: 0.00 pkt/s 0.00 MB/s
DOCA To-Host pipe: 0.00 pkt/s 0.00 MB/s
DOCA Host decrypt pipe: 418677.96 pkt/s 602.92 MB/s
DOCA Host decrypt pipe: 418933.84 pkt/s 603.28 MB/s
DOCA Host decrypt pipe: 418550.03 pkt/s 602.73 MB/s
DOCA Host decrypt pipe: 418933.84 pkt/s 603.28 MB/s
DOCA Host decrypt pipe: 419061.78 pkt/s 603.47 MB/s
DOCA Host decrypt pipe: 417718.43 pkt/s 601.53 MB/s
DOCA Host decrypt pipe: 418486.06 pkt/s 602.64 MB/s
DOCA Host decrypt pipe: 418613.99 pkt/s 602.82 MB/s
DOCA Host decrypt pipe: 419125.75 pkt/s 603.56 MB/s
DOCA Host decrypt pipe: 418933.84 pkt/s 603.28 MB/s
DOCA Host decrypt pipe: 418613.99 pkt/s 602.82 MB/s
DOCA Host decrypt pipe: 418869.87 pkt/s 603.19 MB/s
DOCA Host decrypt pipe: 418741.93 pkt/s 603.01 MB/s
DOCA Host decrypt pipe: 418805.90 pkt/s 603.10 MB/s
DOCA Host decrypt pipe: 417590.49 pkt/s 601.35 MB/s
DOCA Host decrypt pipe: 418869.87 pkt/s 603.19 MB/s
DOCA Authenticated ESP RSS pipe: 3348975.93 pkt/s 4822.69 MB/s
DOCA Authenticated ESP RSS pipe: 3349551.65 pkt/s 4823.52 MB/s
DOCA Drop pipe: 0.00 pkt/s 0.00 MB/s
DOCA Drop pipe: 0.00 pkt/s 0.00 MB/s

=== monitoring snapshot ===
Worker statistics:
  lcore=2 queue=0 rate=6700348.11 pkt/s 9648.82 MB/s

Port 0 statistics:
  RX rate: 3349504.25 pkt/s 4823.42 MB/s (missed=65347 errors=0 no_mbuf=0)
  RX queue  0: rate=3349504.25 pkt/s 4823.42 MB/s (errors=0)

Port 1 statistics:
  RX rate: 3350807.78 pkt/s 4825.32 MB/s (missed=67264 errors=0 no_mbuf=0)
  RX queue  0: rate=3350807.78 pkt/s 4825.32 MB/s (errors=0)
DOCA software EGRESS host=2 packets=44744391 bytes=65147833296
DOCA software EGRESS host=3 packets=46133767 bytes=67170764752
DOCA ARP port=0 to_host=0 to_uplink=0
DOCA ARP port=1 to_host=0 to_uplink=0
DOCA To-Host pipe: 0.00 pkt/s 0.00 MB/s
DOCA To-Host pipe: 0.00 pkt/s 0.00 MB/s
DOCA Host decrypt pipe: 418612.67 pkt/s 602.82 MB/s
DOCA Host decrypt pipe: 416438.06 pkt/s 599.69 MB/s
DOCA Host decrypt pipe: 418292.87 pkt/s 602.36 MB/s
DOCA Host decrypt pipe: 418868.50 pkt/s 603.19 MB/s
DOCA Host decrypt pipe: 419060.38 pkt/s 603.47 MB/s
DOCA Host decrypt pipe: 417525.36 pkt/s 601.26 MB/s
DOCA Host decrypt pipe: 418484.75 pkt/s 602.64 MB/s
DOCA Host decrypt pipe: 418548.71 pkt/s 602.73 MB/s
DOCA Host decrypt pipe: 419060.38 pkt/s 603.47 MB/s
DOCA Host decrypt pipe: 418804.55 pkt/s 603.10 MB/s
DOCA Host decrypt pipe: 418548.71 pkt/s 602.73 MB/s
DOCA Host decrypt pipe: 418804.55 pkt/s 603.10 MB/s
DOCA Host decrypt pipe: 418676.63 pkt/s 602.91 MB/s
DOCA Host decrypt pipe: 418740.59 pkt/s 603.01 MB/s
DOCA Host decrypt pipe: 417461.40 pkt/s 601.16 MB/s
DOCA Host decrypt pipe: 418868.50 pkt/s 603.19 MB/s
DOCA Authenticated ESP RSS pipe: 3345831.31 pkt/s 4818.16 MB/s
DOCA Authenticated ESP RSS pipe: 3348965.30 pkt/s 4822.67 MB/s
DOCA Drop pipe: 0.00 pkt/s 0.00 MB/s
DOCA Drop pipe: 0.00 pkt/s 0.00 MB/s

=== monitoring snapshot ===
Worker statistics:
  lcore=2 queue=0 rate=6700088.32 pkt/s 9648.45 MB/s

Port 0 statistics:
  RX rate: 3349699.53 pkt/s 4823.55 MB/s (missed=65913 errors=0 no_mbuf=0)
  RX queue  0: rate=3349699.53 pkt/s 4823.55 MB/s (errors=0)

Port 1 statistics:
  RX rate: 3350457.24 pkt/s 4824.63 MB/s (missed=67780 errors=0 no_mbuf=0)
  RX queue  0: rate=3350457.24 pkt/s 4824.63 MB/s (errors=0)
DOCA software EGRESS host=2 packets=48094051 bytes=70024938256
DOCA software EGRESS host=3 packets=49485076 bytes=72050270656
DOCA ARP port=0 to_host=0 to_uplink=0
DOCA ARP port=1 to_host=0 to_uplink=0
DOCA To-Host pipe: 0.00 pkt/s 0.00 MB/s
DOCA To-Host pipe: 0.00 pkt/s 0.00 MB/s
DOCA Host decrypt pipe: 418669.95 pkt/s 602.90 MB/s
DOCA Host decrypt pipe: 418989.79 pkt/s 603.37 MB/s
DOCA Host decrypt pipe: 417750.41 pkt/s 601.58 MB/s
DOCA Host decrypt pipe: 418861.85 pkt/s 603.18 MB/s
DOCA Host decrypt pipe: 419053.76 pkt/s 603.46 MB/s
DOCA Host decrypt pipe: 417646.46 pkt/s 601.43 MB/s
DOCA Host decrypt pipe: 418478.05 pkt/s 602.63 MB/s
DOCA Host decrypt pipe: 418669.95 pkt/s 602.90 MB/s
DOCA Host decrypt pipe: 419245.66 pkt/s 603.73 MB/s
DOCA Host decrypt pipe: 418989.79 pkt/s 603.37 MB/s
DOCA Host decrypt pipe: 418733.92 pkt/s 603.00 MB/s
DOCA Host decrypt pipe: 418989.79 pkt/s 603.37 MB/s
DOCA Host decrypt pipe: 418797.89 pkt/s 603.09 MB/s
DOCA Host decrypt pipe: 418925.82 pkt/s 603.27 MB/s
DOCA Host decrypt pipe: 417646.46 pkt/s 601.43 MB/s
DOCA Host decrypt pipe: 418989.79 pkt/s 603.37 MB/s
DOCA Authenticated ESP RSS pipe: 3348117.23 pkt/s 4821.45 MB/s
DOCA Authenticated ESP RSS pipe: 3350319.12 pkt/s 4824.62 MB/s
DOCA Drop pipe: 0.00 pkt/s 0.00 MB/s
DOCA Drop pipe: 0.00 pkt/s 0.00 MB/s

=== monitoring snapshot ===
Worker statistics:
  lcore=2 queue=0 rate=6701763.20 pkt/s 9650.86 MB/s

Port 0 statistics:
  RX rate: 3350486.01 pkt/s 4824.83 MB/s (missed=65913 errors=0 no_mbuf=0)
  RX queue  0: rate=3350486.01 pkt/s 4824.83 MB/s (errors=0)

Port 1 statistics:
  RX rate: 3351157.63 pkt/s 4825.79 MB/s (missed=67780 errors=0 no_mbuf=0)
  RX queue  0: rate=3351157.63 pkt/s 4825.79 MB/s (errors=0)
DOCA software EGRESS host=2 packets=51444386 bytes=74903026016
DOCA software EGRESS host=3 packets=52836231 bytes=76929552336
DOCA ARP port=0 to_host=0 to_uplink=0
DOCA ARP port=1 to_host=0 to_uplink=0
DOCA To-Host pipe: 0.00 pkt/s 0.00 MB/s
DOCA To-Host pipe: 0.00 pkt/s 0.00 MB/s
DOCA Host decrypt pipe: 418718.59 pkt/s 602.97 MB/s
DOCA Host decrypt pipe: 419038.42 pkt/s 603.44 MB/s
DOCA Host decrypt pipe: 418422.75 pkt/s 602.55 MB/s
DOCA Host decrypt pipe: 418974.45 pkt/s 603.34 MB/s
DOCA Host decrypt pipe: 418974.45 pkt/s 603.34 MB/s
DOCA Host decrypt pipe: 417695.14 pkt/s 601.50 MB/s
DOCA Host decrypt pipe: 418526.69 pkt/s 602.70 MB/s
DOCA Host decrypt pipe: 418590.66 pkt/s 602.79 MB/s
DOCA Host decrypt pipe: 419166.35 pkt/s 603.62 MB/s
DOCA Host decrypt pipe: 418910.48 pkt/s 603.25 MB/s
DOCA Host decrypt pipe: 418718.59 pkt/s 602.97 MB/s
DOCA Host decrypt pipe: 418846.52 pkt/s 603.16 MB/s
DOCA Host decrypt pipe: 418654.62 pkt/s 602.88 MB/s
DOCA Host decrypt pipe: 418718.59 pkt/s 602.97 MB/s
DOCA Host decrypt pipe: 417503.24 pkt/s 601.22 MB/s
DOCA Host decrypt pipe: 418846.52 pkt/s 603.16 MB/s
DOCA Authenticated ESP RSS pipe: 3348944.14 pkt/s 4822.64 MB/s
DOCA Authenticated ESP RSS pipe: 3349364.91 pkt/s 4823.25 MB/s
DOCA Drop pipe: 0.00 pkt/s 0.00 MB/s
DOCA Drop pipe: 0.00 pkt/s 0.00 MB/s

=== monitoring snapshot ===
Worker statistics:
  lcore=2 queue=0 rate=6700889.23 pkt/s 9649.60 MB/s

Port 0 statistics:
  RX rate: 3350175.07 pkt/s 4824.41 MB/s (missed=65913 errors=0 no_mbuf=0)
  RX queue  0: rate=3350175.07 pkt/s 4824.41 MB/s (errors=0)

Port 1 statistics:
  RX rate: 3350859.91 pkt/s 4825.34 MB/s (missed=67780 errors=0 no_mbuf=0)
  RX queue  0: rate=3350859.91 pkt/s 4825.34 MB/s (errors=0)
DOCA software EGRESS host=2 packets=54794992 bytes=79781508352
DOCA software EGRESS host=3 packets=56187484 bytes=81808976704
DOCA ARP port=0 to_host=0 to_uplink=0
DOCA ARP port=1 to_host=0 to_uplink=0
DOCA To-Host pipe: 0.00 pkt/s 0.00 MB/s
DOCA To-Host pipe: 0.00 pkt/s 0.00 MB/s
DOCA Host decrypt pipe: 418657.12 pkt/s 602.89 MB/s
DOCA Host decrypt pipe: 419040.92 pkt/s 603.44 MB/s
DOCA Host decrypt pipe: 418401.26 pkt/s 602.52 MB/s
DOCA Host decrypt pipe: 418912.99 pkt/s 603.25 MB/s
DOCA Host decrypt pipe: 419104.89 pkt/s 603.53 MB/s
DOCA Host decrypt pipe: 417697.63 pkt/s 601.50 MB/s
DOCA Host decrypt pipe: 418503.21 pkt/s 602.66 MB/s
DOCA Host decrypt pipe: 418657.12 pkt/s 602.89 MB/s
DOCA Host decrypt pipe: 419104.89 pkt/s 603.53 MB/s
DOCA Host decrypt pipe: 418849.02 pkt/s 603.16 MB/s
DOCA Host decrypt pipe: 418657.12 pkt/s 602.89 MB/s
DOCA Host decrypt pipe: 418912.99 pkt/s 603.25 MB/s
DOCA Host decrypt pipe: 418721.09 pkt/s 602.98 MB/s
DOCA Host decrypt pipe: 418849.02 pkt/s 603.16 MB/s
DOCA Host decrypt pipe: 417569.70 pkt/s 601.32 MB/s
DOCA Host decrypt pipe: 418912.99 pkt/s 603.25 MB/s
DOCA Authenticated ESP RSS pipe: 3348971.15 pkt/s 4822.68 MB/s
DOCA Authenticated ESP RSS pipe: 3349576.82 pkt/s 4823.55 MB/s
DOCA Drop pipe: 0.00 pkt/s 0.00 MB/s
DOCA Drop pipe: 0.00 pkt/s 0.00 MB/s

=== monitoring snapshot ===
Worker statistics:
  lcore=2 queue=0 rate=6701623.61 pkt/s 9650.66 MB/s

Port 0 statistics:
  RX rate: 3350438.59 pkt/s 4824.76 MB/s (missed=65913 errors=0 no_mbuf=0)
  RX queue  0: rate=3350438.59 pkt/s 4824.76 MB/s (errors=0)

Port 1 statistics:
  RX rate: 3351119.39 pkt/s 4825.76 MB/s (missed=67780 errors=0 no_mbuf=0)
  RX queue  0: rate=3351119.39 pkt/s 4825.76 MB/s (errors=0)
DOCA software EGRESS host=2 packets=58145620 bytes=84660022720
DOCA software EGRESS host=3 packets=59539132 bytes=86688976192
DOCA ARP port=0 to_host=0 to_uplink=0
DOCA ARP port=1 to_host=0 to_uplink=0
DOCA To-Host pipe: 0.00 pkt/s 0.00 MB/s
DOCA To-Host pipe: 0.00 pkt/s 0.00 MB/s
DOCA Host decrypt pipe: 418654.14 pkt/s 602.88 MB/s
DOCA Host decrypt pipe: 418973.97 pkt/s 603.34 MB/s
DOCA Host decrypt pipe: 418398.28 pkt/s 602.51 MB/s
DOCA Host decrypt pipe: 418910.00 pkt/s 603.25 MB/s
DOCA Host decrypt pipe: 419037.93 pkt/s 603.43 MB/s
DOCA Host decrypt pipe: 417630.69 pkt/s 601.41 MB/s
DOCA Host decrypt pipe: 418488.23 pkt/s 602.64 MB/s
DOCA Host decrypt pipe: 418654.14 pkt/s 602.88 MB/s
DOCA Host decrypt pipe: 419229.83 pkt/s 603.71 MB/s
DOCA Host decrypt pipe: 418973.97 pkt/s 603.34 MB/s
DOCA Host decrypt pipe: 418718.10 pkt/s 602.97 MB/s
DOCA Host decrypt pipe: 418846.03 pkt/s 603.16 MB/s
DOCA Host decrypt pipe: 418718.10 pkt/s 602.97 MB/s
DOCA Host decrypt pipe: 418782.07 pkt/s 603.07 MB/s
DOCA Host decrypt pipe: 417566.72 pkt/s 601.32 MB/s
DOCA Host decrypt pipe: 418910.00 pkt/s 603.25 MB/s
DOCA Authenticated ESP RSS pipe: 3348751.36 pkt/s 4822.36 MB/s
DOCA Authenticated ESP RSS pipe: 3349744.83 pkt/s 4823.79 MB/s
DOCA Drop pipe: 0.00 pkt/s 0.00 MB/s
DOCA Drop pipe: 0.00 pkt/s 0.00 MB/s

=== monitoring snapshot ===
Worker statistics:
  lcore=2 queue=0 rate=6701363.78 pkt/s 9650.29 MB/s

Port 0 statistics:
  RX rate: 3350263.03 pkt/s 4824.53 MB/s (missed=65913 errors=0 no_mbuf=0)
  RX queue  0: rate=3350263.03 pkt/s 4824.53 MB/s (errors=0)

Port 1 statistics:
  RX rate: 3351131.70 pkt/s 4825.75 MB/s (missed=67780 errors=0 no_mbuf=0)
  RX queue  0: rate=3351131.70 pkt/s 4825.75 MB/s (errors=0)
DOCA software EGRESS host=2 packets=61496080 bytes=89538292480
DOCA software EGRESS host=3 packets=62890404 bytes=91568428224
DOCA ARP port=0 to_host=0 to_uplink=0
DOCA ARP port=1 to_host=0 to_uplink=0
DOCA To-Host pipe: 0.00 pkt/s 0.00 MB/s
DOCA To-Host pipe: 0.00 pkt/s 0.00 MB/s
DOCA Host decrypt pipe: 418639.09 pkt/s 602.86 MB/s
DOCA Host decrypt pipe: 419048.88 pkt/s 603.45 MB/s
DOCA Host decrypt pipe: 418409.21 pkt/s 602.53 MB/s
DOCA Host decrypt pipe: 418920.94 pkt/s 603.27 MB/s
DOCA Host decrypt pipe: 419048.88 pkt/s 603.45 MB/s
DOCA Host decrypt pipe: 417705.57 pkt/s 601.52 MB/s
DOCA Host decrypt pipe: 418473.17 pkt/s 602.62 MB/s
DOCA Host decrypt pipe: 418601.11 pkt/s 602.81 MB/s
DOCA Host decrypt pipe: 419112.84 pkt/s 603.54 MB/s
DOCA Host decrypt pipe: 418920.94 pkt/s 603.27 MB/s
DOCA Host decrypt pipe: 418729.04 pkt/s 602.99 MB/s
DOCA Host decrypt pipe: 418920.94 pkt/s 603.27 MB/s
DOCA Host decrypt pipe: 418729.04 pkt/s 602.99 MB/s
DOCA Host decrypt pipe: 418793.01 pkt/s 603.08 MB/s
DOCA Host decrypt pipe: 417513.67 pkt/s 601.24 MB/s
DOCA Host decrypt pipe: 418856.98 pkt/s 603.17 MB/s
DOCA Authenticated ESP RSS pipe: 3348844.84 pkt/s 4822.50 MB/s
DOCA Authenticated ESP RSS pipe: 3349576.46 pkt/s 4823.55 MB/s
DOCA Drop pipe: 0.00 pkt/s 0.00 MB/s
DOCA Drop pipe: 0.00 pkt/s 0.00 MB/s

=== monitoring snapshot ===
Worker statistics:
  lcore=2 queue=0 rate=6701359.12 pkt/s 9650.28 MB/s

Port 0 statistics:
  RX rate: 3350291.03 pkt/s 4824.55 MB/s (missed=65913 errors=0 no_mbuf=0)
  RX queue  0: rate=3350291.03 pkt/s 4824.55 MB/s (errors=0)

Port 1 statistics:
  RX rate: 3351035.46 pkt/s 4825.60 MB/s (missed=67780 errors=0 no_mbuf=0)
  RX queue  0: rate=3351035.46 pkt/s 4825.60 MB/s (errors=0)
DOCA software EGRESS host=2 packets=64846772 bytes=94416900032
DOCA software EGRESS host=3 packets=66241872 bytes=96448165632
DOCA ARP port=0 to_host=0 to_uplink=0
DOCA ARP port=1 to_host=0 to_uplink=0
DOCA To-Host pipe: 0.00 pkt/s 0.00 MB/s
DOCA To-Host pipe: 0.00 pkt/s 0.00 MB/s
DOCA Host decrypt pipe: 418611.85 pkt/s 602.82 MB/s
DOCA Host decrypt pipe: 418969.65 pkt/s 603.34 MB/s
DOCA Host decrypt pipe: 418393.97 pkt/s 602.51 MB/s
DOCA Host decrypt pipe: 418905.69 pkt/s 603.24 MB/s
DOCA Host decrypt pipe: 418969.65 pkt/s 603.34 MB/s
DOCA Host decrypt pipe: 417562.43 pkt/s 601.31 MB/s
DOCA Host decrypt pipe: 418521.90 pkt/s 602.69 MB/s
DOCA Host decrypt pipe: 418649.83 pkt/s 602.88 MB/s
DOCA Host decrypt pipe: 419161.55 pkt/s 603.61 MB/s
DOCA Host decrypt pipe: 418969.65 pkt/s 603.34 MB/s
DOCA Host decrypt pipe: 418713.79 pkt/s 602.97 MB/s
DOCA Host decrypt pipe: 418841.72 pkt/s 603.15 MB/s
DOCA Host decrypt pipe: 418713.79 pkt/s 602.97 MB/s
DOCA Host decrypt pipe: 418777.76 pkt/s 603.06 MB/s
DOCA Host decrypt pipe: 417562.43 pkt/s 601.31 MB/s
DOCA Host decrypt pipe: 418969.65 pkt/s 603.34 MB/s
DOCA Authenticated ESP RSS pipe: 3348586.95 pkt/s 4822.13 MB/s
DOCA Authenticated ESP RSS pipe: 3349707.34 pkt/s 4823.74 MB/s
DOCA Drop pipe: 0.00 pkt/s 0.00 MB/s
DOCA Drop pipe: 0.00 pkt/s 0.00 MB/s

=== monitoring snapshot ===
Worker statistics:
  lcore=2 queue=0 rate=6697741.12 pkt/s 9645.07 MB/s

Port 0 statistics:
  RX rate: 3347664.61 pkt/s 4820.79 MB/s (missed=65913 errors=0 no_mbuf=0)
  RX queue  0: rate=3347664.61 pkt/s 4820.79 MB/s (errors=0)

Port 1 statistics:
  RX rate: 3350128.99 pkt/s 4824.10 MB/s (missed=68288 errors=0 no_mbuf=0)
  RX queue  0: rate=3350128.99 pkt/s 4824.10 MB/s (errors=0)
DOCA software EGRESS host=2 packets=68197423 bytes=99295447888
DOCA software EGRESS host=3 packets=69592766 bytes=101327067296
DOCA ARP port=0 to_host=0 to_uplink=0
DOCA ARP port=1 to_host=0 to_uplink=0
DOCA To-Host pipe: 0.00 pkt/s 0.00 MB/s
DOCA To-Host pipe: 0.00 pkt/s 0.00 MB/s
DOCA Host decrypt pipe: 418740.80 pkt/s 603.01 MB/s
DOCA Host decrypt pipe: 419124.62 pkt/s 603.56 MB/s
DOCA Host decrypt pipe: 418420.96 pkt/s 602.55 MB/s
DOCA Host decrypt pipe: 418996.68 pkt/s 603.38 MB/s
DOCA Host decrypt pipe: 419060.65 pkt/s 603.47 MB/s
DOCA Host decrypt pipe: 417717.30 pkt/s 601.53 MB/s
DOCA Host decrypt pipe: 418548.90 pkt/s 602.73 MB/s
DOCA Host decrypt pipe: 418676.84 pkt/s 602.91 MB/s
DOCA Host decrypt pipe: 419188.59 pkt/s 603.65 MB/s
DOCA Host decrypt pipe: 418932.71 pkt/s 603.28 MB/s
DOCA Host decrypt pipe: 418612.87 pkt/s 602.82 MB/s
DOCA Host decrypt pipe: 418932.71 pkt/s 603.28 MB/s
DOCA Host decrypt pipe: 418740.80 pkt/s 603.01 MB/s
DOCA Host decrypt pipe: 418804.77 pkt/s 603.10 MB/s
DOCA Host decrypt pipe: 417525.39 pkt/s 601.26 MB/s
DOCA Host decrypt pipe: 418926.71 pkt/s 603.27 MB/s
DOCA Authenticated ESP RSS pipe: 3349286.75 pkt/s 4823.13 MB/s
DOCA Authenticated ESP RSS pipe: 3349664.57 pkt/s 4823.68 MB/s
DOCA Drop pipe: 0.00 pkt/s 0.00 MB/s
DOCA Drop pipe: 0.00 pkt/s 0.00 MB/s

=== monitoring snapshot ===
Worker statistics:
  lcore=2 queue=0 rate=6700157.53 pkt/s 9648.55 MB/s

Port 0 statistics:
  RX rate: 3349723.62 pkt/s 4823.68 MB/s (missed=66038 errors=0 no_mbuf=0)
  RX queue  0: rate=3349723.62 pkt/s 4823.68 MB/s (errors=0)

Port 1 statistics:
  RX rate: 3350453.04 pkt/s 4824.67 MB/s (missed=68400 errors=0 no_mbuf=0)
  RX queue  0: rate=3350453.04 pkt/s 4824.67 MB/s (errors=0)
DOCA software EGRESS host=2 packets=71545317 bytes=104169981552
DOCA software EGRESS host=3 packets=72943945 bytes=106206383920
DOCA ARP port=0 to_host=0 to_uplink=0
DOCA ARP port=1 to_host=0 to_uplink=0
DOCA To-Host pipe: 0.00 pkt/s 0.00 MB/s
DOCA To-Host pipe: 0.00 pkt/s 0.00 MB/s
DOCA Host decrypt pipe: 418533.04 pkt/s 602.71 MB/s
DOCA Host decrypt pipe: 418980.81 pkt/s 603.35 MB/s
DOCA Host decrypt pipe: 415974.38 pkt/s 599.02 MB/s
DOCA Host decrypt pipe: 418916.84 pkt/s 603.26 MB/s
DOCA Host decrypt pipe: 418980.81 pkt/s 603.35 MB/s
DOCA Host decrypt pipe: 417573.54 pkt/s 601.33 MB/s
DOCA Host decrypt pipe: 418469.07 pkt/s 602.62 MB/s
DOCA Host decrypt pipe: 418597.01 pkt/s 602.80 MB/s
DOCA Host decrypt pipe: 419172.71 pkt/s 603.63 MB/s
DOCA Host decrypt pipe: 418916.84 pkt/s 603.26 MB/s
DOCA Host decrypt pipe: 418660.97 pkt/s 602.89 MB/s
DOCA Host decrypt pipe: 418916.84 pkt/s 603.26 MB/s
DOCA Host decrypt pipe: 418660.97 pkt/s 602.89 MB/s
DOCA Host decrypt pipe: 418724.94 pkt/s 602.98 MB/s
DOCA Host decrypt pipe: 417573.54 pkt/s 601.33 MB/s
DOCA Host decrypt pipe: 418858.87 pkt/s 603.18 MB/s
DOCA Authenticated ESP RSS pipe: 3346025.50 pkt/s 4818.44 MB/s
DOCA Authenticated ESP RSS pipe: 3349488.68 pkt/s 4823.43 MB/s
DOCA Drop pipe: 0.00 pkt/s 0.00 MB/s
DOCA Drop pipe: 0.00 pkt/s 0.00 MB/s

=== monitoring snapshot ===
Worker statistics:
  lcore=2 queue=0 rate=6698378.01 pkt/s 9645.99 MB/s

Port 0 statistics:
  RX rate: 3348875.86 pkt/s 4822.00 MB/s (missed=67782 errors=0 no_mbuf=0)
  RX queue  0: rate=3348875.86 pkt/s 4822.00 MB/s (errors=0)

Port 1 statistics:
  RX rate: 3349482.07 pkt/s 4815.44 MB/s (missed=70268 errors=0 no_mbuf=0)
  RX queue  0: rate=3349482.07 pkt/s 4815.44 MB/s (errors=0)
DOCA software EGRESS host=2 packets=74895741 bytes=109048198896
DOCA software EGRESS host=3 packets=76293817 bytes=111083797552
DOCA ARP port=0 to_host=0 to_uplink=0
DOCA ARP port=1 to_host=0 to_uplink=0
DOCA To-Host pipe: 0.00 pkt/s 0.00 MB/s
DOCA To-Host pipe: 0.00 pkt/s 0.00 MB/s
DOCA Host decrypt pipe: 418550.86 pkt/s 602.73 MB/s
DOCA Host decrypt pipe: 418936.67 pkt/s 603.29 MB/s
DOCA Host decrypt pipe: 418422.92 pkt/s 602.55 MB/s
DOCA Host decrypt pipe: 418934.67 pkt/s 603.29 MB/s
DOCA Host decrypt pipe: 419126.58 pkt/s 603.56 MB/s
DOCA Host decrypt pipe: 417783.22 pkt/s 601.63 MB/s
DOCA Host decrypt pipe: 418550.86 pkt/s 602.73 MB/s
DOCA Host decrypt pipe: 418678.79 pkt/s 602.92 MB/s
DOCA Host decrypt pipe: 419190.55 pkt/s 603.65 MB/s
DOCA Host decrypt pipe: 419062.61 pkt/s 603.47 MB/s
DOCA Host decrypt pipe: 418678.79 pkt/s 602.92 MB/s
DOCA Host decrypt pipe: 418870.70 pkt/s 603.19 MB/s
DOCA Host decrypt pipe: 418806.73 pkt/s 603.10 MB/s
DOCA Host decrypt pipe: 418870.70 pkt/s 603.19 MB/s
DOCA Host decrypt pipe: 417591.32 pkt/s 601.35 MB/s
DOCA Host decrypt pipe: 418998.64 pkt/s 603.38 MB/s
DOCA Authenticated ESP RSS pipe: 3348982.57 pkt/s 4822.70 MB/s
DOCA Authenticated ESP RSS pipe: 3350070.05 pkt/s 4824.26 MB/s
DOCA Drop pipe: 0.00 pkt/s 0.00 MB/s
DOCA Drop pipe: 0.00 pkt/s 0.00 MB/s

=== monitoring snapshot ===
Worker statistics:
  lcore=2 queue=0 rate=6696265.72 pkt/s 9642.95 MB/s

Port 0 statistics:
  RX rate: 3347766.59 pkt/s 4820.19 MB/s (missed=69507 errors=0 no_mbuf=0)
  RX queue  0: rate=3347766.59 pkt/s 4820.19 MB/s (errors=0)

Port 1 statistics:
  RX rate: 3348463.39 pkt/s 4816.79 MB/s (missed=72504 errors=0 no_mbuf=0)
  RX queue  0: rate=3348463.39 pkt/s 4816.79 MB/s (errors=0)
DOCA software EGRESS host=2 packets=78244720 bytes=113924312320
DOCA software EGRESS host=3 packets=79643088 bytes=115960336128
DOCA ARP port=0 to_host=0 to_uplink=0
DOCA ARP port=1 to_host=0 to_uplink=0
DOCA To-Host pipe: 0.00 pkt/s 0.00 MB/s
DOCA To-Host pipe: 0.00 pkt/s 0.00 MB/s
DOCA Host decrypt pipe: 418661.10 pkt/s 602.89 MB/s
DOCA Host decrypt pipe: 419042.90 pkt/s 603.44 MB/s
DOCA Host decrypt pipe: 418405.23 pkt/s 602.52 MB/s
DOCA Host decrypt pipe: 418980.93 pkt/s 603.35 MB/s
DOCA Host decrypt pipe: 418980.93 pkt/s 603.35 MB/s
DOCA Host decrypt pipe: 417637.63 pkt/s 601.42 MB/s
DOCA Host decrypt pipe: 418469.20 pkt/s 602.62 MB/s
DOCA Host decrypt pipe: 418661.10 pkt/s 602.89 MB/s
DOCA Host decrypt pipe: 419108.86 pkt/s 603.54 MB/s
DOCA Host decrypt pipe: 418980.93 pkt/s 603.35 MB/s
DOCA Host decrypt pipe: 418725.06 pkt/s 602.98 MB/s
DOCA Host decrypt pipe: 418916.96 pkt/s 603.26 MB/s
DOCA Host decrypt pipe: 418789.03 pkt/s 603.08 MB/s
DOCA Host decrypt pipe: 418853.00 pkt/s 603.17 MB/s
DOCA Host decrypt pipe: 417573.67 pkt/s 601.33 MB/s
DOCA Host decrypt pipe: 418916.96 pkt/s 603.26 MB/s
DOCA Authenticated ESP RSS pipe: 3348841.02 pkt/s 4822.49 MB/s
DOCA Authenticated ESP RSS pipe: 3349864.48 pkt/s 4823.97 MB/s
DOCA Drop pipe: 0.00 pkt/s 0.00 MB/s
DOCA Drop pipe: 0.00 pkt/s 0.00 MB/s

=== monitoring snapshot ===
Worker statistics:
  lcore=2 queue=0 rate=6698851.19 pkt/s 9646.67 MB/s

Port 0 statistics:
  RX rate: 3349190.55 pkt/s 4822.48 MB/s (missed=70711 errors=0 no_mbuf=0)
  RX queue  0: rate=3349190.55 pkt/s 4822.48 MB/s (errors=0)

Port 1 statistics:
  RX rate: 3349618.91 pkt/s 4823.01 MB/s (missed=73845 errors=0 no_mbuf=0)
  RX queue  0: rate=3349618.91 pkt/s 4823.01 MB/s (errors=0)
DOCA software EGRESS host=2 packets=81592681 bytes=118798943536
DOCA software EGRESS host=3 packets=82992907 bytes=120837672592
DOCA ARP port=0 to_host=0 to_uplink=0
DOCA ARP port=1 to_host=0 to_uplink=0
DOCA To-Host pipe: 0.00 pkt/s 0.00 MB/s
DOCA To-Host pipe: 0.00 pkt/s 0.00 MB/s
DOCA Host decrypt pipe: 418603.10 pkt/s 602.81 MB/s
DOCA Host decrypt pipe: 419050.87 pkt/s 603.45 MB/s
DOCA Host decrypt pipe: 417899.46 pkt/s 601.80 MB/s
DOCA Host decrypt pipe: 418858.97 pkt/s 603.18 MB/s
DOCA Host decrypt pipe: 419050.87 pkt/s 603.45 MB/s
DOCA Host decrypt pipe: 417707.55 pkt/s 601.52 MB/s
DOCA Host decrypt pipe: 418539.13 pkt/s 602.72 MB/s
DOCA Host decrypt pipe: 418603.10 pkt/s 602.81 MB/s
DOCA Host decrypt pipe: 419114.84 pkt/s 603.55 MB/s
DOCA Host decrypt pipe: 418986.90 pkt/s 603.36 MB/s
DOCA Host decrypt pipe: 418731.03 pkt/s 602.99 MB/s
DOCA Host decrypt pipe: 418858.97 pkt/s 603.18 MB/s
DOCA Host decrypt pipe: 418731.03 pkt/s 602.99 MB/s
DOCA Host decrypt pipe: 418731.03 pkt/s 602.99 MB/s
DOCA Host decrypt pipe: 417515.65 pkt/s 601.24 MB/s
DOCA Host decrypt pipe: 418858.97 pkt/s 603.18 MB/s
DOCA Authenticated ESP RSS pipe: 3348313.05 pkt/s 4821.73 MB/s
DOCA Authenticated ESP RSS pipe: 3349528.43 pkt/s 4823.48 MB/s
DOCA Drop pipe: 0.00 pkt/s 0.00 MB/s
DOCA Drop pipe: 0.00 pkt/s 0.00 MB/s

=== monitoring snapshot ===
Worker statistics:
  lcore=2 queue=0 rate=6698961.18 pkt/s 9646.83 MB/s

Port 0 statistics:
  RX rate: 3349436.96 pkt/s 4823.34 MB/s (missed=70711 errors=0 no_mbuf=0)
  RX queue  0: rate=3349436.96 pkt/s 4823.34 MB/s (errors=0)

Port 1 statistics:
  RX rate: 3349544.51 pkt/s 4823.50 MB/s (missed=73845 errors=0 no_mbuf=0)
  RX queue  0: rate=3349544.51 pkt/s 4823.50 MB/s (errors=0)
DOCA software EGRESS host=2 packets=84942640 bytes=123676483840
DOCA software EGRESS host=3 packets=86343895 bytes=125716711120
DOCA ARP port=0 to_host=0 to_uplink=0
DOCA ARP port=1 to_host=0 to_uplink=0
DOCA To-Host pipe: 0.00 pkt/s 0.00 MB/s
DOCA To-Host pipe: 0.00 pkt/s 0.00 MB/s
DOCA Host decrypt pipe: 418678.83 pkt/s 602.92 MB/s
DOCA Host decrypt pipe: 418998.68 pkt/s 603.38 MB/s
DOCA Host decrypt pipe: 418486.92 pkt/s 602.64 MB/s
DOCA Host decrypt pipe: 419062.65 pkt/s 603.47 MB/s
DOCA Host decrypt pipe: 419062.65 pkt/s 603.47 MB/s
DOCA Host decrypt pipe: 417719.29 pkt/s 601.54 MB/s
DOCA Host decrypt pipe: 418614.86 pkt/s 602.83 MB/s
DOCA Host decrypt pipe: 418678.83 pkt/s 602.92 MB/s
DOCA Host decrypt pipe: 419126.61 pkt/s 603.56 MB/s
DOCA Host decrypt pipe: 418998.68 pkt/s 603.38 MB/s
DOCA Host decrypt pipe: 418614.86 pkt/s 602.83 MB/s
DOCA Host decrypt pipe: 418806.77 pkt/s 603.10 MB/s
DOCA Host decrypt pipe: 418678.83 pkt/s 602.92 MB/s
DOCA Host decrypt pipe: 418742.80 pkt/s 603.01 MB/s
DOCA Host decrypt pipe: 417591.35 pkt/s 601.35 MB/s
DOCA Host decrypt pipe: 418870.74 pkt/s 603.19 MB/s
DOCA Authenticated ESP RSS pipe: 3349302.70 pkt/s 4823.16 MB/s
DOCA Authenticated ESP RSS pipe: 3349430.64 pkt/s 4823.34 MB/s
DOCA Drop pipe: 0.00 pkt/s 0.00 MB/s
DOCA Drop pipe: 0.00 pkt/s 0.00 MB/s

=== monitoring snapshot ===
Worker statistics:
  lcore=2 queue=0 rate=6701009.77 pkt/s 9649.78 MB/s

Port 0 statistics:
  RX rate: 3350457.79 pkt/s 4824.78 MB/s (missed=70711 errors=0 no_mbuf=0)
  RX queue  0: rate=3350457.79 pkt/s 4824.78 MB/s (errors=0)

Port 1 statistics:
  RX rate: 3350522.57 pkt/s 4824.86 MB/s (missed=73845 errors=0 no_mbuf=0)
  RX queue  0: rate=3350522.57 pkt/s 4824.86 MB/s (errors=0)
DOCA software EGRESS host=2 packets=88292334 bytes=128553638304
DOCA software EGRESS host=3 packets=89693939 bytes=130594375184
DOCA ARP port=0 to_host=0 to_uplink=0
DOCA ARP port=1 to_host=0 to_uplink=0
DOCA To-Host pipe: 0.00 pkt/s 0.00 MB/s
DOCA To-Host pipe: 0.00 pkt/s 0.00 MB/s
DOCA Host decrypt pipe: 418616.26 pkt/s 602.83 MB/s
DOCA Host decrypt pipe: 418716.21 pkt/s 602.97 MB/s
DOCA Host decrypt pipe: 418040.54 pkt/s 602.00 MB/s
DOCA Host decrypt pipe: 418936.11 pkt/s 603.29 MB/s
DOCA Host decrypt pipe: 419064.05 pkt/s 603.47 MB/s
DOCA Host decrypt pipe: 417656.72 pkt/s 601.45 MB/s
DOCA Host decrypt pipe: 418552.29 pkt/s 602.74 MB/s
DOCA Host decrypt pipe: 418616.26 pkt/s 602.83 MB/s
DOCA Host decrypt pipe: 419000.08 pkt/s 603.38 MB/s
DOCA Host decrypt pipe: 418680.23 pkt/s 602.92 MB/s
DOCA Host decrypt pipe: 418040.54 pkt/s 602.00 MB/s
DOCA Host decrypt pipe: 418744.20 pkt/s 603.01 MB/s
DOCA Host decrypt pipe: 418680.23 pkt/s 602.92 MB/s
DOCA Host decrypt pipe: 418808.17 pkt/s 603.10 MB/s
DOCA Host decrypt pipe: 417504.79 pkt/s 601.23 MB/s
DOCA Host decrypt pipe: 418872.14 pkt/s 603.20 MB/s
DOCA Authenticated ESP RSS pipe: 3348193.44 pkt/s 4821.56 MB/s
DOCA Authenticated ESP RSS pipe: 3348327.38 pkt/s 4821.75 MB/s
DOCA Drop pipe: 0.00 pkt/s 0.00 MB/s
DOCA Drop pipe: 0.00 pkt/s 0.00 MB/s

=== monitoring snapshot ===
Worker statistics:
  lcore=2 queue=0 rate=6700857.45 pkt/s 9649.56 MB/s

Port 0 statistics:
  RX rate: 3350472.10 pkt/s 4824.78 MB/s (missed=70848 errors=0 no_mbuf=0)
  RX queue  0: rate=3350472.10 pkt/s 4824.78 MB/s (errors=0)

Port 1 statistics:
  RX rate: 3350431.99 pkt/s 4824.57 MB/s (missed=74025 errors=0 no_mbuf=0)
  RX queue  0: rate=3350431.99 pkt/s 4824.57 MB/s (errors=0)
DOCA software EGRESS host=2 packets=91643123 bytes=133432387088
DOCA software EGRESS host=3 packets=93045216 bytes=135473834496
DOCA ARP port=0 to_host=0 to_uplink=0
DOCA ARP port=1 to_host=0 to_uplink=0
DOCA To-Host pipe: 0.00 pkt/s 0.00 MB/s
DOCA To-Host pipe: 0.00 pkt/s 0.00 MB/s
DOCA Host decrypt pipe: 418674.20 pkt/s 602.91 MB/s
DOCA Host decrypt pipe: 418958.06 pkt/s 603.32 MB/s
DOCA Host decrypt pipe: 418610.23 pkt/s 602.82 MB/s
DOCA Host decrypt pipe: 418994.04 pkt/s 603.37 MB/s
DOCA Host decrypt pipe: 419121.98 pkt/s 603.56 MB/s
DOCA Host decrypt pipe: 417714.67 pkt/s 601.53 MB/s
DOCA Host decrypt pipe: 418610.23 pkt/s 602.82 MB/s
DOCA Host decrypt pipe: 418674.20 pkt/s 602.91 MB/s
DOCA Host decrypt pipe: 419058.01 pkt/s 603.46 MB/s
DOCA Host decrypt pipe: 419058.01 pkt/s 603.46 MB/s
DOCA Host decrypt pipe: 418610.23 pkt/s 602.82 MB/s
DOCA Host decrypt pipe: 418930.08 pkt/s 603.28 MB/s
DOCA Host decrypt pipe: 418802.14 pkt/s 603.10 MB/s
DOCA Host decrypt pipe: 418802.14 pkt/s 603.10 MB/s
DOCA Host decrypt pipe: 417610.72 pkt/s 601.38 MB/s
DOCA Host decrypt pipe: 418994.04 pkt/s 603.37 MB/s
DOCA Authenticated ESP RSS pipe: 3349362.63 pkt/s 4823.24 MB/s
DOCA Authenticated ESP RSS pipe: 3349868.38 pkt/s 4823.97 MB/s
DOCA Drop pipe: 0.00 pkt/s 0.00 MB/s
DOCA Drop pipe: 0.00 pkt/s 0.00 MB/s

=== monitoring snapshot ===
Worker statistics:
  lcore=2 queue=0 rate=5064554.20 pkt/s 7293.20 MB/s

Port 0 statistics:
  RX rate: 2532046.00 pkt/s 3646.26 MB/s (missed=70848 errors=0 no_mbuf=0)
  RX queue  0: rate=2532046.00 pkt/s 3646.26 MB/s (errors=0)

Port 1 statistics:
  RX rate: 2531726.20 pkt/s 3645.64 MB/s (missed=74025 errors=0 no_mbuf=0)
  RX queue  0: rate=2531726.20 pkt/s 3645.64 MB/s (errors=0)
DOCA software EGRESS host=2 packets=94993937 bytes=138311172272
DOCA software EGRESS host=3 packets=96396146 bytes=140352788576
DOCA ARP port=0 to_host=0 to_uplink=0
DOCA ARP port=1 to_host=0 to_uplink=0
DOCA To-Host pipe: 0.00 pkt/s 0.00 MB/s
DOCA To-Host pipe: 0.00 pkt/s 0.00 MB/s
DOCA Host decrypt pipe: 418680.52 pkt/s 602.92 MB/s
DOCA Host decrypt pipe: 418872.43 pkt/s 603.20 MB/s
DOCA Host decrypt pipe: 418616.55 pkt/s 602.83 MB/s
DOCA Host decrypt pipe: 419000.37 pkt/s 603.38 MB/s
DOCA Host decrypt pipe: 419064.34 pkt/s 603.47 MB/s
DOCA Host decrypt pipe: 417657.01 pkt/s 601.45 MB/s
DOCA Host decrypt pipe: 418552.58 pkt/s 602.74 MB/s
DOCA Host decrypt pipe: 418616.55 pkt/s 602.83 MB/s
DOCA Host decrypt pipe: 419064.34 pkt/s 603.47 MB/s
DOCA Host decrypt pipe: 418936.40 pkt/s 603.29 MB/s
DOCA Host decrypt pipe: 418616.55 pkt/s 602.83 MB/s
DOCA Host decrypt pipe: 418744.49 pkt/s 603.01 MB/s
DOCA Host decrypt pipe: 418744.49 pkt/s 603.01 MB/s
DOCA Host decrypt pipe: 418808.46 pkt/s 603.10 MB/s
DOCA Host decrypt pipe: 417593.04 pkt/s 601.35 MB/s
DOCA Host decrypt pipe: 418872.43 pkt/s 603.20 MB/s
DOCA Authenticated ESP RSS pipe: 3349060.36 pkt/s 4822.81 MB/s
DOCA Authenticated ESP RSS pipe: 3349380.21 pkt/s 4823.27 MB/s
DOCA Drop pipe: 0.00 pkt/s 0.00 MB/s
DOCA Drop pipe: 0.00 pkt/s 0.00 MB/s

=== monitoring snapshot ===
Worker statistics:
  lcore=2 queue=0 rate=0.00 pkt/s 0.00 MB/s

Port 0 statistics:
  RX rate: 0.00 pkt/s 0.00 MB/s (missed=70848 errors=0 no_mbuf=0)
  RX queue  0: rate=0.00 pkt/s 0.00 MB/s (errors=0)

Port 1 statistics:
  RX rate: 0.00 pkt/s 0.00 MB/s (missed=74025 errors=0 no_mbuf=0)
  RX queue  0: rate=0.00 pkt/s 0.00 MB/s (errors=0)
DOCA software EGRESS host=2 packets=97097472 bytes=141373919232
DOCA software EGRESS host=3 packets=97103191 bytes=141382246096
DOCA ARP port=0 to_host=0 to_uplink=0
DOCA ARP port=1 to_host=0 to_uplink=0
DOCA To-Host pipe: 0.00 pkt/s 0.00 MB/s
DOCA To-Host pipe: 0.00 pkt/s 0.00 MB/s
DOCA Host decrypt pipe: 262775.88 pkt/s 378.41 MB/s
DOCA Host decrypt pipe: 263031.74 pkt/s 378.78 MB/s
DOCA Host decrypt pipe: 262775.88 pkt/s 378.41 MB/s
DOCA Host decrypt pipe: 262839.84 pkt/s 378.50 MB/s
DOCA Host decrypt pipe: 263031.74 pkt/s 378.78 MB/s
DOCA Host decrypt pipe: 262200.17 pkt/s 377.58 MB/s
DOCA Host decrypt pipe: 262775.88 pkt/s 378.41 MB/s
DOCA Host decrypt pipe: 262775.88 pkt/s 378.41 MB/s
DOCA Host decrypt pipe: 88402.21 pkt/s 127.30 MB/s
DOCA Host decrypt pipe: 88338.24 pkt/s 127.21 MB/s
DOCA Host decrypt pipe: 88274.27 pkt/s 127.12 MB/s
DOCA Host decrypt pipe: 88274.27 pkt/s 127.12 MB/s
DOCA Host decrypt pipe: 88338.24 pkt/s 127.21 MB/s
DOCA Host decrypt pipe: 88338.24 pkt/s 127.21 MB/s
DOCA Host decrypt pipe: 88018.40 pkt/s 126.75 MB/s
DOCA Host decrypt pipe: 88274.27 pkt/s 127.12 MB/s
DOCA Authenticated ESP RSS pipe: 2102207.00 pkt/s 3027.28 MB/s
DOCA Authenticated ESP RSS pipe: 706258.14 pkt/s 1017.05 MB/s
DOCA Drop pipe: 0.00 pkt/s 0.00 MB/s
DOCA Drop pipe: 0.00 pkt/s 0.00 MB/s

=== monitoring snapshot ===
Worker statistics:
  lcore=2 queue=0 rate=0.00 pkt/s 0.00 MB/s

Port 0 statistics:
  RX rate: 0.00 pkt/s 0.00 MB/s (missed=70848 errors=0 no_mbuf=0)
  RX queue  0: rate=0.00 pkt/s 0.00 MB/s (errors=0)

Port 1 statistics:
  RX rate: 0.00 pkt/s 0.00 MB/s (missed=74025 errors=0 no_mbuf=0)
  RX queue  0: rate=0.00 pkt/s 0.00 MB/s (errors=0)
DOCA software EGRESS host=2 packets=97097472 bytes=141373919232
DOCA software EGRESS host=3 packets=97103191 bytes=141382246096
DOCA ARP port=0 to_host=0 to_uplink=0
DOCA ARP port=1 to_host=0 to_uplink=0
DOCA To-Host pipe: 0.00 pkt/s 0.00 MB/s
DOCA To-Host pipe: 0.00 pkt/s 0.00 MB/s
DOCA Host decrypt pipe: 0.00 pkt/s 0.00 MB/s
DOCA Host decrypt pipe: 0.00 pkt/s 0.00 MB/s
DOCA Host decrypt pipe: 0.00 pkt/s 0.00 MB/s
DOCA Host decrypt pipe: 0.00 pkt/s 0.00 MB/s
DOCA Host decrypt pipe: 0.00 pkt/s 0.00 MB/s
DOCA Host decrypt pipe: 0.00 pkt/s 0.00 MB/s
DOCA Host decrypt pipe: 0.00 pkt/s 0.00 MB/s
DOCA Host decrypt pipe: 0.00 pkt/s 0.00 MB/s
DOCA Host decrypt pipe: 0.00 pkt/s 0.00 MB/s
DOCA Host decrypt pipe: 0.00 pkt/s 0.00 MB/s
DOCA Host decrypt pipe: 0.00 pkt/s 0.00 MB/s
DOCA Host decrypt pipe: 0.00 pkt/s 0.00 MB/s
DOCA Host decrypt pipe: 0.00 pkt/s 0.00 MB/s
DOCA Host decrypt pipe: 0.00 pkt/s 0.00 MB/s
DOCA Host decrypt pipe: 0.00 pkt/s 0.00 MB/s
DOCA Host decrypt pipe: 0.00 pkt/s 0.00 MB/s
DOCA Authenticated ESP RSS pipe: 0.00 pkt/s 0.00 MB/s
DOCA Authenticated ESP RSS pipe: 0.00 pkt/s 0.00 MB/s
DOCA Drop pipe: 0.00 pkt/s 0.00 MB/s
DOCA Drop pipe: 0.00 pkt/s 0.00 MB/s

=== monitoring snapshot ===
Worker statistics:
  lcore=2 queue=0 rate=0.00 pkt/s 0.00 MB/s

Port 0 statistics:
  RX rate: 0.00 pkt/s 0.00 MB/s (missed=70848 errors=0 no_mbuf=0)
  RX queue  0: rate=0.00 pkt/s 0.00 MB/s (errors=0)

Port 1 statistics:
  RX rate: 0.00 pkt/s 0.00 MB/s (missed=74025 errors=0 no_mbuf=0)
  RX queue  0: rate=0.00 pkt/s 0.00 MB/s (errors=0)
DOCA software EGRESS host=2 packets=97097472 bytes=141373919232
DOCA software EGRESS host=3 packets=97103191 bytes=141382246096
DOCA ARP port=0 to_host=0 to_uplink=0
DOCA ARP port=1 to_host=0 to_uplink=0
DOCA To-Host pipe: 0.00 pkt/s 0.00 MB/s
DOCA To-Host pipe: 0.00 pkt/s 0.00 MB/s
DOCA Host decrypt pipe: 0.00 pkt/s 0.00 MB/s
DOCA Host decrypt pipe: 0.00 pkt/s 0.00 MB/s
DOCA Host decrypt pipe: 0.00 pkt/s 0.00 MB/s
DOCA Host decrypt pipe: 0.00 pkt/s 0.00 MB/s
DOCA Host decrypt pipe: 0.00 pkt/s 0.00 MB/s
DOCA Host decrypt pipe: 0.00 pkt/s 0.00 MB/s
DOCA Host decrypt pipe: 0.00 pkt/s 0.00 MB/s
DOCA Host decrypt pipe: 0.00 pkt/s 0.00 MB/s
DOCA Host decrypt pipe: 0.00 pkt/s 0.00 MB/s
DOCA Host decrypt pipe: 0.00 pkt/s 0.00 MB/s
DOCA Host decrypt pipe: 0.00 pkt/s 0.00 MB/s
DOCA Host decrypt pipe: 0.00 pkt/s 0.00 MB/s
DOCA Host decrypt pipe: 0.00 pkt/s 0.00 MB/s
DOCA Host decrypt pipe: 0.00 pkt/s 0.00 MB/s
DOCA Host decrypt pipe: 0.00 pkt/s 0.00 MB/s
DOCA Host decrypt pipe: 0.00 pkt/s 0.00 MB/s
DOCA Authenticated ESP RSS pipe: 0.00 pkt/s 0.00 MB/s
DOCA Authenticated ESP RSS pipe: 0.00 pkt/s 0.00 MB/s
DOCA Drop pipe: 0.00 pkt/s 0.00 MB/s
DOCA Drop pipe: 0.00 pkt/s 0.00 MB/s

=== monitoring snapshot ===
Worker statistics:
  lcore=2 queue=0 rate=0.00 pkt/s 0.00 MB/s

Port 0 statistics:
  RX rate: 0.00 pkt/s 0.00 MB/s (missed=70848 errors=0 no_mbuf=0)
  RX queue  0: rate=0.00 pkt/s 0.00 MB/s (errors=0)

Port 1 statistics:
  RX rate: 0.00 pkt/s 0.00 MB/s (missed=74025 errors=0 no_mbuf=0)
  RX queue  0: rate=0.00 pkt/s 0.00 MB/s (errors=0)
DOCA software EGRESS host=2 packets=97097472 bytes=141373919232
DOCA software EGRESS host=3 packets=97103191 bytes=141382246096
DOCA ARP port=0 to_host=0 to_uplink=0
DOCA ARP port=1 to_host=0 to_uplink=0
DOCA To-Host pipe: 0.00 pkt/s 0.00 MB/s
DOCA To-Host pipe: 0.00 pkt/s 0.00 MB/s
DOCA Host decrypt pipe: 0.00 pkt/s 0.00 MB/s
DOCA Host decrypt pipe: 0.00 pkt/s 0.00 MB/s
DOCA Host decrypt pipe: 0.00 pkt/s 0.00 MB/s
DOCA Host decrypt pipe: 0.00 pkt/s 0.00 MB/s
DOCA Host decrypt pipe: 0.00 pkt/s 0.00 MB/s
DOCA Host decrypt pipe: 0.00 pkt/s 0.00 MB/s
DOCA Host decrypt pipe: 0.00 pkt/s 0.00 MB/s
DOCA Host decrypt pipe: 0.00 pkt/s 0.00 MB/s
DOCA Host decrypt pipe: 0.00 pkt/s 0.00 MB/s
DOCA Host decrypt pipe: 0.00 pkt/s 0.00 MB/s
DOCA Host decrypt pipe: 0.00 pkt/s 0.00 MB/s
DOCA Host decrypt pipe: 0.00 pkt/s 0.00 MB/s
DOCA Host decrypt pipe: 0.00 pkt/s 0.00 MB/s
DOCA Host decrypt pipe: 0.00 pkt/s 0.00 MB/s
DOCA Host decrypt pipe: 0.00 pkt/s 0.00 MB/s
DOCA Host decrypt pipe: 0.00 pkt/s 0.00 MB/s
DOCA Authenticated ESP RSS pipe: 0.00 pkt/s 0.00 MB/s
DOCA Authenticated ESP RSS pipe: 0.00 pkt/s 0.00 MB/s
DOCA Drop pipe: 0.00 pkt/s 0.00 MB/s
DOCA Drop pipe: 0.00 pkt/s 0.00 MB/s

=== monitoring snapshot ===
Worker statistics:
  lcore=2 queue=0 rate=0.00 pkt/s 0.00 MB/s

Port 0 statistics:
  RX rate: 0.00 pkt/s 0.00 MB/s (missed=70848 errors=0 no_mbuf=0)
  RX queue  0: rate=0.00 pkt/s 0.00 MB/s (errors=0)

Port 1 statistics:
  RX rate: 0.00 pkt/s 0.00 MB/s (missed=74025 errors=0 no_mbuf=0)
  RX queue  0: rate=0.00 pkt/s 0.00 MB/s (errors=0)
DOCA software EGRESS host=2 packets=97097472 bytes=141373919232
DOCA software EGRESS host=3 packets=97103191 bytes=141382246096
DOCA ARP port=0 to_host=0 to_uplink=0
DOCA ARP port=1 to_host=0 to_uplink=0
DOCA To-Host pipe: 0.00 pkt/s 0.00 MB/s
DOCA To-Host pipe: 0.00 pkt/s 0.00 MB/s
DOCA Host decrypt pipe: 0.00 pkt/s 0.00 MB/s
DOCA Host decrypt pipe: 0.00 pkt/s 0.00 MB/s
DOCA Host decrypt pipe: 0.00 pkt/s 0.00 MB/s
DOCA Host decrypt pipe: 0.00 pkt/s 0.00 MB/s
DOCA Host decrypt pipe: 0.00 pkt/s 0.00 MB/s
DOCA Host decrypt pipe: 0.00 pkt/s 0.00 MB/s
DOCA Host decrypt pipe: 0.00 pkt/s 0.00 MB/s
DOCA Host decrypt pipe: 0.00 pkt/s 0.00 MB/s
DOCA Host decrypt pipe: 0.00 pkt/s 0.00 MB/s
DOCA Host decrypt pipe: 0.00 pkt/s 0.00 MB/s
DOCA Host decrypt pipe: 0.00 pkt/s 0.00 MB/s
DOCA Host decrypt pipe: 0.00 pkt/s 0.00 MB/s
DOCA Host decrypt pipe: 0.00 pkt/s 0.00 MB/s
DOCA Host decrypt pipe: 0.00 pkt/s 0.00 MB/s
DOCA Host decrypt pipe: 0.00 pkt/s 0.00 MB/s
DOCA Host decrypt pipe: 0.00 pkt/s 0.00 MB/s
DOCA Authenticated ESP RSS pipe: 0.00 pkt/s 0.00 MB/s
DOCA Authenticated ESP RSS pipe: 0.00 pkt/s 0.00 MB/s
DOCA Drop pipe: 0.00 pkt/s 0.00 MB/s
DOCA Drop pipe: 0.00 pkt/s 0.00 MB/s

=== monitoring snapshot ===
Worker statistics:
  lcore=2 queue=0 rate=0.00 pkt/s 0.00 MB/s

Port 0 statistics:
  RX rate: 0.00 pkt/s 0.00 MB/s (missed=70848 errors=0 no_mbuf=0)
  RX queue  0: rate=0.00 pkt/s 0.00 MB/s (errors=0)

Port 1 statistics:
  RX rate: 0.00 pkt/s 0.00 MB/s (missed=74025 errors=0 no_mbuf=0)
  RX queue  0: rate=0.00 pkt/s 0.00 MB/s (errors=0)
DOCA software EGRESS host=2 packets=97097472 bytes=141373919232
DOCA software EGRESS host=3 packets=97103191 bytes=141382246096
DOCA ARP port=0 to_host=0 to_uplink=0
DOCA ARP port=1 to_host=0 to_uplink=0
DOCA To-Host pipe: 0.00 pkt/s 0.00 MB/s
DOCA To-Host pipe: 0.00 pkt/s 0.00 MB/s
DOCA Host decrypt pipe: 0.00 pkt/s 0.00 MB/s
DOCA Host decrypt pipe: 0.00 pkt/s 0.00 MB/s
DOCA Host decrypt pipe: 0.00 pkt/s 0.00 MB/s
DOCA Host decrypt pipe: 0.00 pkt/s 0.00 MB/s
DOCA Host decrypt pipe: 0.00 pkt/s 0.00 MB/s
DOCA Host decrypt pipe: 0.00 pkt/s 0.00 MB/s
DOCA Host decrypt pipe: 0.00 pkt/s 0.00 MB/s
DOCA Host decrypt pipe: 0.00 pkt/s 0.00 MB/s
DOCA Host decrypt pipe: 0.00 pkt/s 0.00 MB/s
DOCA Host decrypt pipe: 0.00 pkt/s 0.00 MB/s
DOCA Host decrypt pipe: 0.00 pkt/s 0.00 MB/s
DOCA Host decrypt pipe: 0.00 pkt/s 0.00 MB/s
DOCA Host decrypt pipe: 0.00 pkt/s 0.00 MB/s
DOCA Host decrypt pipe: 0.00 pkt/s 0.00 MB/s
DOCA Host decrypt pipe: 0.00 pkt/s 0.00 MB/s
DOCA Host decrypt pipe: 0.00 pkt/s 0.00 MB/s
DOCA Authenticated ESP RSS pipe: 0.00 pkt/s 0.00 MB/s
DOCA Authenticated ESP RSS pipe: 0.00 pkt/s 0.00 MB/s
DOCA Drop pipe: 0.00 pkt/s 0.00 MB/s
DOCA Drop pipe: 0.00 pkt/s 0.00 MB/s

=== monitoring snapshot ===
Worker statistics:
  lcore=2 queue=0 rate=0.00 pkt/s 0.00 MB/s

Port 0 statistics:
  RX rate: 0.00 pkt/s 0.00 MB/s (missed=70848 errors=0 no_mbuf=0)
  RX queue  0: rate=0.00 pkt/s 0.00 MB/s (errors=0)

Port 1 statistics:
  RX rate: 0.00 pkt/s 0.00 MB/s (missed=74025 errors=0 no_mbuf=0)
  RX queue  0: rate=0.00 pkt/s 0.00 MB/s (errors=0)
DOCA software EGRESS host=2 packets=97097472 bytes=141373919232
DOCA software EGRESS host=3 packets=97103191 bytes=141382246096
DOCA ARP port=0 to_host=0 to_uplink=0
DOCA ARP port=1 to_host=0 to_uplink=0
DOCA To-Host pipe: 0.00 pkt/s 0.00 MB/s
DOCA To-Host pipe: 0.00 pkt/s 0.00 MB/s
DOCA Host decrypt pipe: 0.00 pkt/s 0.00 MB/s
DOCA Host decrypt pipe: 0.00 pkt/s 0.00 MB/s
DOCA Host decrypt pipe: 0.00 pkt/s 0.00 MB/s
DOCA Host decrypt pipe: 0.00 pkt/s 0.00 MB/s
DOCA Host decrypt pipe: 0.00 pkt/s 0.00 MB/s
DOCA Host decrypt pipe: 0.00 pkt/s 0.00 MB/s
DOCA Host decrypt pipe: 0.00 pkt/s 0.00 MB/s
DOCA Host decrypt pipe: 0.00 pkt/s 0.00 MB/s
DOCA Host decrypt pipe: 0.00 pkt/s 0.00 MB/s
DOCA Host decrypt pipe: 0.00 pkt/s 0.00 MB/s
DOCA Host decrypt pipe: 0.00 pkt/s 0.00 MB/s
DOCA Host decrypt pipe: 0.00 pkt/s 0.00 MB/s
DOCA Host decrypt pipe: 0.00 pkt/s 0.00 MB/s
DOCA Host decrypt pipe: 0.00 pkt/s 0.00 MB/s
DOCA Host decrypt pipe: 0.00 pkt/s 0.00 MB/s
DOCA Host decrypt pipe: 0.00 pkt/s 0.00 MB/s
DOCA Authenticated ESP RSS pipe: 0.00 pkt/s 0.00 MB/s
DOCA Authenticated ESP RSS pipe: 0.00 pkt/s 0.00 MB/s
DOCA Drop pipe: 0.00 pkt/s 0.00 MB/s
DOCA Drop pipe: 0.00 pkt/s 0.00 MB/s

=== monitoring snapshot ===
Worker statistics:
  lcore=2 queue=0 rate=0.00 pkt/s 0.00 MB/s

Port 0 statistics:
  RX rate: 0.00 pkt/s 0.00 MB/s (missed=70848 errors=0 no_mbuf=0)
  RX queue  0: rate=0.00 pkt/s 0.00 MB/s (errors=0)

Port 1 statistics:
  RX rate: 0.00 pkt/s 0.00 MB/s (missed=74025 errors=0 no_mbuf=0)
  RX queue  0: rate=0.00 pkt/s 0.00 MB/s (errors=0)
DOCA software EGRESS host=2 packets=97097472 bytes=141373919232
DOCA software EGRESS host=3 packets=97103191 bytes=141382246096
DOCA ARP port=0 to_host=0 to_uplink=0
DOCA ARP port=1 to_host=0 to_uplink=0
DOCA To-Host pipe: 0.00 pkt/s 0.00 MB/s
DOCA To-Host pipe: 0.00 pkt/s 0.00 MB/s
DOCA Host decrypt pipe: 0.00 pkt/s 0.00 MB/s
DOCA Host decrypt pipe: 0.00 pkt/s 0.00 MB/s
DOCA Host decrypt pipe: 0.00 pkt/s 0.00 MB/s
DOCA Host decrypt pipe: 0.00 pkt/s 0.00 MB/s
DOCA Host decrypt pipe: 0.00 pkt/s 0.00 MB/s
DOCA Host decrypt pipe: 0.00 pkt/s 0.00 MB/s
DOCA Host decrypt pipe: 0.00 pkt/s 0.00 MB/s
DOCA Host decrypt pipe: 0.00 pkt/s 0.00 MB/s
DOCA Host decrypt pipe: 0.00 pkt/s 0.00 MB/s
DOCA Host decrypt pipe: 0.00 pkt/s 0.00 MB/s
DOCA Host decrypt pipe: 0.00 pkt/s 0.00 MB/s
DOCA Host decrypt pipe: 0.00 pkt/s 0.00 MB/s
DOCA Host decrypt pipe: 0.00 pkt/s 0.00 MB/s
DOCA Host decrypt pipe: 0.00 pkt/s 0.00 MB/s
DOCA Host decrypt pipe: 0.00 pkt/s 0.00 MB/s
DOCA Host decrypt pipe: 0.00 pkt/s 0.00 MB/s
DOCA Authenticated ESP RSS pipe: 0.00 pkt/s 0.00 MB/s
DOCA Authenticated ESP RSS pipe: 0.00 pkt/s 0.00 MB/s
DOCA Drop pipe: 0.00 pkt/s 0.00 MB/s
DOCA Drop pipe: 0.00 pkt/s 0.00 MB/s

=== monitoring snapshot ===
Worker statistics:
  lcore=2 queue=0 rate=0.00 pkt/s 0.00 MB/s

Port 0 statistics:
  RX rate: 0.00 pkt/s 0.00 MB/s (missed=70848 errors=0 no_mbuf=0)
  RX queue  0: rate=0.00 pkt/s 0.00 MB/s (errors=0)

Port 1 statistics:
  RX rate: 0.00 pkt/s 0.00 MB/s (missed=74025 errors=0 no_mbuf=0)
  RX queue  0: rate=0.00 pkt/s 0.00 MB/s (errors=0)
DOCA software EGRESS host=2 packets=97097472 bytes=141373919232
DOCA software EGRESS host=3 packets=97103191 bytes=141382246096
DOCA ARP port=0 to_host=0 to_uplink=0
DOCA ARP port=1 to_host=0 to_uplink=0
DOCA To-Host pipe: 0.00 pkt/s 0.00 MB/s
DOCA To-Host pipe: 0.00 pkt/s 0.00 MB/s
DOCA Host decrypt pipe: 0.00 pkt/s 0.00 MB/s
DOCA Host decrypt pipe: 0.00 pkt/s 0.00 MB/s
DOCA Host decrypt pipe: 0.00 pkt/s 0.00 MB/s
DOCA Host decrypt pipe: 0.00 pkt/s 0.00 MB/s
DOCA Host decrypt pipe: 0.00 pkt/s 0.00 MB/s
DOCA Host decrypt pipe: 0.00 pkt/s 0.00 MB/s
DOCA Host decrypt pipe: 0.00 pkt/s 0.00 MB/s
DOCA Host decrypt pipe: 0.00 pkt/s 0.00 MB/s
DOCA Host decrypt pipe: 0.00 pkt/s 0.00 MB/s
DOCA Host decrypt pipe: 0.00 pkt/s 0.00 MB/s
DOCA Host decrypt pipe: 0.00 pkt/s 0.00 MB/s
DOCA Host decrypt pipe: 0.00 pkt/s 0.00 MB/s
DOCA Host decrypt pipe: 0.00 pkt/s 0.00 MB/s
DOCA Host decrypt pipe: 0.00 pkt/s 0.00 MB/s
DOCA Host decrypt pipe: 0.00 pkt/s 0.00 MB/s
DOCA Host decrypt pipe: 0.00 pkt/s 0.00 MB/s
DOCA Authenticated ESP RSS pipe: 0.00 pkt/s 0.00 MB/s
DOCA Authenticated ESP RSS pipe: 0.00 pkt/s 0.00 MB/s
DOCA Drop pipe: 0.00 pkt/s 0.00 MB/s
DOCA Drop pipe: 0.00 pkt/s 0.00 MB/s

=== monitoring snapshot ===
Worker statistics:
  lcore=2 queue=0 rate=0.00 pkt/s 0.00 MB/s

Port 0 statistics:
  RX rate: 0.00 pkt/s 0.00 MB/s (missed=70848 errors=0 no_mbuf=0)
  RX queue  0: rate=0.00 pkt/s 0.00 MB/s (errors=0)

Port 1 statistics:
  RX rate: 0.00 pkt/s 0.00 MB/s (missed=74025 errors=0 no_mbuf=0)
  RX queue  0: rate=0.00 pkt/s 0.00 MB/s (errors=0)
DOCA software EGRESS host=2 packets=97097472 bytes=141373919232
DOCA software EGRESS host=3 packets=97103191 bytes=141382246096
DOCA ARP port=0 to_host=0 to_uplink=0
DOCA ARP port=1 to_host=0 to_uplink=0
DOCA To-Host pipe: 0.00 pkt/s 0.00 MB/s
DOCA To-Host pipe: 0.00 pkt/s 0.00 MB/s
DOCA Host decrypt pipe: 0.00 pkt/s 0.00 MB/s
DOCA Host decrypt pipe: 0.00 pkt/s 0.00 MB/s
DOCA Host decrypt pipe: 0.00 pkt/s 0.00 MB/s
DOCA Host decrypt pipe: 0.00 pkt/s 0.00 MB/s
DOCA Host decrypt pipe: 0.00 pkt/s 0.00 MB/s
DOCA Host decrypt pipe: 0.00 pkt/s 0.00 MB/s
DOCA Host decrypt pipe: 0.00 pkt/s 0.00 MB/s
DOCA Host decrypt pipe: 0.00 pkt/s 0.00 MB/s
DOCA Host decrypt pipe: 0.00 pkt/s 0.00 MB/s
DOCA Host decrypt pipe: 0.00 pkt/s 0.00 MB/s
DOCA Host decrypt pipe: 0.00 pkt/s 0.00 MB/s
DOCA Host decrypt pipe: 0.00 pkt/s 0.00 MB/s
DOCA Host decrypt pipe: 0.00 pkt/s 0.00 MB/s
DOCA Host decrypt pipe: 0.00 pkt/s 0.00 MB/s
DOCA Host decrypt pipe: 0.00 pkt/s 0.00 MB/s
DOCA Host decrypt pipe: 0.00 pkt/s 0.00 MB/s
DOCA Authenticated ESP RSS pipe: 0.00 pkt/s 0.00 MB/s
DOCA Authenticated ESP RSS pipe: 0.00 pkt/s 0.00 MB/s
DOCA Drop pipe: 0.00 pkt/s 0.00 MB/s
DOCA Drop pipe: 0.00 pkt/s 0.00 MB/s

=== monitoring snapshot ===
Worker statistics:
  lcore=2 queue=0 rate=0.00 pkt/s 0.00 MB/s

Port 0 statistics:
  RX rate: 0.00 pkt/s 0.00 MB/s (missed=70848 errors=0 no_mbuf=0)
  RX queue  0: rate=0.00 pkt/s 0.00 MB/s (errors=0)

Port 1 statistics:
  RX rate: 0.00 pkt/s 0.00 MB/s (missed=74025 errors=0 no_mbuf=0)
  RX queue  0: rate=0.00 pkt/s 0.00 MB/s (errors=0)
DOCA software EGRESS host=2 packets=97097472 bytes=141373919232
DOCA software EGRESS host=3 packets=97103191 bytes=141382246096
DOCA ARP port=0 to_host=0 to_uplink=0
DOCA ARP port=1 to_host=0 to_uplink=0
DOCA To-Host pipe: 0.00 pkt/s 0.00 MB/s
DOCA To-Host pipe: 0.00 pkt/s 0.00 MB/s
DOCA Host decrypt pipe: 0.00 pkt/s 0.00 MB/s
DOCA Host decrypt pipe: 0.00 pkt/s 0.00 MB/s
DOCA Host decrypt pipe: 0.00 pkt/s 0.00 MB/s
DOCA Host decrypt pipe: 0.00 pkt/s 0.00 MB/s
DOCA Host decrypt pipe: 0.00 pkt/s 0.00 MB/s
DOCA Host decrypt pipe: 0.00 pkt/s 0.00 MB/s
DOCA Host decrypt pipe: 0.00 pkt/s 0.00 MB/s
DOCA Host decrypt pipe: 0.00 pkt/s 0.00 MB/s
DOCA Host decrypt pipe: 0.00 pkt/s 0.00 MB/s
DOCA Host decrypt pipe: 0.00 pkt/s 0.00 MB/s
DOCA Host decrypt pipe: 0.00 pkt/s 0.00 MB/s
DOCA Host decrypt pipe: 0.00 pkt/s 0.00 MB/s
DOCA Host decrypt pipe: 0.00 pkt/s 0.00 MB/s
DOCA Host decrypt pipe: 0.00 pkt/s 0.00 MB/s
DOCA Host decrypt pipe: 0.00 pkt/s 0.00 MB/s
DOCA Host decrypt pipe: 0.00 pkt/s 0.00 MB/s
DOCA Authenticated ESP RSS pipe: 0.00 pkt/s 0.00 MB/s
DOCA Authenticated ESP RSS pipe: 0.00 pkt/s 0.00 MB/s
DOCA Drop pipe: 0.00 pkt/s 0.00 MB/s
DOCA Drop pipe: 0.00 pkt/s 0.00 MB/s

=== monitoring snapshot ===
Worker statistics:
  lcore=2 queue=0 rate=0.00 pkt/s 0.00 MB/s

Port 0 statistics:
  RX rate: 0.00 pkt/s 0.00 MB/s (missed=70848 errors=0 no_mbuf=0)
  RX queue  0: rate=0.00 pkt/s 0.00 MB/s (errors=0)

Port 1 statistics:
  RX rate: 0.00 pkt/s 0.00 MB/s (missed=74025 errors=0 no_mbuf=0)
  RX queue  0: rate=0.00 pkt/s 0.00 MB/s (errors=0)
DOCA software EGRESS host=2 packets=97097472 bytes=141373919232
DOCA software EGRESS host=3 packets=97103191 bytes=141382246096
DOCA ARP port=0 to_host=0 to_uplink=0
DOCA ARP port=1 to_host=0 to_uplink=0
DOCA To-Host pipe: 0.00 pkt/s 0.00 MB/s
DOCA To-Host pipe: 0.00 pkt/s 0.00 MB/s
DOCA Host decrypt pipe: 0.00 pkt/s 0.00 MB/s
DOCA Host decrypt pipe: 0.00 pkt/s 0.00 MB/s
DOCA Host decrypt pipe: 0.00 pkt/s 0.00 MB/s
DOCA Host decrypt pipe: 0.00 pkt/s 0.00 MB/s
DOCA Host decrypt pipe: 0.00 pkt/s 0.00 MB/s
DOCA Host decrypt pipe: 0.00 pkt/s 0.00 MB/s
DOCA Host decrypt pipe: 0.00 pkt/s 0.00 MB/s
DOCA Host decrypt pipe: 0.00 pkt/s 0.00 MB/s
DOCA Host decrypt pipe: 0.00 pkt/s 0.00 MB/s
DOCA Host decrypt pipe: 0.00 pkt/s 0.00 MB/s
DOCA Host decrypt pipe: 0.00 pkt/s 0.00 MB/s
DOCA Host decrypt pipe: 0.00 pkt/s 0.00 MB/s
DOCA Host decrypt pipe: 0.00 pkt/s 0.00 MB/s
DOCA Host decrypt pipe: 0.00 pkt/s 0.00 MB/s
DOCA Host decrypt pipe: 0.00 pkt/s 0.00 MB/s
DOCA Host decrypt pipe: 0.00 pkt/s 0.00 MB/s
DOCA Authenticated ESP RSS pipe: 0.00 pkt/s 0.00 MB/s
DOCA Authenticated ESP RSS pipe: 0.00 pkt/s 0.00 MB/s
DOCA Drop pipe: 0.00 pkt/s 0.00 MB/s
DOCA Drop pipe: 0.00 pkt/s 0.00 MB/s

=== monitoring snapshot ===
Worker statistics:
  lcore=2 queue=0 rate=0.00 pkt/s 0.00 MB/s

Port 0 statistics:
  RX rate: 0.00 pkt/s 0.00 MB/s (missed=70848 errors=0 no_mbuf=0)
  RX queue  0: rate=0.00 pkt/s 0.00 MB/s (errors=0)

Port 1 statistics:
  RX rate: 0.00 pkt/s 0.00 MB/s (missed=74025 errors=0 no_mbuf=0)
  RX queue  0: rate=0.00 pkt/s 0.00 MB/s (errors=0)
DOCA software EGRESS host=2 packets=97097472 bytes=141373919232
DOCA software EGRESS host=3 packets=97103191 bytes=141382246096
DOCA ARP port=0 to_host=0 to_uplink=0
DOCA ARP port=1 to_host=0 to_uplink=0
DOCA To-Host pipe: 0.00 pkt/s 0.00 MB/s
DOCA To-Host pipe: 0.00 pkt/s 0.00 MB/s
DOCA Host decrypt pipe: 0.00 pkt/s 0.00 MB/s
DOCA Host decrypt pipe: 0.00 pkt/s 0.00 MB/s
DOCA Host decrypt pipe: 0.00 pkt/s 0.00 MB/s
DOCA Host decrypt pipe: 0.00 pkt/s 0.00 MB/s
DOCA Host decrypt pipe: 0.00 pkt/s 0.00 MB/s
DOCA Host decrypt pipe: 0.00 pkt/s 0.00 MB/s
DOCA Host decrypt pipe: 0.00 pkt/s 0.00 MB/s
DOCA Host decrypt pipe: 0.00 pkt/s 0.00 MB/s
DOCA Host decrypt pipe: 0.00 pkt/s 0.00 MB/s
DOCA Host decrypt pipe: 0.00 pkt/s 0.00 MB/s
DOCA Host decrypt pipe: 0.00 pkt/s 0.00 MB/s
DOCA Host decrypt pipe: 0.00 pkt/s 0.00 MB/s
DOCA Host decrypt pipe: 0.00 pkt/s 0.00 MB/s
DOCA Host decrypt pipe: 0.00 pkt/s 0.00 MB/s
DOCA Host decrypt pipe: 0.00 pkt/s 0.00 MB/s
DOCA Host decrypt pipe: 0.00 pkt/s 0.00 MB/s
DOCA Authenticated ESP RSS pipe: 0.00 pkt/s 0.00 MB/s
DOCA Authenticated ESP RSS pipe: 0.00 pkt/s 0.00 MB/s
DOCA Drop pipe: 0.00 pkt/s 0.00 MB/s
DOCA Drop pipe: 0.00 pkt/s 0.00 MB/s

=== monitoring snapshot ===
Worker statistics:
  lcore=2 queue=0 rate=0.00 pkt/s 0.00 MB/s

Port 0 statistics:
  RX rate: 0.00 pkt/s 0.00 MB/s (missed=70848 errors=0 no_mbuf=0)
  RX queue  0: rate=0.00 pkt/s 0.00 MB/s (errors=0)

Port 1 statistics:
  RX rate: 0.00 pkt/s 0.00 MB/s (missed=74025 errors=0 no_mbuf=0)
  RX queue  0: rate=0.00 pkt/s 0.00 MB/s (errors=0)
DOCA software EGRESS host=2 packets=97097472 bytes=141373919232
DOCA software EGRESS host=3 packets=97103191 bytes=141382246096
DOCA ARP port=0 to_host=0 to_uplink=0
DOCA ARP port=1 to_host=0 to_uplink=0
DOCA To-Host pipe: 0.00 pkt/s 0.00 MB/s
DOCA To-Host pipe: 0.00 pkt/s 0.00 MB/s
DOCA Host decrypt pipe: 0.00 pkt/s 0.00 MB/s
DOCA Host decrypt pipe: 0.00 pkt/s 0.00 MB/s
DOCA Host decrypt pipe: 0.00 pkt/s 0.00 MB/s
DOCA Host decrypt pipe: 0.00 pkt/s 0.00 MB/s
DOCA Host decrypt pipe: 0.00 pkt/s 0.00 MB/s
DOCA Host decrypt pipe: 0.00 pkt/s 0.00 MB/s
DOCA Host decrypt pipe: 0.00 pkt/s 0.00 MB/s
DOCA Host decrypt pipe: 0.00 pkt/s 0.00 MB/s
DOCA Host decrypt pipe: 0.00 pkt/s 0.00 MB/s
DOCA Host decrypt pipe: 0.00 pkt/s 0.00 MB/s
DOCA Host decrypt pipe: 0.00 pkt/s 0.00 MB/s
DOCA Host decrypt pipe: 0.00 pkt/s 0.00 MB/s
DOCA Host decrypt pipe: 0.00 pkt/s 0.00 MB/s
DOCA Host decrypt pipe: 0.00 pkt/s 0.00 MB/s
DOCA Host decrypt pipe: 0.00 pkt/s 0.00 MB/s
DOCA Host decrypt pipe: 0.00 pkt/s 0.00 MB/s
DOCA Authenticated ESP RSS pipe: 0.00 pkt/s 0.00 MB/s
DOCA Authenticated ESP RSS pipe: 0.00 pkt/s 0.00 MB/s
DOCA Drop pipe: 0.00 pkt/s 0.00 MB/s
DOCA Drop pipe: 0.00 pkt/s 0.00 MB/s
[17:44:03:005300][3544244000][DOCA][INF][monitoring_dpdk.cpp:181][monitoring_dpdk_worker_loop] RSS SA=0 queue=0 packets=12137992
[17:44:03:005328][3544244000][DOCA][INF][monitoring_dpdk.cpp:181][monitoring_dpdk_worker_loop] RSS SA=1 queue=0 packets=12137515
[17:44:03:005332][3544244000][DOCA][INF][monitoring_dpdk.cpp:181][monitoring_dpdk_worker_loop] RSS SA=2 queue=0 packets=12131030
[17:44:03:005334][3544244000][DOCA][INF][monitoring_dpdk.cpp:181][monitoring_dpdk_worker_loop] RSS SA=3 queue=0 packets=12155574
[17:44:03:005336][3544244000][DOCA][INF][monitoring_dpdk.cpp:181][monitoring_dpdk_worker_loop] RSS SA=4 queue=0 packets=12155092
[17:44:03:005338][3544244000][DOCA][INF][monitoring_dpdk.cpp:181][monitoring_dpdk_worker_loop] RSS SA=5 queue=0 packets=12122054
[17:44:03:005340][3544244000][DOCA][INF][monitoring_dpdk.cpp:181][monitoring_dpdk_worker_loop] RSS SA=6 queue=0 packets=12126805
[17:44:03:005341][3544244000][DOCA][INF][monitoring_dpdk.cpp:181][monitoring_dpdk_worker_loop] RSS SA=7 queue=0 packets=12131410
[17:44:03:005343][3544244000][DOCA][INF][monitoring_dpdk.cpp:181][monitoring_dpdk_worker_loop] RSS SA=8 queue=0 packets=12146647
[17:44:03:005345][3544244000][DOCA][INF][monitoring_dpdk.cpp:181][monitoring_dpdk_worker_loop] RSS SA=9 queue=0 packets=12151585
[17:44:03:005346][3544244000][DOCA][INF][monitoring_dpdk.cpp:181][monitoring_dpdk_worker_loop] RSS SA=10 queue=0 packets=12149812
[17:44:03:005348][3544244000][DOCA][INF][monitoring_dpdk.cpp:181][monitoring_dpdk_worker_loop] RSS SA=11 queue=0 packets=12153010
[17:44:03:005350][3544244000][DOCA][INF][monitoring_dpdk.cpp:181][monitoring_dpdk_worker_loop] RSS SA=12 queue=0 packets=12131952
[17:44:03:005352][3544244000][DOCA][INF][monitoring_dpdk.cpp:181][monitoring_dpdk_worker_loop] RSS SA=13 queue=0 packets=12137766
[17:44:03:005353][3544244000][DOCA][INF][monitoring_dpdk.cpp:181][monitoring_dpdk_worker_loop] RSS SA=14 queue=0 packets=12099510
[17:44:03:005355][3544244000][DOCA][INF][monitoring_dpdk.cpp:181][monitoring_dpdk_worker_loop] RSS SA=15 queue=0 packets=12132909
[17:44:03:005357][3544244000][DOCA][INF][monitoring_dpdk.cpp:182][monitoring_dpdk_worker_loop] linearized queue=0 packets=0
[17:44:03:005359][3544244000][DOCA][INF][monitoring_dpdk.cpp:183][monitoring_dpdk_worker_loop] ESP totals queue=0 accepted=194200663 malformed=0 unauthenticated=0 replay=0 tx=194200663 tx_drop=0 tx_bytes=282756165328
[17:44:03:061488][3634316640][DOCA][INF][monitoring_doca.cpp:274][~MonitoringDoca] DOCA port stopped (port=3)
[17:44:03:061859][3634316640][DOCA][INF][monitoring_doca.cpp:274][~MonitoringDoca] DOCA port stopped (port=2)
[17:44:03:827493][3634316640][DOCA][INF][monitoring_doca.cpp:274][~MonitoringDoca] DOCA port stopped (port=1)
[17:44:04:408943][3634316640][DOCA][INF][monitoring_doca.cpp:274][~MonitoringDoca] DOCA port stopped (port=0)
[17:44:04:409396][3634316640][DOCA][INF][monitoring_doca.cpp:278][~MonitoringDoca] DOCA flow destroyed
[17:44:04:409428][3634316640][DOCA][INF][monitoring_dpdk.cpp:270][~MonitoringDpdk] DPDK shutdown
