EAL arguments (9): ./build/dpdk_simple_recv --file-prefix decap-isolate-sweep1-7200-saone7200a-static-rx -a 0000:01:00.0 -a 0000:01:00.1 -l 45-47 
EAL: Detected CPU lcores: 48
EAL: Detected NUMA nodes: 1
EAL: Detected shared linkage of DPDK
EAL: Multi-process socket /var/run/dpdk/decap-isolate-sweep1-7200-saone7200a-static-rx/mp_socket
EAL: Selected IOVA mode 'VA'
EAL: VFIO support initialized
EAL: Probe PCI driver: mlx5_pci (15b3:a2dc) device: 0000:01:00.0 (socket 0)
EAL: Probe PCI driver: mlx5_pci (15b3:a2dc) device: 0000:01:00.1 (socket 0)
TELEMETRY: No legacy callbacks, legacy socket not created
Available DPDK ports: 2
Using 2 ports (0-1)
Total lcores: 3, Main lcore: 45, Worker lcores available: 2
Setting up 1 RX queue(s) per port (2 total)
DPDK Simple Packet Receiver
  Ports: 2
  Filter: All UDP
  Batch size: 64
RX worker core 46 receiving on port 0 queue 0
RX worker core 47 receiving on port 1 queue 0
RX port 0: 0.0 pps, 0.0 MB/s
RX port 1: 0.0 pps, 0.0 MB/s
TOTAL RX: 0.0 pps, 0.0 MB/s | per-port avg: 0.0 pps, 0.0 MB/s (2 ports) [missed=0, no_mbuf=0]
RX port 0: 0.0 pps, 0.0 MB/s
RX port 1: 0.0 pps, 0.0 MB/s
TOTAL RX: 0.0 pps, 0.0 MB/s | per-port avg: 0.0 pps, 0.0 MB/s (2 ports) [missed=0, no_mbuf=0]
RX port 0: 642358.0 pps, 891.9 MB/s
RX port 1: 625960.0 pps, 869.2 MB/s
TOTAL RX: 1268318.0 pps, 1761.1 MB/s | per-port avg: 634159.0 pps, 880.6 MB/s (2 ports) [missed=0, no_mbuf=0]
RX port 0: 3335731.0 pps, 4631.8 MB/s
RX port 1: 3335946.0 pps, 4632.1 MB/s
TOTAL RX: 6671677.0 pps, 9264.0 MB/s | per-port avg: 3335838.5 pps, 4632.0 MB/s (2 ports) [missed=0, no_mbuf=0]
RX port 0: 3348757.0 pps, 4649.9 MB/s
RX port 1: 3349560.0 pps, 4651.0 MB/s
TOTAL RX: 6698317.0 pps, 9300.9 MB/s | per-port avg: 3349158.5 pps, 4650.5 MB/s (2 ports) [missed=0, no_mbuf=0]
RX port 0: 3348660.0 pps, 4649.8 MB/s
RX port 1: 3349298.0 pps, 4650.7 MB/s
TOTAL RX: 6697957.9 pps, 9300.4 MB/s | per-port avg: 3348979.0 pps, 4650.2 MB/s (2 ports) [missed=0, no_mbuf=0]
RX port 0: 3345849.0 pps, 4645.9 MB/s
RX port 1: 3346537.0 pps, 4646.8 MB/s
TOTAL RX: 6692385.9 pps, 9292.7 MB/s | per-port avg: 3346193.0 pps, 4646.4 MB/s (2 ports) [missed=0, no_mbuf=0]
RX port 0: 3347654.0 pps, 4648.4 MB/s
RX port 1: 3348066.0 pps, 4649.0 MB/s
TOTAL RX: 6695720.0 pps, 9297.3 MB/s | per-port avg: 3347860.0 pps, 4648.7 MB/s (2 ports) [missed=0, no_mbuf=0]
RX port 0: 3348193.0 pps, 4649.1 MB/s
RX port 1: 3348700.0 pps, 4649.8 MB/s
TOTAL RX: 6696893.0 pps, 9299.0 MB/s | per-port avg: 3348446.5 pps, 4649.5 MB/s (2 ports) [missed=0, no_mbuf=0]
RX port 0: 3345656.0 pps, 4645.6 MB/s
RX port 1: 3347988.0 pps, 4648.8 MB/s
TOTAL RX: 6693644.0 pps, 9294.5 MB/s | per-port avg: 3346822.0 pps, 4647.2 MB/s (2 ports) [missed=0, no_mbuf=0]
RX port 0: 3337244.0 pps, 4633.9 MB/s
RX port 1: 3337655.0 pps, 4634.5 MB/s
TOTAL RX: 6674898.9 pps, 9268.4 MB/s | per-port avg: 3337449.5 pps, 4634.2 MB/s (2 ports) [missed=0, no_mbuf=0]
RX port 0: 3348972.0 pps, 4650.2 MB/s
RX port 1: 3349597.0 pps, 4651.1 MB/s
TOTAL RX: 6698569.0 pps, 9301.3 MB/s | per-port avg: 3349284.5 pps, 4650.6 MB/s (2 ports) [missed=0, no_mbuf=0]
RX port 0: 3349187.0 pps, 4650.5 MB/s
RX port 1: 3349947.0 pps, 4651.6 MB/s
TOTAL RX: 6699134.0 pps, 9302.1 MB/s | per-port avg: 3349567.0 pps, 4651.0 MB/s (2 ports) [missed=0, no_mbuf=0]
RX port 0: 3348585.0 pps, 4649.7 MB/s
RX port 1: 3349548.0 pps, 4651.0 MB/s
TOTAL RX: 6698133.0 pps, 9300.7 MB/s | per-port avg: 3349066.5 pps, 4650.3 MB/s (2 ports) [missed=0, no_mbuf=0]
RX port 0: 3349047.0 pps, 4650.3 MB/s
RX port 1: 3349526.0 pps, 4651.0 MB/s
TOTAL RX: 6698572.9 pps, 9301.3 MB/s | per-port avg: 3349286.5 pps, 4650.7 MB/s (2 ports) [missed=0, no_mbuf=0]
RX port 0: 3342851.0 pps, 4641.7 MB/s
RX port 1: 3345532.0 pps, 4645.4 MB/s
TOTAL RX: 6688382.9 pps, 9287.2 MB/s | per-port avg: 3344191.5 pps, 4643.6 MB/s (2 ports) [missed=0, no_mbuf=0]
RX port 0: 3347927.0 pps, 4648.8 MB/s
RX port 1: 3349306.0 pps, 4650.7 MB/s
TOTAL RX: 6697232.9 pps, 9299.4 MB/s | per-port avg: 3348616.5 pps, 4649.7 MB/s (2 ports) [missed=0, no_mbuf=0]
RX port 0: 3348418.0 pps, 4649.4 MB/s
RX port 1: 3349096.0 pps, 4650.4 MB/s
TOTAL RX: 6697513.9 pps, 9299.8 MB/s | per-port avg: 3348757.0 pps, 4649.9 MB/s (2 ports) [missed=0, no_mbuf=0]
RX port 0: 3348983.0 pps, 4650.2 MB/s
RX port 1: 3349718.0 pps, 4651.3 MB/s
TOTAL RX: 6698701.0 pps, 9301.5 MB/s | per-port avg: 3349350.5 pps, 4650.7 MB/s (2 ports) [missed=0, no_mbuf=0]
RX port 0: 3348669.0 pps, 4649.8 MB/s
RX port 1: 3349357.0 pps, 4650.7 MB/s
TOTAL RX: 6698026.0 pps, 9300.5 MB/s | per-port avg: 3349013.0 pps, 4650.3 MB/s (2 ports) [missed=0, no_mbuf=0]
RX port 0: 3348949.0 pps, 4650.2 MB/s
RX port 1: 3349714.0 pps, 4651.2 MB/s
TOTAL RX: 6698662.9 pps, 9301.4 MB/s | per-port avg: 3349331.5 pps, 4650.7 MB/s (2 ports) [missed=0, no_mbuf=0]
RX port 0: 3348921.0 pps, 4650.1 MB/s
RX port 1: 3349629.0 pps, 4651.1 MB/s
TOTAL RX: 6698549.9 pps, 9301.3 MB/s | per-port avg: 3349275.0 pps, 4650.6 MB/s (2 ports) [missed=0, no_mbuf=0]
RX port 0: 3348930.0 pps, 4650.2 MB/s
RX port 1: 3349666.0 pps, 4651.2 MB/s
TOTAL RX: 6698596.0 pps, 9301.3 MB/s | per-port avg: 3349298.0 pps, 4650.7 MB/s (2 ports) [missed=0, no_mbuf=0]
RX port 0: 3346313.0 pps, 4646.5 MB/s
RX port 1: 3348853.0 pps, 4650.0 MB/s
TOTAL RX: 6695166.0 pps, 9296.6 MB/s | per-port avg: 3347583.0 pps, 4648.3 MB/s (2 ports) [missed=0, no_mbuf=0]
RX port 0: 3348420.0 pps, 4649.4 MB/s
RX port 1: 3349149.0 pps, 4650.5 MB/s
TOTAL RX: 6697569.0 pps, 9299.9 MB/s | per-port avg: 3348784.5 pps, 4650.0 MB/s (2 ports) [missed=0, no_mbuf=0]
RX port 0: 3347248.0 pps, 4647.8 MB/s
RX port 1: 3347805.0 pps, 4648.6 MB/s
TOTAL RX: 6695053.0 pps, 9296.4 MB/s | per-port avg: 3347526.5 pps, 4648.2 MB/s (2 ports) [missed=0, no_mbuf=0]
RX port 0: 3346317.0 pps, 4646.5 MB/s
RX port 1: 3346986.0 pps, 4647.5 MB/s
TOTAL RX: 6693302.9 pps, 9294.0 MB/s | per-port avg: 3346651.5 pps, 4647.0 MB/s (2 ports) [missed=0, no_mbuf=0]
RX port 0: 3347957.0 pps, 4648.8 MB/s
RX port 1: 3348378.0 pps, 4649.4 MB/s
TOTAL RX: 6696335.0 pps, 9298.2 MB/s | per-port avg: 3348167.5 pps, 4649.1 MB/s (2 ports) [missed=0, no_mbuf=0]
RX port 0: 3347988.0 pps, 4648.8 MB/s
RX port 1: 3348084.0 pps, 4649.0 MB/s
TOTAL RX: 6696072.0 pps, 9297.8 MB/s | per-port avg: 3348036.0 pps, 4648.9 MB/s (2 ports) [missed=0, no_mbuf=0]
RX port 0: 3348890.0 pps, 4650.1 MB/s
RX port 1: 3348896.0 pps, 4650.1 MB/s
TOTAL RX: 6697786.0 pps, 9300.2 MB/s | per-port avg: 3348893.0 pps, 4650.1 MB/s (2 ports) [missed=0, no_mbuf=0]
RX port 0: 3348885.0 pps, 4650.1 MB/s
RX port 1: 3349043.0 pps, 4650.3 MB/s
TOTAL RX: 6697927.9 pps, 9300.4 MB/s | per-port avg: 3348964.0 pps, 4650.2 MB/s (2 ports) [missed=0, no_mbuf=0]
RX port 0: 2735915.0 pps, 3799.0 MB/s
RX port 1: 2735652.0 pps, 3798.6 MB/s
TOTAL RX: 5471566.9 pps, 7597.5 MB/s | per-port avg: 2735783.5 pps, 3798.8 MB/s (2 ports) [missed=0, no_mbuf=0]
RX port 0: 0.0 pps, 0.0 MB/s
RX port 1: 0.0 pps, 0.0 MB/s
TOTAL RX: 0.0 pps, 0.0 MB/s | per-port avg: 0.0 pps, 0.0 MB/s (2 ports) [missed=0, no_mbuf=0]
RX port 0: 0.0 pps, 0.0 MB/s
RX port 1: 0.0 pps, 0.0 MB/s
TOTAL RX: 0.0 pps, 0.0 MB/s | per-port avg: 0.0 pps, 0.0 MB/s (2 ports) [missed=0, no_mbuf=0]
RX port 0: 0.0 pps, 0.0 MB/s
RX port 1: 0.0 pps, 0.0 MB/s
TOTAL RX: 0.0 pps, 0.0 MB/s | per-port avg: 0.0 pps, 0.0 MB/s (2 ports) [missed=0, no_mbuf=0]
RX port 0: 0.0 pps, 0.0 MB/s
RX port 1: 0.0 pps, 0.0 MB/s
TOTAL RX: 0.0 pps, 0.0 MB/s | per-port avg: 0.0 pps, 0.0 MB/s (2 ports) [missed=0, no_mbuf=0]
RX port 0: 0.0 pps, 0.0 MB/s
RX port 1: 0.0 pps, 0.0 MB/s
TOTAL RX: 0.0 pps, 0.0 MB/s | per-port avg: 0.0 pps, 0.0 MB/s (2 ports) [missed=0, no_mbuf=0]
RX port 0: 0.0 pps, 0.0 MB/s
RX port 1: 0.0 pps, 0.0 MB/s
TOTAL RX: 0.0 pps, 0.0 MB/s | per-port avg: 0.0 pps, 0.0 MB/s (2 ports) [missed=0, no_mbuf=0]
RX port 0: 0.0 pps, 0.0 MB/s
RX port 1: 0.0 pps, 0.0 MB/s
TOTAL RX: 0.0 pps, 0.0 MB/s | per-port avg: 0.0 pps, 0.0 MB/s (2 ports) [missed=0, no_mbuf=0]
RX port 0: 0.0 pps, 0.0 MB/s
RX port 1: 0.0 pps, 0.0 MB/s
TOTAL RX: 0.0 pps, 0.0 MB/s | per-port avg: 0.0 pps, 0.0 MB/s (2 ports) [missed=0, no_mbuf=0]
RX port 0: 0.0 pps, 0.0 MB/s
RX port 1: 0.0 pps, 0.0 MB/s
TOTAL RX: 0.0 pps, 0.0 MB/s | per-port avg: 0.0 pps, 0.0 MB/s (2 ports) [missed=0, no_mbuf=0]
RX port 0: 0.0 pps, 0.0 MB/s
RX port 1: 0.0 pps, 0.0 MB/s
TOTAL RX: 0.0 pps, 0.0 MB/s | per-port avg: 0.0 pps, 0.0 MB/s (2 ports) [missed=0, no_mbuf=0]
RX port 0: 0.0 pps, 0.0 MB/s
RX port 1: 0.0 pps, 0.0 MB/s
TOTAL RX: 0.0 pps, 0.0 MB/s | per-port avg: 0.0 pps, 0.0 MB/s (2 ports) [missed=0, no_mbuf=0]
RX port 0: 0.0 pps, 0.0 MB/s
RX port 1: 0.0 pps, 0.0 MB/s
TOTAL RX: 0.0 pps, 0.0 MB/s | per-port avg: 0.0 pps, 0.0 MB/s (2 ports) [missed=0, no_mbuf=0]

Received signal 2, shutting down...

Received signal 2, shutting down...
Stopping all ports...
Stopping port 0...
Stopping port 1...
