EAL arguments (9): ./build/dpdk_simple_recv --file-prefix decap-isolate-sweep1-7800-saone7800a-static-rx -a 0000:01:00.0 -a 0000:01:00.1 -l 45-47 
EAL: Detected CPU lcores: 48
EAL: Detected NUMA nodes: 1
EAL: Detected shared linkage of DPDK
EAL: Multi-process socket /var/run/dpdk/decap-isolate-sweep1-7800-saone7800a-static-rx/mp_socket
EAL: Selected IOVA mode 'VA'
EAL: VFIO support initialized
EAL: Probe PCI driver: mlx5_pci (15b3:a2dc) device: 0000:01:00.0 (socket 0)
EAL: Probe PCI driver: mlx5_pci (15b3:a2dc) device: 0000:01:00.1 (socket 0)
Available DPDK ports: 2
Using 2 ports (0-1)
Total lcores: 3, Main lcore: 45, Worker lcores available: 2
Setting up 1 RX queue(s) per port (2 total)
TELEMETRY: No legacy callbacks, legacy socket not created
DPDK Simple Packet Receiver
  Ports: 2
  Filter: All UDP
  Batch size: 64
RX worker core 46 receiving on port 0 queue 0
RX worker core 47 receiving on port 1 queue 0
RX port 0: 0.0 pps, 0.0 MB/s
RX port 1: 0.0 pps, 0.0 MB/s
TOTAL RX: 0.0 pps, 0.0 MB/s | per-port avg: 0.0 pps, 0.0 MB/s (2 ports) [missed=0, no_mbuf=0]
RX port 0: 0.0 pps, 0.0 MB/s
RX port 1: 0.0 pps, 0.0 MB/s
TOTAL RX: 0.0 pps, 0.0 MB/s | per-port avg: 0.0 pps, 0.0 MB/s (2 ports) [missed=0, no_mbuf=0]
RX port 0: 604318.0 pps, 839.1 MB/s
RX port 1: 588702.0 pps, 817.4 MB/s
TOTAL RX: 1193020.0 pps, 1656.6 MB/s | per-port avg: 596510.0 pps, 828.3 MB/s (2 ports) [missed=0, no_mbuf=0]
RX port 0: 3136578.0 pps, 4355.3 MB/s
RX port 1: 3138338.0 pps, 4357.7 MB/s
TOTAL RX: 6274915.9 pps, 8713.0 MB/s | per-port avg: 3137458.0 pps, 4356.5 MB/s (2 ports) [missed=0, no_mbuf=0]
RX port 0: 3130336.0 pps, 4346.6 MB/s
RX port 1: 3132128.0 pps, 4349.1 MB/s
TOTAL RX: 6262464.0 pps, 8695.7 MB/s | per-port avg: 3131232.0 pps, 4347.9 MB/s (2 ports) [missed=0, no_mbuf=0]
RX port 0: 3130272.0 pps, 4346.5 MB/s
RX port 1: 3132160.0 pps, 4349.2 MB/s
TOTAL RX: 6262431.9 pps, 8695.7 MB/s | per-port avg: 3131216.0 pps, 4347.8 MB/s (2 ports) [missed=0, no_mbuf=0]
RX port 0: 3130463.0 pps, 4346.8 MB/s
RX port 1: 3131936.0 pps, 4348.8 MB/s
TOTAL RX: 6262398.9 pps, 8695.7 MB/s | per-port avg: 3131199.5 pps, 4347.8 MB/s (2 ports) [missed=0, no_mbuf=0]
RX port 0: 3129058.0 pps, 4344.9 MB/s
RX port 1: 3130913.0 pps, 4347.4 MB/s
TOTAL RX: 6259970.9 pps, 8692.3 MB/s | per-port avg: 3129985.5 pps, 4346.1 MB/s (2 ports) [missed=0, no_mbuf=0]
RX port 0: 3130559.0 pps, 4346.9 MB/s
RX port 1: 3132160.0 pps, 4349.2 MB/s
TOTAL RX: 6262718.9 pps, 8696.1 MB/s | per-port avg: 3131359.5 pps, 4348.0 MB/s (2 ports) [missed=0, no_mbuf=0]
RX port 0: 3130529.0 pps, 4346.9 MB/s
RX port 1: 3132000.0 pps, 4348.9 MB/s
TOTAL RX: 6262529.0 pps, 8695.8 MB/s | per-port avg: 3131264.5 pps, 4347.9 MB/s (2 ports) [missed=0, no_mbuf=0]
RX port 0: 3130496.0 pps, 4346.8 MB/s
RX port 1: 3132224.0 pps, 4349.2 MB/s
TOTAL RX: 6262719.9 pps, 8696.1 MB/s | per-port avg: 3131360.0 pps, 4348.0 MB/s (2 ports) [missed=0, no_mbuf=0]
RX port 0: 3130400.0 pps, 4346.7 MB/s
RX port 1: 3132032.0 pps, 4349.0 MB/s
TOTAL RX: 6262432.0 pps, 8695.7 MB/s | per-port avg: 3131216.0 pps, 4347.8 MB/s (2 ports) [missed=0, no_mbuf=0]
RX port 0: 3130432.0 pps, 4346.8 MB/s
RX port 1: 3132064.0 pps, 4349.0 MB/s
TOTAL RX: 6262496.0 pps, 8695.8 MB/s | per-port avg: 3131248.0 pps, 4347.9 MB/s (2 ports) [missed=0, no_mbuf=0]
RX port 0: 3130400.0 pps, 4346.7 MB/s
RX port 1: 3132639.0 pps, 4349.8 MB/s
TOTAL RX: 6263039.0 pps, 8696.5 MB/s | per-port avg: 3131519.5 pps, 4348.3 MB/s (2 ports) [missed=0, no_mbuf=0]
RX port 0: 3130432.0 pps, 4346.8 MB/s
RX port 1: 3133089.0 pps, 4350.5 MB/s
TOTAL RX: 6263520.9 pps, 8697.2 MB/s | per-port avg: 3131760.5 pps, 4348.6 MB/s (2 ports) [missed=0, no_mbuf=0]
RX port 0: 3130400.0 pps, 4346.7 MB/s
RX port 1: 3132832.0 pps, 4350.1 MB/s
TOTAL RX: 6263232.0 pps, 8696.8 MB/s | per-port avg: 3131616.0 pps, 4348.4 MB/s (2 ports) [missed=0, no_mbuf=0]
RX port 0: 3130557.0 pps, 4346.9 MB/s
RX port 1: 3132896.0 pps, 4350.2 MB/s
TOTAL RX: 6263453.0 pps, 8697.1 MB/s | per-port avg: 3131726.5 pps, 4348.6 MB/s (2 ports) [missed=0, no_mbuf=0]
RX port 0: 3130147.0 pps, 4346.4 MB/s
RX port 1: 3133024.0 pps, 4350.4 MB/s
TOTAL RX: 6263171.0 pps, 8696.7 MB/s | per-port avg: 3131585.5 pps, 4348.4 MB/s (2 ports) [missed=0, no_mbuf=0]
RX port 0: 3130496.0 pps, 4346.8 MB/s
RX port 1: 3132960.0 pps, 4350.3 MB/s
TOTAL RX: 6263456.0 pps, 8697.1 MB/s | per-port avg: 3131728.0 pps, 4348.6 MB/s (2 ports) [missed=0, no_mbuf=0]
RX port 0: 3130464.0 pps, 4346.8 MB/s
RX port 1: 3133024.0 pps, 4350.4 MB/s
TOTAL RX: 6263487.9 pps, 8697.2 MB/s | per-port avg: 3131744.0 pps, 4348.6 MB/s (2 ports) [missed=0, no_mbuf=0]
RX port 0: 3130432.0 pps, 4346.8 MB/s
RX port 1: 3132864.0 pps, 4350.1 MB/s
TOTAL RX: 6263296.0 pps, 8696.9 MB/s | per-port avg: 3131648.0 pps, 4348.4 MB/s (2 ports) [missed=0, no_mbuf=0]
RX port 0: 3130432.0 pps, 4346.8 MB/s
RX port 1: 3131840.0 pps, 4348.7 MB/s
TOTAL RX: 6262271.9 pps, 8695.5 MB/s | per-port avg: 3131136.0 pps, 4347.7 MB/s (2 ports) [missed=0, no_mbuf=0]
RX port 0: 3129501.0 pps, 4345.5 MB/s
RX port 1: 3132669.0 pps, 4349.9 MB/s
TOTAL RX: 6262170.0 pps, 8695.3 MB/s | per-port avg: 3131085.0 pps, 4347.7 MB/s (2 ports) [missed=0, no_mbuf=0]
RX port 0: 3129276.0 pps, 4345.2 MB/s
RX port 1: 3132963.0 pps, 4350.3 MB/s
TOTAL RX: 6262239.0 pps, 8695.4 MB/s | per-port avg: 3131119.5 pps, 4347.7 MB/s (2 ports) [missed=0, no_mbuf=0]
RX port 0: 3129059.0 pps, 4344.9 MB/s
RX port 1: 3132157.0 pps, 4349.2 MB/s
TOTAL RX: 6261216.0 pps, 8694.0 MB/s | per-port avg: 3130608.0 pps, 4347.0 MB/s (2 ports) [missed=0, no_mbuf=0]
RX port 0: 3129252.0 pps, 4345.1 MB/s
RX port 1: 3132483.0 pps, 4349.6 MB/s
TOTAL RX: 6261735.0 pps, 8694.7 MB/s | per-port avg: 3130867.5 pps, 4347.4 MB/s (2 ports) [missed=0, no_mbuf=0]
RX port 0: 3129278.0 pps, 4345.2 MB/s
RX port 1: 3132896.0 pps, 4350.2 MB/s
TOTAL RX: 6262173.9 pps, 8695.3 MB/s | per-port avg: 3131087.0 pps, 4347.7 MB/s (2 ports) [missed=0, no_mbuf=0]
RX port 0: 3129218.0 pps, 4345.1 MB/s
RX port 1: 3131034.0 pps, 4347.6 MB/s
TOTAL RX: 6260251.9 pps, 8692.7 MB/s | per-port avg: 3130126.0 pps, 4346.3 MB/s (2 ports) [missed=0, no_mbuf=0]
RX port 0: 3130269.0 pps, 4346.5 MB/s
RX port 1: 3133443.0 pps, 4350.9 MB/s
TOTAL RX: 6263712.0 pps, 8697.5 MB/s | per-port avg: 3131856.0 pps, 4348.7 MB/s (2 ports) [missed=0, no_mbuf=0]
RX port 0: 3130138.0 pps, 4346.4 MB/s
RX port 1: 3132828.0 pps, 4350.1 MB/s
TOTAL RX: 6262966.0 pps, 8696.4 MB/s | per-port avg: 3131483.0 pps, 4348.2 MB/s (2 ports) [missed=0, no_mbuf=0]
RX port 0: 3129609.0 pps, 4345.6 MB/s
RX port 1: 3132232.0 pps, 4349.3 MB/s
TOTAL RX: 6261840.9 pps, 8694.9 MB/s | per-port avg: 3130920.5 pps, 4347.4 MB/s (2 ports) [missed=0, no_mbuf=0]
RX port 0: 2538304.0 pps, 3524.6 MB/s
RX port 1: 2539712.0 pps, 3526.5 MB/s
TOTAL RX: 5078015.9 pps, 7051.1 MB/s | per-port avg: 2539008.0 pps, 3525.5 MB/s (2 ports) [missed=0, no_mbuf=0]
RX port 0: 0.0 pps, 0.0 MB/s
RX port 1: 0.0 pps, 0.0 MB/s
TOTAL RX: 0.0 pps, 0.0 MB/s | per-port avg: 0.0 pps, 0.0 MB/s (2 ports) [missed=0, no_mbuf=0]
RX port 0: 0.0 pps, 0.0 MB/s
RX port 1: 0.0 pps, 0.0 MB/s
TOTAL RX: 0.0 pps, 0.0 MB/s | per-port avg: 0.0 pps, 0.0 MB/s (2 ports) [missed=0, no_mbuf=0]
RX port 0: 0.0 pps, 0.0 MB/s
RX port 1: 0.0 pps, 0.0 MB/s
TOTAL RX: 0.0 pps, 0.0 MB/s | per-port avg: 0.0 pps, 0.0 MB/s (2 ports) [missed=0, no_mbuf=0]
RX port 0: 0.0 pps, 0.0 MB/s
RX port 1: 0.0 pps, 0.0 MB/s
TOTAL RX: 0.0 pps, 0.0 MB/s | per-port avg: 0.0 pps, 0.0 MB/s (2 ports) [missed=0, no_mbuf=0]
RX port 0: 0.0 pps, 0.0 MB/s
RX port 1: 0.0 pps, 0.0 MB/s
TOTAL RX: 0.0 pps, 0.0 MB/s | per-port avg: 0.0 pps, 0.0 MB/s (2 ports) [missed=0, no_mbuf=0]
RX port 0: 1.0 pps, 0.0 MB/s
RX port 1: 1.0 pps, 0.0 MB/s
TOTAL RX: 2.0 pps, 0.0 MB/s | per-port avg: 1.0 pps, 0.0 MB/s (2 ports) [missed=0, no_mbuf=0]
RX port 0: 0.0 pps, 0.0 MB/s
RX port 1: 0.0 pps, 0.0 MB/s
TOTAL RX: 0.0 pps, 0.0 MB/s | per-port avg: 0.0 pps, 0.0 MB/s (2 ports) [missed=0, no_mbuf=0]
RX port 0: 0.0 pps, 0.0 MB/s
RX port 1: 0.0 pps, 0.0 MB/s
TOTAL RX: 0.0 pps, 0.0 MB/s | per-port avg: 0.0 pps, 0.0 MB/s (2 ports) [missed=0, no_mbuf=0]
RX port 0: 0.0 pps, 0.0 MB/s
RX port 1: 0.0 pps, 0.0 MB/s
TOTAL RX: 0.0 pps, 0.0 MB/s | per-port avg: 0.0 pps, 0.0 MB/s (2 ports) [missed=0, no_mbuf=0]
RX port 0: 0.0 pps, 0.0 MB/s
RX port 1: 0.0 pps, 0.0 MB/s
TOTAL RX: 0.0 pps, 0.0 MB/s | per-port avg: 0.0 pps, 0.0 MB/s (2 ports) [missed=0, no_mbuf=0]
RX port 0: 0.0 pps, 0.0 MB/s
RX port 1: 0.0 pps, 0.0 MB/s
TOTAL RX: 0.0 pps, 0.0 MB/s | per-port avg: 0.0 pps, 0.0 MB/s (2 ports) [missed=0, no_mbuf=0]
RX port 0: 0.0 pps, 0.0 MB/s
RX port 1: 0.0 pps, 0.0 MB/s
TOTAL RX: 0.0 pps, 0.0 MB/s | per-port avg: 0.0 pps, 0.0 MB/s (2 ports) [missed=0, no_mbuf=0]

Received signal 2, shutting down...

Received signal 2, shutting down...
Stopping all ports...
Stopping port 0...
Stopping port 1...
