EAL arguments (9): ./build/dpdk_simple_recv --file-prefix decap-isolate-sweep_sf0-1500-sfcompare0d-static-rx -a 0000:01:00.0 -a 0000:01:00.1 -l 45-47 
EAL: Detected CPU lcores: 48
EAL: Detected NUMA nodes: 1
EAL: Detected shared linkage of DPDK
EAL: Multi-process socket /var/run/dpdk/decap-isolate-sweep_sf0-1500-sfcompare0d-static-rx/mp_socket
EAL: Selected IOVA mode 'VA'
EAL: VFIO support initialized
EAL: Probe PCI driver: mlx5_pci (15b3:a2dc) device: 0000:01:00.0 (socket 0)
EAL: Probe PCI driver: mlx5_pci (15b3:a2dc) device: 0000:01:00.1 (socket 0)
Available DPDK ports: 2
Using 2 ports (0-1)
Total lcores: 3, Main lcore: 45, Worker lcores available: 2
Setting up 1 RX queue(s) per port (2 total)
TELEMETRY: No legacy callbacks, legacy socket not created
DPDK Simple Packet Receiver
  Ports: 2
  Filter: All UDP
  Batch size: 64
RX worker core 46 receiving on port 0 queue 0
RX worker core 47 receiving on port 1 queue 0
RX port 0: 0.0 pps, 0.0 MB/s
RX port 1: 0.0 pps, 0.0 MB/s
TOTAL RX: 0.0 pps, 0.0 MB/s | per-port avg: 0.0 pps, 0.0 MB/s (2 ports) [missed=0, no_mbuf=0]
RX port 0: 0.0 pps, 0.0 MB/s
RX port 1: 0.0 pps, 0.0 MB/s
TOTAL RX: 0.0 pps, 0.0 MB/s | per-port avg: 0.0 pps, 0.0 MB/s (2 ports) [missed=0, no_mbuf=0]
RX port 0: 1858475.0 pps, 2580.6 MB/s
RX port 1: 1876343.0 pps, 2605.4 MB/s
TOTAL RX: 3734818.0 pps, 5186.0 MB/s | per-port avg: 1867409.0 pps, 2593.0 MB/s (2 ports) [missed=0, no_mbuf=0]
RX port 0: 8557141.0 pps, 11882.0 MB/s
RX port 1: 8540975.0 pps, 11859.6 MB/s
TOTAL RX: 17098116.0 pps, 23741.6 MB/s | per-port avg: 8549058.0 pps, 11870.8 MB/s (2 ports) [missed=0, no_mbuf=0]
RX port 0: 8553373.0 pps, 11876.8 MB/s
RX port 1: 8538228.0 pps, 11855.8 MB/s
TOTAL RX: 17091601.0 pps, 23732.5 MB/s | per-port avg: 8545800.5 pps, 11866.3 MB/s (2 ports) [missed=0, no_mbuf=0]
RX port 0: 8553529.0 pps, 11877.0 MB/s
RX port 1: 8536536.0 pps, 11853.4 MB/s
TOTAL RX: 17090065.0 pps, 23730.4 MB/s | per-port avg: 8545032.5 pps, 11865.2 MB/s (2 ports) [missed=0, no_mbuf=0]
RX port 0: 8546574.9 pps, 11867.3 MB/s
RX port 1: 8528878.9 pps, 11842.8 MB/s
TOTAL RX: 17075453.8 pps, 23710.1 MB/s | per-port avg: 8537726.9 pps, 11855.1 MB/s (2 ports) [missed=0, no_mbuf=0]
RX port 0: 8552110.9 pps, 11875.0 MB/s
RX port 1: 8534829.9 pps, 11851.0 MB/s
TOTAL RX: 17086940.8 pps, 23726.1 MB/s | per-port avg: 8543470.4 pps, 11863.0 MB/s (2 ports) [missed=0, no_mbuf=0]
RX port 0: 8551880.9 pps, 11874.7 MB/s
RX port 1: 8535686.9 pps, 11852.2 MB/s
TOTAL RX: 17087567.8 pps, 23726.9 MB/s | per-port avg: 8543783.9 pps, 11863.5 MB/s (2 ports) [missed=0, no_mbuf=0]
RX port 0: 8554948.9 pps, 11879.0 MB/s
RX port 1: 8537203.9 pps, 11854.3 MB/s
TOTAL RX: 17092152.8 pps, 23733.3 MB/s | per-port avg: 8546076.4 pps, 11866.7 MB/s (2 ports) [missed=0, no_mbuf=0]
RX port 0: 8549364.0 pps, 11871.2 MB/s
RX port 1: 8533775.0 pps, 11849.6 MB/s
TOTAL RX: 17083139.0 pps, 23720.8 MB/s | per-port avg: 8541569.5 pps, 11860.4 MB/s (2 ports) [missed=0, no_mbuf=0]
RX port 0: 8540395.9 pps, 11858.8 MB/s
RX port 1: 8525961.9 pps, 11838.7 MB/s
TOTAL RX: 17066357.8 pps, 23697.5 MB/s | per-port avg: 8533178.9 pps, 11848.7 MB/s (2 ports) [missed=0, no_mbuf=0]
RX port 0: 8548503.0 pps, 11870.0 MB/s
RX port 1: 8531442.0 pps, 11846.3 MB/s
TOTAL RX: 17079945.0 pps, 23716.4 MB/s | per-port avg: 8539972.5 pps, 11858.2 MB/s (2 ports) [missed=0, no_mbuf=0]
RX port 0: 8555379.9 pps, 11879.6 MB/s
RX port 1: 8537984.9 pps, 11855.4 MB/s
TOTAL RX: 17093364.8 pps, 23735.0 MB/s | per-port avg: 8546682.4 pps, 11867.5 MB/s (2 ports) [missed=0, no_mbuf=0]
RX port 0: 8546951.0 pps, 11867.9 MB/s
RX port 1: 8530092.0 pps, 11844.5 MB/s
TOTAL RX: 17077043.0 pps, 23712.3 MB/s | per-port avg: 8538521.5 pps, 11856.2 MB/s (2 ports) [missed=0, no_mbuf=0]
RX port 0: 8553912.9 pps, 11877.5 MB/s
RX port 1: 8537123.9 pps, 11854.2 MB/s
TOTAL RX: 17091036.8 pps, 23731.8 MB/s | per-port avg: 8545518.4 pps, 11865.9 MB/s (2 ports) [missed=0, no_mbuf=0]
RX port 0: 8546115.8 pps, 11866.7 MB/s
RX port 1: 8532752.8 pps, 11848.2 MB/s
TOTAL RX: 17078868.7 pps, 23714.9 MB/s | per-port avg: 8539434.3 pps, 11857.4 MB/s (2 ports) [missed=0, no_mbuf=0]
RX port 0: 8553944.0 pps, 11877.6 MB/s
RX port 1: 8536662.0 pps, 11853.6 MB/s
TOTAL RX: 17090606.0 pps, 23731.2 MB/s | per-port avg: 8545303.0 pps, 11865.6 MB/s (2 ports) [missed=0, no_mbuf=0]
RX port 0: 8548526.9 pps, 11870.1 MB/s
RX port 1: 8531358.9 pps, 11846.2 MB/s
TOTAL RX: 17079885.8 pps, 23716.3 MB/s | per-port avg: 8539942.9 pps, 11858.1 MB/s (2 ports) [missed=0, no_mbuf=0]
RX port 0: 8549796.9 pps, 11871.8 MB/s
RX port 1: 8533258.9 pps, 11848.9 MB/s
TOTAL RX: 17083055.8 pps, 23720.7 MB/s | per-port avg: 8541527.9 pps, 11860.3 MB/s (2 ports) [missed=0, no_mbuf=0]
RX port 0: 8532940.0 pps, 11848.4 MB/s
RX port 1: 8515730.0 pps, 11824.5 MB/s
TOTAL RX: 17048670.0 pps, 23672.9 MB/s | per-port avg: 8524335.0 pps, 11836.5 MB/s (2 ports) [missed=0, no_mbuf=0]
RX port 0: 8543727.0 pps, 11863.4 MB/s
RX port 1: 8526880.0 pps, 11840.0 MB/s
TOTAL RX: 17070607.0 pps, 23703.4 MB/s | per-port avg: 8535303.5 pps, 11851.7 MB/s (2 ports) [missed=0, no_mbuf=0]
RX port 0: 8553580.0 pps, 11877.1 MB/s
RX port 1: 8535618.0 pps, 11852.1 MB/s
TOTAL RX: 17089198.0 pps, 23729.2 MB/s | per-port avg: 8544599.0 pps, 11864.6 MB/s (2 ports) [missed=0, no_mbuf=0]
RX port 0: 8542936.9 pps, 11862.3 MB/s
RX port 1: 8525662.9 pps, 11838.3 MB/s
TOTAL RX: 17068599.8 pps, 23700.6 MB/s | per-port avg: 8534299.9 pps, 11850.3 MB/s (2 ports) [missed=0, no_mbuf=0]
RX port 0: 8545091.9 pps, 11865.3 MB/s
RX port 1: 8530259.9 pps, 11844.7 MB/s
TOTAL RX: 17075351.8 pps, 23710.0 MB/s | per-port avg: 8537675.9 pps, 11855.0 MB/s (2 ports) [missed=0, no_mbuf=0]
RX port 0: 8550805.9 pps, 11873.2 MB/s
RX port 1: 8535090.9 pps, 11851.4 MB/s
TOTAL RX: 17085896.8 pps, 23724.6 MB/s | per-port avg: 8542948.4 pps, 11862.3 MB/s (2 ports) [missed=0, no_mbuf=0]
RX port 0: 8544247.9 pps, 11864.1 MB/s
RX port 1: 8526978.9 pps, 11840.1 MB/s
TOTAL RX: 17071226.8 pps, 23704.2 MB/s | per-port avg: 8535613.4 pps, 11852.1 MB/s (2 ports) [missed=0, no_mbuf=0]
RX port 0: 8525528.0 pps, 11838.1 MB/s
RX port 1: 8520502.0 pps, 11831.1 MB/s
TOTAL RX: 17046030.0 pps, 23669.3 MB/s | per-port avg: 8523015.0 pps, 11834.6 MB/s (2 ports) [missed=0, no_mbuf=0]
RX port 0: 8552640.9 pps, 11875.8 MB/s
RX port 1: 8536222.9 pps, 11853.0 MB/s
TOTAL RX: 17088863.8 pps, 23728.7 MB/s | per-port avg: 8544431.9 pps, 11864.4 MB/s (2 ports) [missed=0, no_mbuf=0]
RX port 0: 8547987.0 pps, 11869.3 MB/s
RX port 1: 8539256.0 pps, 11857.2 MB/s
TOTAL RX: 17087243.0 pps, 23726.5 MB/s | per-port avg: 8543621.5 pps, 11863.2 MB/s (2 ports) [missed=0, no_mbuf=0]
RX port 0: 8527662.0 pps, 11841.1 MB/s
RX port 1: 8523020.0 pps, 11834.6 MB/s
TOTAL RX: 17050682.0 pps, 23675.7 MB/s | per-port avg: 8525341.0 pps, 11837.9 MB/s (2 ports) [missed=0, no_mbuf=0]
RX port 0: 6873743.9 pps, 9544.5 MB/s
RX port 1: 6866145.9 pps, 9534.0 MB/s
TOTAL RX: 13739889.9 pps, 19078.5 MB/s | per-port avg: 6869944.9 pps, 9539.3 MB/s (2 ports) [missed=0, no_mbuf=0]
RX port 0: 0.0 pps, 0.0 MB/s
RX port 1: 0.0 pps, 0.0 MB/s
TOTAL RX: 0.0 pps, 0.0 MB/s | per-port avg: 0.0 pps, 0.0 MB/s (2 ports) [missed=0, no_mbuf=0]
RX port 0: 0.0 pps, 0.0 MB/s
RX port 1: 0.0 pps, 0.0 MB/s
TOTAL RX: 0.0 pps, 0.0 MB/s | per-port avg: 0.0 pps, 0.0 MB/s (2 ports) [missed=0, no_mbuf=0]
RX port 0: 0.0 pps, 0.0 MB/s
RX port 1: 0.0 pps, 0.0 MB/s
TOTAL RX: 0.0 pps, 0.0 MB/s | per-port avg: 0.0 pps, 0.0 MB/s (2 ports) [missed=0, no_mbuf=0]
RX port 0: 0.0 pps, 0.0 MB/s
RX port 1: 0.0 pps, 0.0 MB/s
TOTAL RX: 0.0 pps, 0.0 MB/s | per-port avg: 0.0 pps, 0.0 MB/s (2 ports) [missed=0, no_mbuf=0]
RX port 0: 0.0 pps, 0.0 MB/s
RX port 1: 0.0 pps, 0.0 MB/s
TOTAL RX: 0.0 pps, 0.0 MB/s | per-port avg: 0.0 pps, 0.0 MB/s (2 ports) [missed=0, no_mbuf=0]
RX port 0: 0.0 pps, 0.0 MB/s
RX port 1: 0.0 pps, 0.0 MB/s
TOTAL RX: 0.0 pps, 0.0 MB/s | per-port avg: 0.0 pps, 0.0 MB/s (2 ports) [missed=0, no_mbuf=0]
RX port 0: 0.0 pps, 0.0 MB/s
RX port 1: 0.0 pps, 0.0 MB/s
TOTAL RX: 0.0 pps, 0.0 MB/s | per-port avg: 0.0 pps, 0.0 MB/s (2 ports) [missed=0, no_mbuf=0]
RX port 0: 0.0 pps, 0.0 MB/s
RX port 1: 0.0 pps, 0.0 MB/s
TOTAL RX: 0.0 pps, 0.0 MB/s | per-port avg: 0.0 pps, 0.0 MB/s (2 ports) [missed=0, no_mbuf=0]
RX port 0: 0.0 pps, 0.0 MB/s
RX port 1: 0.0 pps, 0.0 MB/s
TOTAL RX: 0.0 pps, 0.0 MB/s | per-port avg: 0.0 pps, 0.0 MB/s (2 ports) [missed=0, no_mbuf=0]
RX port 0: 0.0 pps, 0.0 MB/s
RX port 1: 0.0 pps, 0.0 MB/s
TOTAL RX: 0.0 pps, 0.0 MB/s | per-port avg: 0.0 pps, 0.0 MB/s (2 ports) [missed=0, no_mbuf=0]
RX port 0: 0.0 pps, 0.0 MB/s
RX port 1: 0.0 pps, 0.0 MB/s
TOTAL RX: 0.0 pps, 0.0 MB/s | per-port avg: 0.0 pps, 0.0 MB/s (2 ports) [missed=0, no_mbuf=0]
RX port 0: 0.0 pps, 0.0 MB/s
RX port 1: 0.0 pps, 0.0 MB/s
TOTAL RX: 0.0 pps, 0.0 MB/s | per-port avg: 0.0 pps, 0.0 MB/s (2 ports) [missed=0, no_mbuf=0]

Received signal 2, shutting down...

Received signal 2, shutting down...
Stopping all ports...
Stopping port 0...
Stopping port 1...
