EAL arguments (9): ./build/dpdk_esp_gen --file-prefix decap-isolate-sweep1-7200-saone7200a-static-tx -a 0000:82:00.0 -a 0000:82:00.1 -l 0-16 
EAL: Detected CPU lcores: 48
EAL: Detected NUMA nodes: 1
EAL: Detected shared linkage of DPDK
EAL: Multi-process socket /var/run/dpdk/decap-isolate-sweep1-7200-saone7200a-static-tx/mp_socket
EAL: Selected IOVA mode 'VA'
EAL: VFIO support initialized
EAL: Probe PCI driver: mlx5_pci (15b3:1021) device: 0000:82:00.0 (socket 0)
EAL: Probe PCI driver: mlx5_pci (15b3:1021) device: 0000:82:00.1 (socket 0)
Available DPDK ports: 2
Main lcore: 0, TX workers: 16, RX workers: 0
Port 0 max_tx_queues=1024 reserved=1 data_capacity=1023
Port 1 max_tx_queues=1024 reserved=1 data_capacity=1023
Setting up 9 TX queues/port (8 data queues, main ARP, 0 RX ARP queues)
Setting up 0 RX queues/port
TELEMETRY: No legacy callbacks, legacy socket not created
Port 0: MAC c4:70:bd:0f:b3:62
Port 1: MAC c4:70:bd:0f:b3:63
DPDK Simple Packet Gen
  UDP dest port: 3333
  TX ports: 2
  RX ports: 0

Per-TX-port addressing and MACs:
  Port  SrcMAC               SrcIP          DstIP          DstMAC
  0     c4:70:bd:0f:b3:62  172.16.1.20      172.16.1.128     58:a2:e1:53:19:d6
  1     c4:70:bd:0f:b3:63  172.16.2.20      172.16.2.128     58:a2:e1:53:19:d7
  Payload size: 1414 bytes (fixed)
  Total packet size: 1456 bytes
  TX workers: 16, RX workers: 0
  ESP outer flows: 8
  Rate: Throttled
  Throttle: 7200 rte_pause() calls per loop
  Batch size: 64
TX lcore=9 port=0 queue=5 SPI=0x00002005 (exclusive owner)
TX lcore=8 port=1 queue=4 SPI=0x00002005 (exclusive owner)
TX lcore=11 port=0 queue=6 SPI=0x00002006 (exclusive owner)
TX lcore=6 port=1 queue=3 SPI=0x00002004 (exclusive owner)
TX lcore=7 port=0 queue=4 SPI=0x00002004 (exclusive owner)
TX lcore=10 port=1 queue=5 SPI=0x00002006 (exclusive owner)
TX lcore=5 port=0 queue=3 SPI=0x00002003 (exclusive owner)
TX lcore=4 port=1 queue=2 SPI=0x00002003 (exclusive owner)
TX lcore=12 port=1 queue=6 SPI=0x00002007 (exclusive owner)
TX lcore=13 port=0 queue=7 SPI=0x00002007 (exclusive owner)
TX lcore=2 port=1 queue=1 SPI=0x00002002 (exclusive owner)
TX lcore=14 port=1 queue=7 SPI=0x00002008 (exclusive owner)
TX lcore=1 port=0 queue=1 SPI=0x00002001 (exclusive owner)
TX lcore=3 port=0 queue=2 SPI=0x00002002 (exclusive owner)
TX lcore=15 port=0 queue=8 SPI=0x00002008 (exclusive owner)
TX lcore=16 port=1 queue=8 SPI=0x00002009 (exclusive owner)
TX port 0: 3325504.0 pps, 4788.9 MB/s
TX port 1: 3309632.0 pps, 4766.0 MB/s
TOTAL TX: 6635135.9 pps, 9554.9 MB/s | per-port avg: 3317568.0 pps, 4777.5 MB/s (2 ports)
TX port 0: 3348416.0 pps, 4821.9 MB/s
TX port 1: 3349120.0 pps, 4822.9 MB/s
TOTAL TX: 6697536.0 pps, 9644.8 MB/s | per-port avg: 3348768.0 pps, 4822.4 MB/s (2 ports)
TX port 0: 3348608.0 pps, 4822.2 MB/s
TX port 1: 3349504.0 pps, 4823.4 MB/s
TOTAL TX: 6698111.9 pps, 9645.6 MB/s | per-port avg: 3349056.0 pps, 4822.8 MB/s (2 ports)
TX port 0: 3348224.0 pps, 4821.6 MB/s
TX port 1: 3348544.0 pps, 4822.1 MB/s
TOTAL TX: 6696768.0 pps, 9643.7 MB/s | per-port avg: 3348384.0 pps, 4821.8 MB/s (2 ports)
TX port 0: 3347392.0 pps, 4820.4 MB/s
TX port 1: 3348160.0 pps, 4821.5 MB/s
TOTAL TX: 6695552.0 pps, 9641.9 MB/s | per-port avg: 3347776.0 pps, 4821.0 MB/s (2 ports)
TX port 0: 3348736.0 pps, 4822.3 MB/s
TX port 1: 3349056.0 pps, 4822.8 MB/s
TOTAL TX: 6697791.9 pps, 9645.1 MB/s | per-port avg: 3348896.0 pps, 4822.6 MB/s (2 ports)
TX port 0: 3345600.0 pps, 4817.8 MB/s
TX port 1: 3349120.0 pps, 4822.9 MB/s
TOTAL TX: 6694719.9 pps, 9640.7 MB/s | per-port avg: 3347360.0 pps, 4820.4 MB/s (2 ports)
TX port 0: 3348928.0 pps, 4822.6 MB/s
TX port 1: 3349312.0 pps, 4823.2 MB/s
TOTAL TX: 6698239.9 pps, 9645.8 MB/s | per-port avg: 3349120.0 pps, 4822.9 MB/s (2 ports)
TX port 0: 3348992.0 pps, 4822.7 MB/s
TX port 1: 3349632.0 pps, 4823.6 MB/s
TOTAL TX: 6698624.0 pps, 9646.3 MB/s | per-port avg: 3349312.0 pps, 4823.2 MB/s (2 ports)
TX port 0: 3348736.0 pps, 4822.3 MB/s
TX port 1: 3349568.0 pps, 4823.5 MB/s
TOTAL TX: 6698304.0 pps, 9645.9 MB/s | per-port avg: 3349152.0 pps, 4822.9 MB/s (2 ports)
TX port 0: 3348928.0 pps, 4822.6 MB/s
TX port 1: 3349696.0 pps, 4823.7 MB/s
TOTAL TX: 6698623.9 pps, 9646.3 MB/s | per-port avg: 3349312.0 pps, 4823.2 MB/s (2 ports)
TX port 0: 3349056.0 pps, 4822.8 MB/s
TX port 1: 3349632.0 pps, 4823.6 MB/s
TOTAL TX: 6698688.0 pps, 9646.4 MB/s | per-port avg: 3349344.0 pps, 4823.2 MB/s (2 ports)
TX port 0: 3346240.0 pps, 4818.7 MB/s
TX port 1: 3349184.0 pps, 4823.0 MB/s
TOTAL TX: 6695423.9 pps, 9641.7 MB/s | per-port avg: 3347712.0 pps, 4820.9 MB/s (2 ports)
TX port 0: 3348800.0 pps, 4822.4 MB/s
TX port 1: 3349440.0 pps, 4823.4 MB/s
TOTAL TX: 6698239.9 pps, 9645.8 MB/s | per-port avg: 3349120.0 pps, 4822.9 MB/s (2 ports)
TX port 0: 3348096.0 pps, 4821.4 MB/s
TX port 1: 3349696.0 pps, 4823.7 MB/s
TOTAL TX: 6697792.0 pps, 9645.1 MB/s | per-port avg: 3348896.0 pps, 4822.6 MB/s (2 ports)
TX port 0: 3349120.0 pps, 4822.9 MB/s
TX port 1: 3349760.0 pps, 4823.8 MB/s
TOTAL TX: 6698880.0 pps, 9646.7 MB/s | per-port avg: 3349440.0 pps, 4823.4 MB/s (2 ports)
TX port 0: 3348736.0 pps, 4822.3 MB/s
TX port 1: 3349248.0 pps, 4823.1 MB/s
TOTAL TX: 6697983.9 pps, 9645.4 MB/s | per-port avg: 3348992.0 pps, 4822.7 MB/s (2 ports)
TX port 0: 3348736.0 pps, 4822.3 MB/s
TX port 1: 3349696.0 pps, 4823.7 MB/s
TOTAL TX: 6698432.0 pps, 9646.1 MB/s | per-port avg: 3349216.0 pps, 4823.0 MB/s (2 ports)
TX port 0: 3348928.0 pps, 4822.6 MB/s
TX port 1: 3349568.0 pps, 4823.5 MB/s
TOTAL TX: 6698496.0 pps, 9646.2 MB/s | per-port avg: 3349248.0 pps, 4823.1 MB/s (2 ports)
TX port 0: 3348928.0 pps, 4822.6 MB/s
TX port 1: 3349824.0 pps, 4823.9 MB/s
TOTAL TX: 6698751.9 pps, 9646.5 MB/s | per-port avg: 3349376.0 pps, 4823.3 MB/s (2 ports)
TX port 0: 3346496.0 pps, 4819.1 MB/s
TX port 1: 3349248.0 pps, 4823.1 MB/s
TOTAL TX: 6695744.0 pps, 9642.2 MB/s | per-port avg: 3347872.0 pps, 4821.1 MB/s (2 ports)
TX port 0: 3348672.0 pps, 4822.2 MB/s
TX port 1: 3349632.0 pps, 4823.6 MB/s
TOTAL TX: 6698303.9 pps, 9645.9 MB/s | per-port avg: 3349152.0 pps, 4822.9 MB/s (2 ports)
TX port 0: 3348672.0 pps, 4822.2 MB/s
TX port 1: 3349312.0 pps, 4823.2 MB/s
TOTAL TX: 6697984.0 pps, 9645.4 MB/s | per-port avg: 3348992.0 pps, 4822.7 MB/s (2 ports)
TX port 0: 3348288.0 pps, 4821.7 MB/s
TX port 1: 3349504.0 pps, 4823.4 MB/s
TOTAL TX: 6697791.9 pps, 9645.1 MB/s | per-port avg: 3348896.0 pps, 4822.6 MB/s (2 ports)
TX port 0: 3348800.0 pps, 4822.4 MB/s
TX port 1: 3349376.0 pps, 4823.3 MB/s
TOTAL TX: 6698175.9 pps, 9645.7 MB/s | per-port avg: 3349088.0 pps, 4822.8 MB/s (2 ports)
TX port 0: 3349120.0 pps, 4822.9 MB/s
TX port 1: 3349312.0 pps, 4823.2 MB/s
TOTAL TX: 6698432.0 pps, 9646.1 MB/s | per-port avg: 3349216.0 pps, 4823.0 MB/s (2 ports)
TX port 0: 3347968.0 pps, 4821.2 MB/s
TX port 1: 3348288.0 pps, 4821.7 MB/s
TOTAL TX: 6696256.0 pps, 9642.9 MB/s | per-port avg: 3348128.0 pps, 4821.5 MB/s (2 ports)
TX port 0: 3349056.0 pps, 4822.8 MB/s
TX port 1: 3349056.0 pps, 4822.8 MB/s
TOTAL TX: 6698112.0 pps, 9645.6 MB/s | per-port avg: 3349056.0 pps, 4822.8 MB/s (2 ports)
TX port 0: 3349120.0 pps, 4822.9 MB/s
TX port 1: 3348928.0 pps, 4822.7 MB/s
TOTAL TX: 6698048.0 pps, 9645.6 MB/s | per-port avg: 3349024.0 pps, 4822.8 MB/s (2 ports)

Received signal 2, shutting down...

Received signal 2, shutting down...
TX final lcore=12 port=1 generated=12144512 sent=12144512 partial_retries=0 shutdown_unsent=0
TX final lcore=7 port=0 generated=12163008 sent=12163008 partial_retries=0 shutdown_unsent=0
TX final lcore=6 port=1 generated=12153408 sent=12153408 partial_retries=0 shutdown_unsent=0
TX final lcore=5 port=0 generated=12144960 sent=12144960 partial_retries=0 shutdown_unsent=0
TX final lcore=4 port=1 generated=12162112 sent=12162112 partial_retries=0 shutdown_unsent=0
TX final lcore=14 port=1 generated=12108608 sent=12108608 partial_retries=0 shutdown_unsent=0
TX final lcore=9 port=0 generated=12166272 sent=12166272 partial_retries=0 shutdown_unsent=0
TX final lcore=3 port=0 generated=12147328 sent=12147328 partial_retries=0 shutdown_unsent=0
TX final lcore=2 port=1 generated=12157056 sent=12157056 partial_retries=0 shutdown_unsent=0
TX final lcore=10 port=1 generated=12143744 sent=12143744 partial_retries=0 shutdown_unsent=0
TX final lcore=13 port=0 generated=12137216 sent=12137216 partial_retries=0 shutdown_unsent=0
TX final lcore=16 port=1 generated=12146997 sent=12146944 partial_retries=0 shutdown_unsent=53
TX final lcore=8 port=1 generated=12160836 sent=12160832 partial_retries=0 shutdown_unsent=4
TX final lcore=1 port=0 generated=12143628 sent=12143616 partial_retries=0 shutdown_unsent=12
TX final lcore=15 port=0 generated=12139740 sent=12139712 partial_retries=0 shutdown_unsent=28
TX final lcore=11 port=0 generated=12126208 sent=12126208 partial_retries=0 shutdown_unsent=0
Stopping all ports...
Stopping port 0...
Stopping port 1...
