EAL arguments (9): ./build/dpdk_simple_recv --file-prefix decap-isolate-sweep-1350-sabal1350-static-rx -a 0000:01:00.0 -a 0000:01:00.1 -l 45-47 
EAL: Detected CPU lcores: 48
EAL: Detected NUMA nodes: 1
EAL: Detected shared linkage of DPDK
EAL: Multi-process socket /var/run/dpdk/decap-isolate-sweep-1350-sabal1350-static-rx/mp_socket
EAL: Selected IOVA mode 'VA'
EAL: VFIO support initialized
EAL: Probe PCI driver: mlx5_pci (15b3:a2dc) device: 0000:01:00.0 (socket 0)
EAL: Probe PCI driver: mlx5_pci (15b3:a2dc) device: 0000:01:00.1 (socket 0)
TELEMETRY: No legacy callbacks, legacy socket not created
Available DPDK ports: 2
Using 2 ports (0-1)
Total lcores: 3, Main lcore: 45, Worker lcores available: 2
Setting up 1 RX queue(s) per port (2 total)
DPDK Simple Packet Receiver
  Ports: 2
  Filter: All UDP
  Batch size: 64
RX worker core 46 receiving on port 0 queue 0
RX worker core 47 receiving on port 1 queue 0
RX port 0: 0.0 pps, 0.0 MB/s
RX port 1: 0.0 pps, 0.0 MB/s
TOTAL RX: 0.0 pps, 0.0 MB/s | per-port avg: 0.0 pps, 0.0 MB/s (2 ports) [missed=0, no_mbuf=0]
RX port 0: 0.0 pps, 0.0 MB/s
RX port 1: 0.0 pps, 0.0 MB/s
TOTAL RX: 0.0 pps, 0.0 MB/s | per-port avg: 0.0 pps, 0.0 MB/s (2 ports) [missed=0, no_mbuf=0]
RX port 0: 1462854.0 pps, 2031.2 MB/s
RX port 1: 1454453.0 pps, 2019.6 MB/s
TOTAL RX: 2917307.0 pps, 4050.8 MB/s | per-port avg: 1458653.5 pps, 2025.4 MB/s (2 ports) [missed=0, no_mbuf=0]
RX port 0: 8785608.0 pps, 12199.3 MB/s
RX port 1: 8802105.0 pps, 12222.2 MB/s
TOTAL RX: 17587713.0 pps, 24421.4 MB/s | per-port avg: 8793856.5 pps, 12210.7 MB/s (2 ports) [missed=0, no_mbuf=0]
RX port 0: 8811253.0 pps, 12234.9 MB/s
RX port 1: 8825839.0 pps, 12255.1 MB/s
TOTAL RX: 17637092.0 pps, 24490.0 MB/s | per-port avg: 8818546.0 pps, 12245.0 MB/s (2 ports) [missed=0, no_mbuf=0]
RX port 0: 8782322.9 pps, 12194.7 MB/s
RX port 1: 8796934.9 pps, 12215.0 MB/s
TOTAL RX: 17579257.8 pps, 24409.7 MB/s | per-port avg: 8789628.9 pps, 12204.8 MB/s (2 ports) [missed=0, no_mbuf=0]
RX port 0: 8794786.9 pps, 12212.0 MB/s
RX port 1: 8810277.9 pps, 12233.5 MB/s
TOTAL RX: 17605064.8 pps, 24445.5 MB/s | per-port avg: 8802532.4 pps, 12222.8 MB/s (2 ports) [missed=0, no_mbuf=0]
RX port 0: 8745647.9 pps, 12143.8 MB/s
RX port 1: 8762906.9 pps, 12167.7 MB/s
TOTAL RX: 17508554.8 pps, 24311.5 MB/s | per-port avg: 8754277.4 pps, 12155.8 MB/s (2 ports) [missed=0, no_mbuf=0]
RX port 0: 8678720.0 pps, 12050.8 MB/s
RX port 1: 8691123.0 pps, 12068.1 MB/s
TOTAL RX: 17369843.0 pps, 24118.9 MB/s | per-port avg: 8684921.5 pps, 12059.4 MB/s (2 ports) [missed=0, no_mbuf=0]
RX port 0: 8717553.0 pps, 12104.8 MB/s
RX port 1: 8729541.0 pps, 12121.4 MB/s
TOTAL RX: 17447094.0 pps, 24226.2 MB/s | per-port avg: 8723547.0 pps, 12113.1 MB/s (2 ports) [missed=0, no_mbuf=0]
RX port 0: 8687716.9 pps, 12063.3 MB/s
RX port 1: 8704612.9 pps, 12086.8 MB/s
TOTAL RX: 17392329.8 pps, 24150.1 MB/s | per-port avg: 8696164.9 pps, 12075.1 MB/s (2 ports) [missed=0, no_mbuf=0]
RX port 0: 8707774.0 pps, 12091.2 MB/s
RX port 1: 8719246.0 pps, 12107.1 MB/s
TOTAL RX: 17427020.0 pps, 24198.3 MB/s | per-port avg: 8713510.0 pps, 12099.1 MB/s (2 ports) [missed=0, no_mbuf=0]
RX port 0: 8660540.0 pps, 12025.6 MB/s
RX port 1: 8676055.0 pps, 12047.1 MB/s
TOTAL RX: 17336595.0 pps, 24072.7 MB/s | per-port avg: 8668297.5 pps, 12036.4 MB/s (2 ports) [missed=0, no_mbuf=0]
RX port 0: 8765421.0 pps, 12171.2 MB/s
RX port 1: 8778912.0 pps, 12190.0 MB/s
TOTAL RX: 17544333.0 pps, 24361.2 MB/s | per-port avg: 8772166.5 pps, 12180.6 MB/s (2 ports) [missed=0, no_mbuf=0]
RX port 0: 8810068.0 pps, 12233.2 MB/s
RX port 1: 8825363.0 pps, 12254.5 MB/s
TOTAL RX: 17635431.0 pps, 24487.7 MB/s | per-port avg: 8817715.5 pps, 12243.8 MB/s (2 ports) [missed=0, no_mbuf=0]
RX port 0: 8805513.9 pps, 12226.9 MB/s
RX port 1: 8815261.9 pps, 12240.4 MB/s
TOTAL RX: 17620775.8 pps, 24467.3 MB/s | per-port avg: 8810387.9 pps, 12233.7 MB/s (2 ports) [missed=0, no_mbuf=0]
RX port 0: 8785262.9 pps, 12198.8 MB/s
RX port 1: 8798414.9 pps, 12217.0 MB/s
TOTAL RX: 17583677.8 pps, 24415.8 MB/s | per-port avg: 8791838.9 pps, 12207.9 MB/s (2 ports) [missed=0, no_mbuf=0]
RX port 0: 8790068.0 pps, 12205.4 MB/s
RX port 1: 8802585.0 pps, 12222.8 MB/s
TOTAL RX: 17592653.0 pps, 24428.3 MB/s | per-port avg: 8796326.5 pps, 12214.1 MB/s (2 ports) [missed=0, no_mbuf=0]
RX port 0: 8633703.9 pps, 11988.3 MB/s
RX port 1: 8650099.9 pps, 12011.1 MB/s
TOTAL RX: 17283803.8 pps, 23999.4 MB/s | per-port avg: 8641901.9 pps, 11999.7 MB/s (2 ports) [missed=0, no_mbuf=0]
RX port 0: 8753200.0 pps, 12154.3 MB/s
RX port 1: 8765341.0 pps, 12171.1 MB/s
TOTAL RX: 17518541.0 pps, 24325.4 MB/s | per-port avg: 8759270.5 pps, 12162.7 MB/s (2 ports) [missed=0, no_mbuf=0]
RX port 0: 8781505.9 pps, 12193.6 MB/s
RX port 1: 8783107.9 pps, 12195.8 MB/s
TOTAL RX: 17564613.8 pps, 24389.3 MB/s | per-port avg: 8782306.9 pps, 12194.7 MB/s (2 ports) [missed=0, no_mbuf=0]
RX port 0: 8697804.9 pps, 12077.3 MB/s
RX port 1: 8709784.9 pps, 12094.0 MB/s
TOTAL RX: 17407589.8 pps, 24171.3 MB/s | per-port avg: 8703794.9 pps, 12085.7 MB/s (2 ports) [missed=0, no_mbuf=0]
RX port 0: 8652383.9 pps, 12014.3 MB/s
RX port 1: 8666321.9 pps, 12033.6 MB/s
TOTAL RX: 17318705.8 pps, 24047.9 MB/s | per-port avg: 8659352.9 pps, 12023.9 MB/s (2 ports) [missed=0, no_mbuf=0]
RX port 0: 8666022.0 pps, 12033.2 MB/s
RX port 1: 8679274.0 pps, 12051.6 MB/s
TOTAL RX: 17345296.0 pps, 24084.8 MB/s | per-port avg: 8672648.0 pps, 12042.4 MB/s (2 ports) [missed=0, no_mbuf=0]
RX port 0: 8655370.0 pps, 12018.4 MB/s
RX port 1: 8668851.0 pps, 12037.1 MB/s
TOTAL RX: 17324221.0 pps, 24055.5 MB/s | per-port avg: 8662110.5 pps, 12027.8 MB/s (2 ports) [missed=0, no_mbuf=0]
RX port 0: 8621445.9 pps, 11971.3 MB/s
RX port 1: 8638552.9 pps, 11995.1 MB/s
TOTAL RX: 17259998.8 pps, 23966.4 MB/s | per-port avg: 8629999.4 pps, 11983.2 MB/s (2 ports) [missed=0, no_mbuf=0]
RX port 0: 8638557.0 pps, 11995.1 MB/s
RX port 1: 8652269.0 pps, 12014.1 MB/s
TOTAL RX: 17290826.0 pps, 24009.2 MB/s | per-port avg: 8645413.0 pps, 12004.6 MB/s (2 ports) [missed=0, no_mbuf=0]
RX port 0: 8670324.9 pps, 12039.2 MB/s
RX port 1: 8687888.9 pps, 12063.6 MB/s
TOTAL RX: 17358213.8 pps, 24102.7 MB/s | per-port avg: 8679106.9 pps, 12051.4 MB/s (2 ports) [missed=0, no_mbuf=0]
RX port 0: 8700758.9 pps, 12081.4 MB/s
RX port 1: 8714987.9 pps, 12101.2 MB/s
TOTAL RX: 17415746.8 pps, 24182.6 MB/s | per-port avg: 8707873.4 pps, 12091.3 MB/s (2 ports) [missed=0, no_mbuf=0]
RX port 0: 8660113.0 pps, 12025.0 MB/s
RX port 1: 8675379.0 pps, 12046.2 MB/s
TOTAL RX: 17335492.0 pps, 24071.2 MB/s | per-port avg: 8667746.0 pps, 12035.6 MB/s (2 ports) [missed=0, no_mbuf=0]
RX port 0: 8659658.9 pps, 12024.4 MB/s
RX port 1: 8678205.9 pps, 12050.1 MB/s
TOTAL RX: 17337864.8 pps, 24074.5 MB/s | per-port avg: 8668932.4 pps, 12037.2 MB/s (2 ports) [missed=0, no_mbuf=0]
RX port 0: 7057665.0 pps, 9799.9 MB/s
RX port 1: 7069609.0 pps, 9816.5 MB/s
TOTAL RX: 14127274.0 pps, 19616.4 MB/s | per-port avg: 7063637.0 pps, 9808.2 MB/s (2 ports) [missed=0, no_mbuf=0]
RX port 0: 0.0 pps, 0.0 MB/s
RX port 1: 0.0 pps, 0.0 MB/s
TOTAL RX: 0.0 pps, 0.0 MB/s | per-port avg: 0.0 pps, 0.0 MB/s (2 ports) [missed=0, no_mbuf=0]
RX port 0: 0.0 pps, 0.0 MB/s
RX port 1: 0.0 pps, 0.0 MB/s
TOTAL RX: 0.0 pps, 0.0 MB/s | per-port avg: 0.0 pps, 0.0 MB/s (2 ports) [missed=0, no_mbuf=0]
RX port 0: 0.0 pps, 0.0 MB/s
RX port 1: 0.0 pps, 0.0 MB/s
TOTAL RX: 0.0 pps, 0.0 MB/s | per-port avg: 0.0 pps, 0.0 MB/s (2 ports) [missed=0, no_mbuf=0]
RX port 0: 0.0 pps, 0.0 MB/s
RX port 1: 0.0 pps, 0.0 MB/s
TOTAL RX: 0.0 pps, 0.0 MB/s | per-port avg: 0.0 pps, 0.0 MB/s (2 ports) [missed=0, no_mbuf=0]
RX port 0: 0.0 pps, 0.0 MB/s
RX port 1: 0.0 pps, 0.0 MB/s
TOTAL RX: 0.0 pps, 0.0 MB/s | per-port avg: 0.0 pps, 0.0 MB/s (2 ports) [missed=0, no_mbuf=0]
RX port 0: 0.0 pps, 0.0 MB/s
RX port 1: 0.0 pps, 0.0 MB/s
TOTAL RX: 0.0 pps, 0.0 MB/s | per-port avg: 0.0 pps, 0.0 MB/s (2 ports) [missed=0, no_mbuf=0]
RX port 0: 0.0 pps, 0.0 MB/s
RX port 1: 0.0 pps, 0.0 MB/s
TOTAL RX: 0.0 pps, 0.0 MB/s | per-port avg: 0.0 pps, 0.0 MB/s (2 ports) [missed=0, no_mbuf=0]
RX port 0: 1.0 pps, 0.0 MB/s
RX port 1: 1.0 pps, 0.0 MB/s
TOTAL RX: 2.0 pps, 0.0 MB/s | per-port avg: 1.0 pps, 0.0 MB/s (2 ports) [missed=0, no_mbuf=0]
RX port 0: 0.0 pps, 0.0 MB/s
RX port 1: 0.0 pps, 0.0 MB/s
TOTAL RX: 0.0 pps, 0.0 MB/s | per-port avg: 0.0 pps, 0.0 MB/s (2 ports) [missed=0, no_mbuf=0]
RX port 0: 0.0 pps, 0.0 MB/s
RX port 1: 0.0 pps, 0.0 MB/s
TOTAL RX: 0.0 pps, 0.0 MB/s | per-port avg: 0.0 pps, 0.0 MB/s (2 ports) [missed=0, no_mbuf=0]
RX port 0: 0.0 pps, 0.0 MB/s
RX port 1: 0.0 pps, 0.0 MB/s
TOTAL RX: 0.0 pps, 0.0 MB/s | per-port avg: 0.0 pps, 0.0 MB/s (2 ports) [missed=0, no_mbuf=0]
RX port 0: 0.0 pps, 0.0 MB/s
RX port 1: 0.0 pps, 0.0 MB/s
TOTAL RX: 0.0 pps, 0.0 MB/s | per-port avg: 0.0 pps, 0.0 MB/s (2 ports) [missed=0, no_mbuf=0]

Received signal 2, shutting down...

Received signal 2, shutting down...
Stopping all ports...
Stopping port 0...
Stopping port 1...
