EAL arguments (9): ./build/dpdk_esp_gen --file-prefix decap-isolate-sweep_sf1-1550-sfcompare1g-static-tx -a 0000:82:00.0 -a 0000:82:00.1 -l 0-16 
EAL: Detected CPU lcores: 48
EAL: Detected NUMA nodes: 1
EAL: Detected shared linkage of DPDK
EAL: Multi-process socket /var/run/dpdk/decap-isolate-sweep_sf1-1550-sfcompare1g-static-tx/mp_socket
EAL: Selected IOVA mode 'VA'
EAL: VFIO support initialized
EAL: Probe PCI driver: mlx5_pci (15b3:1021) device: 0000:82:00.0 (socket 0)
EAL: Probe PCI driver: mlx5_pci (15b3:1021) device: 0000:82:00.1 (socket 0)
Available DPDK ports: 2
Main lcore: 0, TX workers: 16, RX workers: 0
Port 0 max_tx_queues=1024 reserved=1 data_capacity=1023
Port 1 max_tx_queues=1024 reserved=1 data_capacity=1023
Setting up 9 TX queues/port (8 data queues, main ARP, 0 RX ARP queues)
Setting up 0 RX queues/port
TELEMETRY: No legacy callbacks, legacy socket not created
Port 0: MAC c4:70:bd:0f:b3:62
Port 1: MAC c4:70:bd:0f:b3:63
DPDK Simple Packet Gen
  UDP dest port: 3333
  TX ports: 2
  RX ports: 0

Per-TX-port addressing and MACs:
  Port  SrcMAC               SrcIP          DstIP          DstMAC
  0     c4:70:bd:0f:b3:62  172.16.1.20      172.16.1.128     58:a2:e1:53:19:d6
  1     c4:70:bd:0f:b3:63  172.16.2.20      172.16.2.128     58:a2:e1:53:19:d7
  Payload size: 1414 bytes (fixed)
  Total packet size: 1456 bytes
  TX workers: 16, RX workers: 0
  ESP outer flows: 8
  Rate: Throttled
  Throttle: 1550 rte_pause() calls per loop
  Batch size: 64
TX lcore=8 port=1 queue=4 SPI=0x00002005 (exclusive owner)
TX lcore=6 port=1 queue=3 SPI=0x00002004 (exclusive owner)
TX lcore=9 port=0 queue=5 SPI=0x00002005 (exclusive owner)
TX lcore=14 port=1 queue=7 SPI=0x00002008 (exclusive owner)
TX lcore=4 port=1 queue=2 SPI=0x00002003 (exclusive owner)
TX lcore=15 port=0 queue=8 SPI=0x00002008 (exclusive owner)
TX lcore=7 port=0 queue=4 SPI=0x00002004 (exclusive owner)
TX lcore=5 port=0 queue=3 SPI=0x00002003 (exclusive owner)
TX lcore=12 port=1 queue=6 SPI=0x00002007 (exclusive owner)
TX lcore=13 port=0 queue=7 SPI=0x00002007 (exclusive owner)
TX lcore=10 port=1 queue=5 SPI=0x00002006 (exclusive owner)
TX lcore=2 port=1 queue=1 SPI=0x00002002 (exclusive owner)
TX lcore=1 port=0 queue=1 SPI=0x00002001 (exclusive owner)
TX lcore=16 port=1 queue=8 SPI=0x00002009 (exclusive owner)
TX lcore=3 port=0 queue=2 SPI=0x00002002 (exclusive owner)
TX lcore=11 port=0 queue=6 SPI=0x00002006 (exclusive owner)
TX port 0: 8309440.0 pps, 11966.0 MB/s
TX port 1: 8238016.0 pps, 11863.1 MB/s
TOTAL TX: 16547456.0 pps, 23829.1 MB/s | per-port avg: 8273728.0 pps, 11914.6 MB/s (2 ports)
TX port 0: 8451520.0 pps, 12170.6 MB/s
TX port 1: 8418688.0 pps, 12123.4 MB/s
TOTAL TX: 16870208.0 pps, 24294.0 MB/s | per-port avg: 8435104.0 pps, 12147.0 MB/s (2 ports)
TX port 0: 8450880.0 pps, 12169.7 MB/s
TX port 1: 8415360.0 pps, 12118.5 MB/s
TOTAL TX: 16866240.0 pps, 24288.2 MB/s | per-port avg: 8433120.0 pps, 12144.1 MB/s (2 ports)
TX port 0: 8454207.9 pps, 12174.5 MB/s
TX port 1: 8423871.9 pps, 12130.8 MB/s
TOTAL TX: 16878079.8 pps, 24305.2 MB/s | per-port avg: 8439039.9 pps, 12152.6 MB/s (2 ports)
TX port 0: 8452607.8 pps, 12172.2 MB/s
TX port 1: 8415103.8 pps, 12118.2 MB/s
TOTAL TX: 16867711.7 pps, 24290.3 MB/s | per-port avg: 8433855.8 pps, 12145.2 MB/s (2 ports)
TX port 0: 8457023.9 pps, 12178.5 MB/s
TX port 1: 8420415.9 pps, 12125.8 MB/s
TOTAL TX: 16877439.8 pps, 24304.3 MB/s | per-port avg: 8438719.9 pps, 12152.2 MB/s (2 ports)
TX port 0: 8450623.9 pps, 12169.3 MB/s
TX port 1: 8415167.9 pps, 12118.2 MB/s
TOTAL TX: 16865791.8 pps, 24287.6 MB/s | per-port avg: 8432895.9 pps, 12143.8 MB/s (2 ports)
TX port 0: 8438784.0 pps, 12152.3 MB/s
TX port 1: 8411328.0 pps, 12112.7 MB/s
TOTAL TX: 16850112.0 pps, 24265.0 MB/s | per-port avg: 8425056.0 pps, 12132.5 MB/s (2 ports)
TX port 0: 8454464.0 pps, 12174.8 MB/s
TX port 1: 8424896.0 pps, 12132.3 MB/s
TOTAL TX: 16879360.0 pps, 24307.1 MB/s | per-port avg: 8439680.0 pps, 12153.5 MB/s (2 ports)
TX port 0: 8454335.9 pps, 12174.7 MB/s
TX port 1: 8425215.9 pps, 12132.7 MB/s
TOTAL TX: 16879551.8 pps, 24307.4 MB/s | per-port avg: 8439775.9 pps, 12153.7 MB/s (2 ports)
TX port 0: 8454591.9 pps, 12175.0 MB/s
TX port 1: 8424895.9 pps, 12132.3 MB/s
TOTAL TX: 16879487.8 pps, 24307.3 MB/s | per-port avg: 8439743.9 pps, 12153.6 MB/s (2 ports)
TX port 0: 8444224.0 pps, 12160.1 MB/s
TX port 1: 8417280.0 pps, 12121.3 MB/s
TOTAL TX: 16861504.0 pps, 24281.4 MB/s | per-port avg: 8430752.0 pps, 12140.7 MB/s (2 ports)
TX port 0: 8449535.9 pps, 12167.7 MB/s
TX port 1: 8421759.9 pps, 12127.7 MB/s
TOTAL TX: 16871295.8 pps, 24295.5 MB/s | per-port avg: 8435647.9 pps, 12147.7 MB/s (2 ports)
TX port 0: 8452672.0 pps, 12172.3 MB/s
TX port 1: 8423936.0 pps, 12130.9 MB/s
TOTAL TX: 16876608.0 pps, 24303.1 MB/s | per-port avg: 8438304.0 pps, 12151.6 MB/s (2 ports)
TX port 0: 8451455.9 pps, 12170.5 MB/s
TX port 1: 8422911.9 pps, 12129.4 MB/s
TOTAL TX: 16874367.8 pps, 24299.9 MB/s | per-port avg: 8437183.9 pps, 12150.0 MB/s (2 ports)
TX port 0: 8435520.0 pps, 12147.6 MB/s
TX port 1: 8407104.0 pps, 12106.6 MB/s
TOTAL TX: 16842624.0 pps, 24254.2 MB/s | per-port avg: 8421312.0 pps, 12127.1 MB/s (2 ports)
TX port 0: 8450751.9 pps, 12169.5 MB/s
TX port 1: 8422207.9 pps, 12128.4 MB/s
TOTAL TX: 16872959.8 pps, 24297.9 MB/s | per-port avg: 8436479.9 pps, 12148.9 MB/s (2 ports)
TX port 0: 8451648.0 pps, 12170.8 MB/s
TX port 1: 8422464.0 pps, 12128.8 MB/s
TOTAL TX: 16874112.0 pps, 24299.5 MB/s | per-port avg: 8437056.0 pps, 12149.8 MB/s (2 ports)
TX port 0: 8451776.0 pps, 12171.0 MB/s
TX port 1: 8422656.0 pps, 12129.0 MB/s
TOTAL TX: 16874432.0 pps, 24300.0 MB/s | per-port avg: 8437216.0 pps, 12150.0 MB/s (2 ports)
TX port 0: 8455871.9 pps, 12176.9 MB/s
TX port 1: 8417471.9 pps, 12121.6 MB/s
TOTAL TX: 16873343.8 pps, 24298.4 MB/s | per-port avg: 8436671.9 pps, 12149.2 MB/s (2 ports)
TX port 0: 8444992.0 pps, 12161.2 MB/s
TX port 1: 8416320.0 pps, 12119.9 MB/s
TOTAL TX: 16861312.0 pps, 24281.1 MB/s | per-port avg: 8430656.0 pps, 12140.6 MB/s (2 ports)
TX port 0: 8446592.0 pps, 12163.5 MB/s
TX port 1: 8418880.0 pps, 12123.6 MB/s
TOTAL TX: 16865472.0 pps, 24287.1 MB/s | per-port avg: 8432736.0 pps, 12143.5 MB/s (2 ports)
TX port 0: 8446015.9 pps, 12162.7 MB/s
TX port 1: 8416767.9 pps, 12120.6 MB/s
TOTAL TX: 16862783.8 pps, 24283.2 MB/s | per-port avg: 8431391.9 pps, 12141.6 MB/s (2 ports)
TX port 0: 8438399.9 pps, 12151.7 MB/s
TX port 1: 8408767.9 pps, 12109.0 MB/s
TOTAL TX: 16847167.8 pps, 24260.7 MB/s | per-port avg: 8423583.9 pps, 12130.4 MB/s (2 ports)
TX port 0: 8447295.9 pps, 12164.5 MB/s
TX port 1: 8421119.9 pps, 12126.8 MB/s
TOTAL TX: 16868415.8 pps, 24291.3 MB/s | per-port avg: 8434207.9 pps, 12145.7 MB/s (2 ports)
TX port 0: 8450751.9 pps, 12169.5 MB/s
TX port 1: 8422143.9 pps, 12128.3 MB/s
TOTAL TX: 16872895.8 pps, 24297.8 MB/s | per-port avg: 8436447.9 pps, 12148.9 MB/s (2 ports)
TX port 0: 8450176.0 pps, 12168.7 MB/s
TX port 1: 8421824.0 pps, 12127.8 MB/s
TOTAL TX: 16872000.0 pps, 24296.5 MB/s | per-port avg: 8436000.0 pps, 12148.2 MB/s (2 ports)
TX port 0: 8447552.0 pps, 12164.9 MB/s
TX port 1: 8418624.0 pps, 12123.2 MB/s
TOTAL TX: 16866176.0 pps, 24288.1 MB/s | per-port avg: 8433088.0 pps, 12144.1 MB/s (2 ports)
TX port 0: 8451392.0 pps, 12170.4 MB/s
TX port 1: 8422272.0 pps, 12128.5 MB/s
TOTAL TX: 16873664.0 pps, 24298.9 MB/s | per-port avg: 8436832.0 pps, 12149.4 MB/s (2 ports)

Received signal 2, shutting down...
TX final lcore=11 port=0 generated=30621376 sent=30621376 partial_retries=0 shutdown_unsent=0
TX final lcore=6 port=1 generated=30525824 sent=30525824 partial_retries=0 shutdown_unsent=0
TX final lcore=4 port=1 generated=30504640 sent=30504640 partial_retries=0 shutdown_unsent=0
TX final lcore=1 port=0 generated=30719751 sent=30719744 partial_retries=0 shutdown_unsent=7
TX final lcore=14 port=1 generated=30718316 sent=30718272 partial_retries=0 shutdown_unsent=44

Received signal 2, shutting down...
TX final lcore=2 port=1 generated=30200896 sent=30200896 partial_retries=0 shutdown_unsent=0
TX final lcore=15 port=0 generated=30762496 sent=30762496 partial_retries=0 shutdown_unsent=0
TX final lcore=12 port=1 generated=30696614 sent=30696576 partial_retries=0 shutdown_unsent=38
TX final lcore=5 port=0 generated=30637775 sent=30637760 partial_retries=0 shutdown_unsent=15
TX final lcore=7 port=0 generated=30728491 sent=30728448 partial_retries=0 shutdown_unsent=43
TX final lcore=8 port=1 generated=30745146 sent=30745088 partial_retries=0 shutdown_unsent=58
TX final lcore=9 port=0 generated=30670194 sent=30670144 partial_retries=0 shutdown_unsent=50
TX final lcore=16 port=1 generated=30734394 sent=30734336 partial_retries=0 shutdown_unsent=58
TX final lcore=13 port=0 generated=30647718 sent=30647680 partial_retries=0 shutdown_unsent=38
TX final lcore=10 port=1 generated=30468608 sent=30468608 partial_retries=0 shutdown_unsent=0
TX final lcore=3 port=0 generated=30727424 sent=30727424 partial_retries=0 shutdown_unsent=0
Stopping all ports...
Stopping port 0...
Stopping port 1...
