EAL arguments (9): ./build/dpdk_esp_gen --file-prefix decap-isolate-sweep-1400-sabal1400b-static-tx -a 0000:82:00.0 -a 0000:82:00.1 -l 0-16 
EAL: Detected CPU lcores: 48
EAL: Detected NUMA nodes: 1
EAL: Detected shared linkage of DPDK
EAL: Multi-process socket /var/run/dpdk/decap-isolate-sweep-1400-sabal1400b-static-tx/mp_socket
EAL: Selected IOVA mode 'VA'
EAL: VFIO support initialized
EAL: Probe PCI driver: mlx5_pci (15b3:1021) device: 0000:82:00.0 (socket 0)
EAL: Probe PCI driver: mlx5_pci (15b3:1021) device: 0000:82:00.1 (socket 0)
TELEMETRY: No legacy callbacks, legacy socket not created
Available DPDK ports: 2
Main lcore: 0, TX workers: 16, RX workers: 0
Port 0 max_tx_queues=1024 reserved=1 data_capacity=1023
Port 1 max_tx_queues=1024 reserved=1 data_capacity=1023
Setting up 9 TX queues/port (8 data queues, main ARP, 0 RX ARP queues)
Setting up 0 RX queues/port
Port 0: MAC c4:70:bd:0f:b3:62
Port 1: MAC c4:70:bd:0f:b3:63
DPDK Simple Packet Gen
  UDP dest port: 3333
  TX ports: 2
  RX ports: 0

Per-TX-port addressing and MACs:
  Port  SrcMAC               SrcIP          DstIP          DstMAC
  0     c4:70:bd:0f:b3:62  172.16.1.20      172.16.1.128     58:a2:e1:53:19:d6
  1     c4:70:bd:0f:b3:63  172.16.2.20      172.16.2.128     58:a2:e1:53:19:d7
  Payload size: 1414 bytes (fixed)
  Total packet size: 1456 bytes
  TX workers: 16, RX workers: 0
  ESP outer flows: 8
  Rate: Throttled
  Throttle: 1400 rte_pause() calls per loop
  Batch size: 64
TX lcore=7 port=0 queue=4 SPI=0x00002004 (exclusive owner)
TX lcore=4 port=1 queue=2 SPI=0x00002003 (exclusive owner)
TX lcore=3 port=0 queue=2 SPI=0x00002002 (exclusive owner)
TX lcore=6 port=1 queue=3 SPI=0x00002004 (exclusive owner)
TX lcore=10 port=1 queue=5 SPI=0x00002006 (exclusive owner)
TX lcore=13 port=0 queue=7 SPI=0x00002007 (exclusive owner)
TX lcore=15 port=0 queue=8 SPI=0x00002008 (exclusive owner)
TX lcore=9 port=0 queue=5 SPI=0x00002005 (exclusive owner)
TX lcore=12 port=1 queue=6 SPI=0x00002007 (exclusive owner)
TX lcore=2 port=1 queue=1 SPI=0x00002002 (exclusive owner)
TX lcore=11 port=0 queue=6 SPI=0x00002006 (exclusive owner)
TX lcore=5 port=0 queue=3 SPI=0x00002003 (exclusive owner)
TX lcore=8 port=1 queue=4 SPI=0x00002005 (exclusive owner)
TX lcore=1 port=0 queue=1 SPI=0x00002001 (exclusive owner)
TX lcore=16 port=1 queue=8 SPI=0x00002009 (exclusive owner)
TX lcore=14 port=1 queue=7 SPI=0x00002008 (exclusive owner)
TX port 0: 8503936.0 pps, 12246.1 MB/s
TX port 1: 8469376.0 pps, 12196.3 MB/s
TOTAL TX: 16973312.0 pps, 24442.4 MB/s | per-port avg: 8486656.0 pps, 12221.2 MB/s (2 ports)
TX port 0: 8759231.9 pps, 12613.7 MB/s
TX port 1: 8735935.9 pps, 12580.2 MB/s
TOTAL TX: 17495167.8 pps, 25193.9 MB/s | per-port avg: 8747583.9 pps, 12596.9 MB/s (2 ports)
TX port 0: 8757696.0 pps, 12611.5 MB/s
TX port 1: 8732736.0 pps, 12575.6 MB/s
TOTAL TX: 17490432.0 pps, 25187.1 MB/s | per-port avg: 8745216.0 pps, 12593.5 MB/s (2 ports)
TX port 0: 8760767.9 pps, 12615.9 MB/s
TX port 1: 8733887.9 pps, 12577.2 MB/s
TOTAL TX: 17494655.8 pps, 25193.1 MB/s | per-port avg: 8747327.9 pps, 12596.6 MB/s (2 ports)
TX port 0: 8753664.0 pps, 12605.7 MB/s
TX port 1: 8725824.0 pps, 12565.6 MB/s
TOTAL TX: 17479488.0 pps, 25171.3 MB/s | per-port avg: 8739744.0 pps, 12585.7 MB/s (2 ports)
TX port 0: 8759936.0 pps, 12614.7 MB/s
TX port 1: 8732736.0 pps, 12575.6 MB/s
TOTAL TX: 17492672.0 pps, 25190.3 MB/s | per-port avg: 8746336.0 pps, 12595.1 MB/s (2 ports)
TX port 0: 8759103.9 pps, 12613.5 MB/s
TX port 1: 8731967.9 pps, 12574.5 MB/s
TOTAL TX: 17491071.8 pps, 25188.0 MB/s | per-port avg: 8745535.9 pps, 12594.0 MB/s (2 ports)
TX port 0: 8759359.9 pps, 12613.9 MB/s
TX port 1: 8732095.9 pps, 12574.6 MB/s
TOTAL TX: 17491455.8 pps, 25188.5 MB/s | per-port avg: 8745727.9 pps, 12594.3 MB/s (2 ports)
TX port 0: 8759360.0 pps, 12613.9 MB/s
TX port 1: 8731968.0 pps, 12574.5 MB/s
TOTAL TX: 17491328.0 pps, 25188.4 MB/s | per-port avg: 8745664.0 pps, 12594.2 MB/s (2 ports)
TX port 0: 8759231.9 pps, 12613.7 MB/s
TX port 1: 8732031.9 pps, 12574.5 MB/s
TOTAL TX: 17491263.8 pps, 25188.3 MB/s | per-port avg: 8745631.9 pps, 12594.1 MB/s (2 ports)
TX port 0: 8757568.0 pps, 12611.3 MB/s
TX port 1: 8730944.0 pps, 12573.0 MB/s
TOTAL TX: 17488512.0 pps, 25184.3 MB/s | per-port avg: 8744256.0 pps, 12592.2 MB/s (2 ports)
TX port 0: 8758399.9 pps, 12612.5 MB/s
TX port 1: 8731775.9 pps, 12574.2 MB/s
TOTAL TX: 17490175.8 pps, 25186.7 MB/s | per-port avg: 8745087.9 pps, 12593.3 MB/s (2 ports)
TX port 0: 8757440.0 pps, 12611.1 MB/s
TX port 1: 8730880.0 pps, 12572.9 MB/s
TOTAL TX: 17488320.0 pps, 25184.0 MB/s | per-port avg: 8744160.0 pps, 12592.0 MB/s (2 ports)
TX port 0: 8756543.9 pps, 12609.8 MB/s
TX port 1: 8730687.9 pps, 12572.6 MB/s
TOTAL TX: 17487231.8 pps, 25182.5 MB/s | per-port avg: 8743615.9 pps, 12591.2 MB/s (2 ports)
TX port 0: 8757823.9 pps, 12611.7 MB/s
TX port 1: 8731007.9 pps, 12573.1 MB/s
TOTAL TX: 17488831.8 pps, 25184.8 MB/s | per-port avg: 8744415.9 pps, 12592.4 MB/s (2 ports)
TX port 0: 8752256.0 pps, 12603.7 MB/s
TX port 1: 8724480.0 pps, 12563.7 MB/s
TOTAL TX: 17476736.0 pps, 25167.3 MB/s | per-port avg: 8738368.0 pps, 12583.7 MB/s (2 ports)
TX port 0: 8757695.9 pps, 12611.5 MB/s
TX port 1: 8732159.9 pps, 12574.7 MB/s
TOTAL TX: 17489855.8 pps, 25186.2 MB/s | per-port avg: 8744927.9 pps, 12593.1 MB/s (2 ports)
TX port 0: 8737856.0 pps, 12582.9 MB/s
TX port 1: 8715840.0 pps, 12551.2 MB/s
TOTAL TX: 17453696.0 pps, 25134.2 MB/s | per-port avg: 8726848.0 pps, 12567.1 MB/s (2 ports)
TX port 0: 8755519.9 pps, 12608.5 MB/s
TX port 1: 8729279.9 pps, 12570.6 MB/s
TOTAL TX: 17484799.8 pps, 25179.0 MB/s | per-port avg: 8742399.9 pps, 12589.5 MB/s (2 ports)
TX port 0: 8756287.9 pps, 12609.4 MB/s
TX port 1: 8729855.9 pps, 12571.4 MB/s
TOTAL TX: 17486143.8 pps, 25180.8 MB/s | per-port avg: 8743071.9 pps, 12590.4 MB/s (2 ports)
TX port 0: 8753408.0 pps, 12605.3 MB/s
TX port 1: 8726336.0 pps, 12566.3 MB/s
TOTAL TX: 17479744.0 pps, 25171.7 MB/s | per-port avg: 8739872.0 pps, 12585.8 MB/s (2 ports)
TX port 0: 8756224.0 pps, 12609.4 MB/s
TX port 1: 8729472.0 pps, 12570.9 MB/s
TOTAL TX: 17485696.0 pps, 25180.2 MB/s | per-port avg: 8742848.0 pps, 12590.1 MB/s (2 ports)
TX port 0: 8755839.9 pps, 12608.8 MB/s
TX port 1: 8727935.9 pps, 12568.6 MB/s
TOTAL TX: 17483775.8 pps, 25177.5 MB/s | per-port avg: 8741887.9 pps, 12588.7 MB/s (2 ports)
TX port 0: 8756223.9 pps, 12609.4 MB/s
TX port 1: 8729407.9 pps, 12570.8 MB/s
TOTAL TX: 17485631.8 pps, 25180.2 MB/s | per-port avg: 8742815.9 pps, 12590.1 MB/s (2 ports)
TX port 0: 8710272.0 pps, 12543.2 MB/s
TX port 1: 8716928.0 pps, 12552.8 MB/s
TOTAL TX: 17427200.0 pps, 25096.0 MB/s | per-port avg: 8713600.0 pps, 12548.0 MB/s (2 ports)
TX port 0: 8756864.0 pps, 12610.3 MB/s
TX port 1: 8731840.0 pps, 12574.3 MB/s
TOTAL TX: 17488704.0 pps, 25184.6 MB/s | per-port avg: 8744352.0 pps, 12592.3 MB/s (2 ports)
TX port 0: 8723711.9 pps, 12562.6 MB/s
TX port 1: 8710079.9 pps, 12542.9 MB/s
TOTAL TX: 17433791.8 pps, 25105.5 MB/s | per-port avg: 8716895.9 pps, 12552.8 MB/s (2 ports)
TX port 0: 8753983.9 pps, 12606.2 MB/s
TX port 1: 8732351.9 pps, 12575.0 MB/s
TOTAL TX: 17486335.8 pps, 25181.2 MB/s | per-port avg: 8743167.9 pps, 12590.6 MB/s (2 ports)
TX port 0: 8756288.0 pps, 12609.5 MB/s
TX port 1: 8734464.0 pps, 12578.0 MB/s
TOTAL TX: 17490752.0 pps, 25187.5 MB/s | per-port avg: 8745376.0 pps, 12593.8 MB/s (2 ports)

Received signal 2, shutting down...

Received signal 2, shutting down...
TX final lcore=5 port=0 generated=31653824 sent=31653824 partial_retries=0 shutdown_unsent=0
TX final lcore=14 port=1 generated=31691008 sent=31691008 partial_retries=0 shutdown_unsent=0
TX final lcore=15 port=0 generated=31755386 sent=31755328 partial_retries=0 shutdown_unsent=58
TX final lcore=1 port=0 generated=31763088 sent=31763072 partial_retries=0 shutdown_unsent=16
TX final lcore=11 port=0 generated=31750336 sent=31750336 partial_retries=0 shutdown_unsent=0
TX final lcore=9 port=0 generated=31731684 sent=31731648 partial_retries=0 shutdown_unsent=36
TX final lcore=16 port=1 generated=31672328 sent=31672320 partial_retries=0 shutdown_unsent=8
TX final lcore=2 port=1 generated=31744056 sent=31744000 partial_retries=0 shutdown_unsent=56
TX final lcore=4 port=1 generated=31756905 sent=31756864 partial_retries=0 shutdown_unsent=41
TX final lcore=8 port=1 generated=31663766 sent=31663744 partial_retries=0 shutdown_unsent=22
TX final lcore=3 port=0 generated=31697908 sent=31697856 partial_retries=0 shutdown_unsent=52
TX final lcore=12 port=1 generated=31732379 sent=31732352 partial_retries=0 shutdown_unsent=27
TX final lcore=7 port=0 generated=31734820 sent=31734784 partial_retries=0 shutdown_unsent=36
TX final lcore=10 port=1 generated=31508001 sent=31507968 partial_retries=0 shutdown_unsent=33
TX final lcore=13 port=0 generated=31666048 sent=31666048 partial_retries=0 shutdown_unsent=0
TX final lcore=6 port=1 generated=31264935 sent=31264896 partial_retries=0 shutdown_unsent=39
Stopping all ports...
Stopping port 0...
Stopping port 1...
