EAL arguments (9): ./build/dpdk_esp_gen --file-prefix decap-isolate-sweep1-7200-saone7200b-static-tx -a 0000:82:00.0 -a 0000:82:00.1 -l 0-16 
EAL: Detected CPU lcores: 48
EAL: Detected NUMA nodes: 1
EAL: Detected shared linkage of DPDK
EAL: Multi-process socket /var/run/dpdk/decap-isolate-sweep1-7200-saone7200b-static-tx/mp_socket
EAL: Selected IOVA mode 'VA'
EAL: VFIO support initialized
EAL: Probe PCI driver: mlx5_pci (15b3:1021) device: 0000:82:00.0 (socket 0)
EAL: Probe PCI driver: mlx5_pci (15b3:1021) device: 0000:82:00.1 (socket 0)
TELEMETRY: No legacy callbacks, legacy socket not created
Available DPDK ports: 2
Main lcore: 0, TX workers: 16, RX workers: 0
Port 0 max_tx_queues=1024 reserved=1 data_capacity=1023
Port 1 max_tx_queues=1024 reserved=1 data_capacity=1023
Setting up 9 TX queues/port (8 data queues, main ARP, 0 RX ARP queues)
Setting up 0 RX queues/port
Port 0: MAC c4:70:bd:0f:b3:62
Port 1: MAC c4:70:bd:0f:b3:63
DPDK Simple Packet Gen
  UDP dest port: 3333
  TX ports: 2
  RX ports: 0

Per-TX-port addressing and MACs:
  Port  SrcMAC               SrcIP          DstIP          DstMAC
  0     c4:70:bd:0f:b3:62  172.16.1.20      172.16.1.128     58:a2:e1:53:19:d6
  1     c4:70:bd:0f:b3:63  172.16.2.20      172.16.2.128     58:a2:e1:53:19:d7
  Payload size: 1414 bytes (fixed)
  Total packet size: 1456 bytes
  TX workers: 16, RX workers: 0
  ESP outer flows: 8
  Rate: Throttled
  Throttle: 7200 rte_pause() calls per loop
  Batch size: 64
TX lcore=9 port=0 queue=5 SPI=0x00002005 (exclusive owner)
TX lcore=1 port=0 queue=1 SPI=0x00002001 (exclusive owner)
TX lcore=7 port=0 queue=4 SPI=0x00002004 (exclusive owner)
TX lcore=6 port=1 queue=3 SPI=0x00002004 (exclusive owner)
TX lcore=3 port=0 queue=2 SPI=0x00002002 (exclusive owner)
TX lcore=11 port=0 queue=6 SPI=0x00002006 (exclusive owner)
TX lcore=5 port=0 queue=3 SPI=0x00002003 (exclusive owner)
TX lcore=13 port=0 queue=7 SPI=0x00002007 (exclusive owner)
TX lcore=4 port=1 queue=2 SPI=0x00002003 (exclusive owner)
TX lcore=8 port=1 queue=4 SPI=0x00002005 (exclusive owner)
TX lcore=12 port=1 queue=6 SPI=0x00002007 (exclusive owner)
TX lcore=14 port=1 queue=7 SPI=0x00002008 (exclusive owner)
TX lcore=15 port=0 queue=8 SPI=0x00002008 (exclusive owner)
TX lcore=10 port=1 queue=5 SPI=0x00002006 (exclusive owner)
TX lcore=16 port=1 queue=8 SPI=0x00002009 (exclusive owner)
TX lcore=2 port=1 queue=1 SPI=0x00002002 (exclusive owner)
TX port 0: 3339456.0 pps, 4809.0 MB/s
TX port 1: 3299136.0 pps, 4750.9 MB/s
TOTAL TX: 6638591.9 pps, 9559.9 MB/s | per-port avg: 3319296.0 pps, 4779.9 MB/s (2 ports)
TX port 0: 3350528.0 pps, 4824.9 MB/s
TX port 1: 3343104.0 pps, 4814.2 MB/s
TOTAL TX: 6693631.9 pps, 9639.2 MB/s | per-port avg: 3346816.0 pps, 4819.6 MB/s (2 ports)
TX port 0: 3350400.0 pps, 4824.8 MB/s
TX port 1: 3342784.0 pps, 4813.8 MB/s
TOTAL TX: 6693183.9 pps, 9638.6 MB/s | per-port avg: 3346592.0 pps, 4819.3 MB/s (2 ports)
TX port 0: 3350656.0 pps, 4825.0 MB/s
TX port 1: 3342912.0 pps, 4814.0 MB/s
TOTAL TX: 6693567.9 pps, 9639.0 MB/s | per-port avg: 3346784.0 pps, 4819.5 MB/s (2 ports)
TX port 0: 3350208.0 pps, 4824.5 MB/s
TX port 1: 3340800.0 pps, 4810.9 MB/s
TOTAL TX: 6691008.0 pps, 9635.4 MB/s | per-port avg: 3345504.0 pps, 4817.7 MB/s (2 ports)
TX port 0: 3350848.0 pps, 4825.4 MB/s
TX port 1: 3343168.0 pps, 4814.3 MB/s
TOTAL TX: 6694016.0 pps, 9639.7 MB/s | per-port avg: 3347008.0 pps, 4819.9 MB/s (2 ports)
TX port 0: 3350848.0 pps, 4825.4 MB/s
TX port 1: 3343168.0 pps, 4814.3 MB/s
TOTAL TX: 6694015.9 pps, 9639.7 MB/s | per-port avg: 3347008.0 pps, 4819.9 MB/s (2 ports)
TX port 0: 3350848.0 pps, 4825.4 MB/s
TX port 1: 3343040.0 pps, 4814.1 MB/s
TOTAL TX: 6693887.9 pps, 9639.5 MB/s | per-port avg: 3346944.0 pps, 4819.8 MB/s (2 ports)
TX port 0: 3350464.0 pps, 4824.8 MB/s
TX port 1: 3340480.0 pps, 4810.5 MB/s
TOTAL TX: 6690943.9 pps, 9635.3 MB/s | per-port avg: 3345472.0 pps, 4817.6 MB/s (2 ports)
TX port 0: 3350848.0 pps, 4825.4 MB/s
TX port 1: 3343360.0 pps, 4814.6 MB/s
TOTAL TX: 6694207.9 pps, 9640.0 MB/s | per-port avg: 3347104.0 pps, 4820.0 MB/s (2 ports)
TX port 0: 3351680.0 pps, 4826.6 MB/s
TX port 1: 3342144.0 pps, 4812.8 MB/s
TOTAL TX: 6693823.9 pps, 9639.4 MB/s | per-port avg: 3346912.0 pps, 4819.7 MB/s (2 ports)
TX port 0: 3351104.0 pps, 4825.8 MB/s
TX port 1: 3343232.0 pps, 4814.4 MB/s
TOTAL TX: 6694336.0 pps, 9640.2 MB/s | per-port avg: 3347168.0 pps, 4820.1 MB/s (2 ports)
TX port 0: 3350656.0 pps, 4825.1 MB/s
TX port 1: 3343040.0 pps, 4814.1 MB/s
TOTAL TX: 6693695.9 pps, 9639.2 MB/s | per-port avg: 3346848.0 pps, 4819.6 MB/s (2 ports)
TX port 0: 3351936.0 pps, 4826.9 MB/s
TX port 1: 3342400.0 pps, 4813.2 MB/s
TOTAL TX: 6694335.9 pps, 9640.2 MB/s | per-port avg: 3347168.0 pps, 4820.1 MB/s (2 ports)
TX port 0: 3351744.0 pps, 4826.7 MB/s
TX port 1: 3342272.0 pps, 4813.0 MB/s
TOTAL TX: 6694016.0 pps, 9639.7 MB/s | per-port avg: 3347008.0 pps, 4819.9 MB/s (2 ports)
TX port 0: 3350848.0 pps, 4825.4 MB/s
TX port 1: 3343616.0 pps, 4815.0 MB/s
TOTAL TX: 6694463.9 pps, 9640.4 MB/s | per-port avg: 3347232.0 pps, 4820.2 MB/s (2 ports)
TX port 0: 3350592.0 pps, 4825.0 MB/s
TX port 1: 3343104.0 pps, 4814.2 MB/s
TOTAL TX: 6693696.0 pps, 9639.2 MB/s | per-port avg: 3346848.0 pps, 4819.6 MB/s (2 ports)
TX port 0: 3350912.0 pps, 4825.5 MB/s
TX port 1: 3343552.0 pps, 4814.9 MB/s
TOTAL TX: 6694464.0 pps, 9640.4 MB/s | per-port avg: 3347232.0 pps, 4820.2 MB/s (2 ports)
TX port 0: 3347456.0 pps, 4820.5 MB/s
TX port 1: 3337280.0 pps, 4805.8 MB/s
TOTAL TX: 6684736.0 pps, 9626.3 MB/s | per-port avg: 3342368.0 pps, 4813.2 MB/s (2 ports)
TX port 0: 3351296.0 pps, 4826.0 MB/s
TX port 1: 3341824.0 pps, 4812.4 MB/s
TOTAL TX: 6693119.9 pps, 9638.4 MB/s | per-port avg: 3346560.0 pps, 4819.2 MB/s (2 ports)
TX port 0: 3351104.0 pps, 4825.8 MB/s
TX port 1: 3342208.0 pps, 4812.9 MB/s
TOTAL TX: 6693311.9 pps, 9638.7 MB/s | per-port avg: 3346656.0 pps, 4819.3 MB/s (2 ports)
TX port 0: 3347712.0 pps, 4820.9 MB/s
TX port 1: 3340736.0 pps, 4810.8 MB/s
TOTAL TX: 6688448.0 pps, 9631.7 MB/s | per-port avg: 3344224.0 pps, 4815.8 MB/s (2 ports)
TX port 0: 3350464.0 pps, 4824.8 MB/s
TX port 1: 3342528.0 pps, 4813.4 MB/s
TOTAL TX: 6692991.9 pps, 9638.2 MB/s | per-port avg: 3346496.0 pps, 4819.1 MB/s (2 ports)
TX port 0: 3350848.0 pps, 4825.4 MB/s
TX port 1: 3343296.0 pps, 4814.5 MB/s
TOTAL TX: 6694143.9 pps, 9639.9 MB/s | per-port avg: 3347072.0 pps, 4819.9 MB/s (2 ports)
TX port 0: 3349312.0 pps, 4823.3 MB/s
TX port 1: 3340800.0 pps, 4810.9 MB/s
TOTAL TX: 6690112.0 pps, 9634.2 MB/s | per-port avg: 3345056.0 pps, 4817.1 MB/s (2 ports)
TX port 0: 3350848.0 pps, 4825.3 MB/s
TX port 1: 3343040.0 pps, 4814.1 MB/s
TOTAL TX: 6693888.0 pps, 9639.4 MB/s | per-port avg: 3346944.0 pps, 4819.7 MB/s (2 ports)
TX port 0: 3350656.0 pps, 4825.1 MB/s
TX port 1: 3343040.0 pps, 4814.1 MB/s
TOTAL TX: 6693696.0 pps, 9639.2 MB/s | per-port avg: 3346848.0 pps, 4819.6 MB/s (2 ports)
TX port 0: 3350912.0 pps, 4825.5 MB/s
TX port 1: 3342912.0 pps, 4814.0 MB/s
TOTAL TX: 6693823.9 pps, 9639.4 MB/s | per-port avg: 3346912.0 pps, 4819.7 MB/s (2 ports)
TX port 0: 3350272.0 pps, 4824.6 MB/s
TX port 1: 3342144.0 pps, 4812.8 MB/s
TOTAL TX: 6692415.9 pps, 9637.4 MB/s | per-port avg: 3346208.0 pps, 4818.7 MB/s (2 ports)

Received signal 2, shutting down...

Received signal 2, shutting down...
TX final lcore=15 port=0 generated=12144256 sent=12144256 partial_retries=0 shutdown_unsent=0
TX final lcore=11 port=0 generated=12158784 sent=12158784 partial_retries=0 shutdown_unsent=0
TX final lcore=9 port=0 generated=12137216 sent=12137216 partial_retries=0 shutdown_unsent=0
TX final lcore=7 port=0 generated=12169600 sent=12169600 partial_retries=0 shutdown_unsent=0
TX final lcore=5 port=0 generated=12160384 sent=12160384 partial_retries=0 shutdown_unsent=0
TX final lcore=13 port=0 generated=12165696 sent=12165696 partial_retries=0 shutdown_unsent=0
TX final lcore=8 port=1 generated=12146432 sent=12146432 partial_retries=0 shutdown_unsent=0
TX final lcore=3 port=0 generated=12163648 sent=12163648 partial_retries=0 shutdown_unsent=0
TX final lcore=6 port=1 generated=12161280 sent=12161280 partial_retries=0 shutdown_unsent=0
TX final lcore=4 port=1 generated=11931840 sent=11931840 partial_retries=0 shutdown_unsent=0
TX final lcore=2 port=1 generated=12146624 sent=12146624 partial_retries=0 shutdown_unsent=0
TX final lcore=1 port=0 generated=12168512 sent=12168512 partial_retries=0 shutdown_unsent=0
TX final lcore=10 port=1 generated=12146024 sent=12145984 partial_retries=0 shutdown_unsent=40
TX final lcore=16 port=1 generated=12153676 sent=12153664 partial_retries=0 shutdown_unsent=12
TX final lcore=14 port=1 generated=12156735 sent=12156672 partial_retries=0 shutdown_unsent=63
TX final lcore=12 port=1 generated=12154519 sent=12154496 partial_retries=0 shutdown_unsent=23
Stopping all ports...
Stopping port 0...
Stopping port 1...
