EAL arguments (9): ./build/dpdk_esp_gen --file-prefix decap-isolate-sweep-1400-sabal1400-static-tx -a 0000:82:00.0 -a 0000:82:00.1 -l 0-16 
EAL: Detected CPU lcores: 48
EAL: Detected NUMA nodes: 1
EAL: Detected shared linkage of DPDK
EAL: Multi-process socket /var/run/dpdk/decap-isolate-sweep-1400-sabal1400-static-tx/mp_socket
EAL: Selected IOVA mode 'VA'
EAL: VFIO support initialized
EAL: Probe PCI driver: mlx5_pci (15b3:1021) device: 0000:82:00.0 (socket 0)
EAL: Probe PCI driver: mlx5_pci (15b3:1021) device: 0000:82:00.1 (socket 0)
TELEMETRY: No legacy callbacks, legacy socket not created
Available DPDK ports: 2
Main lcore: 0, TX workers: 16, RX workers: 0
Port 0 max_tx_queues=1024 reserved=1 data_capacity=1023
Port 1 max_tx_queues=1024 reserved=1 data_capacity=1023
Setting up 9 TX queues/port (8 data queues, main ARP, 0 RX ARP queues)
Setting up 0 RX queues/port
Port 0: MAC c4:70:bd:0f:b3:62
Port 1: MAC c4:70:bd:0f:b3:63
DPDK Simple Packet Gen
  UDP dest port: 3333
  TX ports: 2
  RX ports: 0

Per-TX-port addressing and MACs:
  Port  SrcMAC               SrcIP          DstIP          DstMAC
  0     c4:70:bd:0f:b3:62  172.16.1.20      172.16.1.128     58:a2:e1:53:19:d6
  1     c4:70:bd:0f:b3:63  172.16.2.20      172.16.2.128     58:a2:e1:53:19:d7
  Payload size: 1414 bytes (fixed)
  Total packet size: 1456 bytes
  TX workers: 16, RX workers: 0
  ESP outer flows: 8
  Rate: Throttled
  Throttle: 1400 rte_pause() calls per loop
  Batch size: 64
TX lcore=8 port=1 queue=4 SPI=0x00002005 (exclusive owner)
TX lcore=4 port=1 queue=2 SPI=0x00002003 (exclusive owner)
TX lcore=6 port=1 queue=3 SPI=0x00002004 (exclusive owner)
TX lcore=5 port=0 queue=3 SPI=0x00002003 (exclusive owner)
TX lcore=10 port=1 queue=5 SPI=0x00002006 (exclusive owner)
TX lcore=2 port=1 queue=1 SPI=0x00002002 (exclusive owner)
TX lcore=1 port=0 queue=1 SPI=0x00002001 (exclusive owner)
TX lcore=9 port=0 queue=5 SPI=0x00002005 (exclusive owner)
TX lcore=11 port=0 queue=6 SPI=0x00002006 (exclusive owner)
TX lcore=13 port=0 queue=7 SPI=0x00002007 (exclusive owner)
TX lcore=15 port=0 queue=8 SPI=0x00002008 (exclusive owner)
TX lcore=12 port=1 queue=6 SPI=0x00002007 (exclusive owner)
TX lcore=7 port=0 queue=4 SPI=0x00002004 (exclusive owner)
TX lcore=16 port=1 queue=8 SPI=0x00002009 (exclusive owner)
TX lcore=14 port=1 queue=7 SPI=0x00002008 (exclusive owner)
TX lcore=3 port=0 queue=2 SPI=0x00002002 (exclusive owner)
TX port 0: 8547712.0 pps, 12309.1 MB/s
TX port 1: 8588608.0 pps, 12368.0 MB/s
TOTAL TX: 17136320.0 pps, 24677.1 MB/s | per-port avg: 8568160.0 pps, 12338.6 MB/s (2 ports)
TX port 0: 8760639.9 pps, 12615.7 MB/s
TX port 1: 8740095.9 pps, 12586.3 MB/s
TOTAL TX: 17500735.8 pps, 25202.0 MB/s | per-port avg: 8750367.9 pps, 12601.0 MB/s (2 ports)
TX port 0: 8760704.0 pps, 12615.8 MB/s
TX port 1: 8739392.0 pps, 12585.1 MB/s
TOTAL TX: 17500096.0 pps, 25200.9 MB/s | per-port avg: 8750048.0 pps, 12600.4 MB/s (2 ports)
TX port 0: 8759103.9 pps, 12613.5 MB/s
TX port 1: 8737919.9 pps, 12583.0 MB/s
TOTAL TX: 17497023.8 pps, 25196.6 MB/s | per-port avg: 8748511.9 pps, 12598.3 MB/s (2 ports)
TX port 0: 8754688.0 pps, 12607.2 MB/s
TX port 1: 8735232.0 pps, 12579.2 MB/s
TOTAL TX: 17489920.0 pps, 25186.3 MB/s | per-port avg: 8744960.0 pps, 12593.2 MB/s (2 ports)
TX port 0: 8759167.9 pps, 12613.6 MB/s
TX port 1: 8742527.9 pps, 12589.7 MB/s
TOTAL TX: 17501695.8 pps, 25203.3 MB/s | per-port avg: 8750847.9 pps, 12601.6 MB/s (2 ports)
TX port 0: 8758848.0 pps, 12613.2 MB/s
TX port 1: 8742016.0 pps, 12588.9 MB/s
TOTAL TX: 17500864.0 pps, 25202.1 MB/s | per-port avg: 8750432.0 pps, 12601.0 MB/s (2 ports)
TX port 0: 8758656.0 pps, 12612.9 MB/s
TX port 1: 8741696.0 pps, 12588.5 MB/s
TOTAL TX: 17500352.0 pps, 25201.4 MB/s | per-port avg: 8750176.0 pps, 12600.7 MB/s (2 ports)
TX port 0: 8757055.9 pps, 12610.6 MB/s
TX port 1: 8740223.9 pps, 12586.3 MB/s
TOTAL TX: 17497279.8 pps, 25196.9 MB/s | per-port avg: 8748639.9 pps, 12598.5 MB/s (2 ports)
TX port 0: 8756415.9 pps, 12609.7 MB/s
TX port 1: 8740671.9 pps, 12587.0 MB/s
TOTAL TX: 17497087.8 pps, 25196.7 MB/s | per-port avg: 8748543.9 pps, 12598.3 MB/s (2 ports)
TX port 0: 8756096.0 pps, 12609.3 MB/s
TX port 1: 8740224.0 pps, 12586.3 MB/s
TOTAL TX: 17496320.0 pps, 25195.6 MB/s | per-port avg: 8748160.0 pps, 12597.8 MB/s (2 ports)
TX port 0: 8755584.0 pps, 12608.4 MB/s
TX port 1: 8740224.0 pps, 12586.3 MB/s
TOTAL TX: 17495808.0 pps, 25194.7 MB/s | per-port avg: 8747904.0 pps, 12597.4 MB/s (2 ports)
TX port 0: 8750207.9 pps, 12600.7 MB/s
TX port 1: 8744447.9 pps, 12592.4 MB/s
TOTAL TX: 17494655.8 pps, 25193.1 MB/s | per-port avg: 8747327.9 pps, 12596.6 MB/s (2 ports)
TX port 0: 8750272.0 pps, 12600.8 MB/s
TX port 1: 8744448.0 pps, 12592.4 MB/s
TOTAL TX: 17494720.0 pps, 25193.2 MB/s | per-port avg: 8747360.0 pps, 12596.6 MB/s (2 ports)
TX port 0: 8749951.9 pps, 12600.4 MB/s
TX port 1: 8743359.9 pps, 12590.9 MB/s
TOTAL TX: 17493311.8 pps, 25191.2 MB/s | per-port avg: 8746655.9 pps, 12595.6 MB/s (2 ports)
TX port 0: 8750272.0 pps, 12600.8 MB/s
TX port 1: 8745024.0 pps, 12593.3 MB/s
TOTAL TX: 17495296.0 pps, 25194.1 MB/s | per-port avg: 8747648.0 pps, 12597.0 MB/s (2 ports)
TX port 0: 8749439.9 pps, 12599.6 MB/s
TX port 1: 8743295.9 pps, 12590.8 MB/s
TOTAL TX: 17492735.8 pps, 25190.4 MB/s | per-port avg: 8746367.9 pps, 12595.2 MB/s (2 ports)
TX port 0: 8751360.0 pps, 12602.4 MB/s
TX port 1: 8739968.0 pps, 12586.0 MB/s
TOTAL TX: 17491328.0 pps, 25188.4 MB/s | per-port avg: 8745664.0 pps, 12594.2 MB/s (2 ports)
TX port 0: 8751935.9 pps, 12603.2 MB/s
TX port 1: 8734015.9 pps, 12577.4 MB/s
TOTAL TX: 17485951.8 pps, 25180.6 MB/s | per-port avg: 8742975.9 pps, 12590.3 MB/s (2 ports)
TX port 0: 8752063.9 pps, 12603.4 MB/s
TX port 1: 8740031.9 pps, 12586.1 MB/s
TOTAL TX: 17492095.8 pps, 25189.5 MB/s | per-port avg: 8746047.9 pps, 12594.7 MB/s (2 ports)
TX port 0: 8749631.9 pps, 12599.9 MB/s
TX port 1: 8743039.9 pps, 12590.4 MB/s
TOTAL TX: 17492671.8 pps, 25190.3 MB/s | per-port avg: 8746335.9 pps, 12595.1 MB/s (2 ports)
TX port 0: 8743935.9 pps, 12591.7 MB/s
TX port 1: 8732543.9 pps, 12575.3 MB/s
TOTAL TX: 17476479.8 pps, 25167.0 MB/s | per-port avg: 8738239.9 pps, 12583.5 MB/s (2 ports)
TX port 0: 8754560.0 pps, 12607.0 MB/s
TX port 1: 8734464.0 pps, 12578.0 MB/s
TOTAL TX: 17489024.0 pps, 25185.0 MB/s | per-port avg: 8744512.0 pps, 12592.5 MB/s (2 ports)
TX port 0: 8740224.0 pps, 12586.3 MB/s
TX port 1: 8721280.0 pps, 12559.2 MB/s
TOTAL TX: 17461504.0 pps, 25145.5 MB/s | per-port avg: 8730752.0 pps, 12572.7 MB/s (2 ports)
TX port 0: 8750976.0 pps, 12601.8 MB/s
TX port 1: 8735360.0 pps, 12579.2 MB/s
TOTAL TX: 17486336.0 pps, 25181.1 MB/s | per-port avg: 8743168.0 pps, 12590.5 MB/s (2 ports)
TX port 0: 8750784.0 pps, 12601.6 MB/s
TX port 1: 8744320.0 pps, 12592.2 MB/s
TOTAL TX: 17495104.0 pps, 25193.8 MB/s | per-port avg: 8747552.0 pps, 12596.9 MB/s (2 ports)
TX port 0: 8750528.0 pps, 12601.2 MB/s
TX port 1: 8744640.0 pps, 12592.7 MB/s
TOTAL TX: 17495168.0 pps, 25193.9 MB/s | per-port avg: 8747584.0 pps, 12596.9 MB/s (2 ports)
TX port 0: 8750975.9 pps, 12601.8 MB/s
TX port 1: 8742207.9 pps, 12589.2 MB/s
TOTAL TX: 17493183.8 pps, 25191.0 MB/s | per-port avg: 8746591.9 pps, 12595.5 MB/s (2 ports)
TX port 0: 8733567.9 pps, 12576.8 MB/s
TX port 1: 8724863.9 pps, 12564.2 MB/s
TOTAL TX: 17458431.8 pps, 25141.0 MB/s | per-port avg: 8729215.9 pps, 12570.5 MB/s (2 ports)

Received signal 2, shutting down...

Received signal 2, shutting down...
TX final lcore=11 port=0 generated=31753856 sent=31753856 partial_retries=0 shutdown_unsent=0
TX final lcore=1 port=0 generated=31812864 sent=31812864 partial_retries=0 shutdown_unsent=0
TX final lcore=7 port=0 generated=31674525 sent=31674496 partial_retries=0 shutdown_unsent=29
TX final lcore=6 port=1 generated=31760384 sent=31760384 partial_retries=0 shutdown_unsent=0
TX final lcore=16 port=1 generated=31765376 sent=31765376 partial_retries=0 shutdown_unsent=0
TX final lcore=5 port=0 generated=31765120 sent=31765120 partial_retries=0 shutdown_unsent=0
TX final lcore=10 port=1 generated=31747403 sent=31747392 partial_retries=0 shutdown_unsent=11
TX final lcore=14 port=1 generated=31638538 sent=31638528 partial_retries=0 shutdown_unsent=10
TX final lcore=13 port=0 generated=31783812 sent=31783808 partial_retries=0 shutdown_unsent=4
TX final lcore=4 port=1 generated=31655949 sent=31655936 partial_retries=0 shutdown_unsent=13
TX final lcore=3 port=0 generated=31736126 sent=31736064 partial_retries=0 shutdown_unsent=62
TX final lcore=12 port=1 generated=31688565 sent=31688512 partial_retries=0 shutdown_unsent=53
TX final lcore=9 port=0 generated=31792922 sent=31792896 partial_retries=0 shutdown_unsent=26
TX final lcore=8 port=1 generated=31703388 sent=31703360 partial_retries=0 shutdown_unsent=28
TX final lcore=2 port=1 generated=31812800 sent=31812800 partial_retries=0 shutdown_unsent=0
TX final lcore=15 port=0 generated=31784000 sent=31784000 partial_retries=0 shutdown_unsent=0
Stopping all ports...
Stopping port 0...
Stopping port 1...
